
> project-dhruv@1.0.0 test
> vitest --run


[1m[46m RUN [49m[22m [36mv4.0.13 [39m[90m/Users/abhijita/Documents/Project-Prahlada[39m

[90mstdout[2m | tests/components/MapBoxVisualTooltip.test.tsx
[22m[39mRunning tests/setup.ts

[90mstdout[2m | tests/components/HierarchyMindMapRendering.test.tsx
[22m[39mRunning tests/setup.ts

[90mstdout[2m | tests/integration/HierarchyMindMapStress.test.tsx
[22m[39mRunning tests/setup.ts

[90mstdout[2m | tests/components/HierarchyMindMapStress.test.tsx
[22m[39mRunning tests/setup.ts

[90mstdout[2m | tests/integration/MapMindmapSync.test.tsx
[22m[39mRunning tests/setup.ts

[90mstdout[2m | tests/visual-regression/snapshot-regression.test.tsx
[22m[39mRunning tests/setup.ts

[90mstdout[2m | tests/visual-regression/page-layouts.test.tsx
[22m[39mRunning tests/setup.ts

[90mstdout[2m | tests/integration/HierarchyConsistency.test.tsx
[22m[39mRunning tests/setup.ts

[90mstdout[2m | tests/pages/Analytics.test.tsx
[22m[39mRunning tests/setup.ts

[90mstderr[2m | tests/components/MapBoxVisualTooltip.test.tsx[2m > [22m[2mMapBoxVisual Tooltip Interaction[2m > [22m[2mshows tooltip on marker hover
[22m[39mWarning: Function components cannot be given refs. Attempts to access this ref will fail. Did you mean to use React.forwardRef()?

Check the render method of `MapBoxVisual`.
    at MockMap (/Users/abhijita/Documents/Project-Prahlada/tests/setup.ts:70:22)
    at div
    at MapBoxVisual (/Users/abhijita/Documents/Project-Prahlada/components/analytics/MapBoxVisual.tsx:29:3)
Warning: Received `true` for a non-boolean attribute `cluster`.

If you want to write it to the DOM, pass a string instead: cluster="true" or cluster={value.toString()}.
    at div
    at Source (/Users/abhijita/Documents/Project-Prahlada/tests/setup.ts:107:21)
    at div
    at MockMap (/Users/abhijita/Documents/Project-Prahlada/tests/setup.ts:70:22)
    at div
    at MapBoxVisual (/Users/abhijita/Documents/Project-Prahlada/components/analytics/MapBoxVisual.tsx:29:3)
Warning: React does not recognize the `clusterMaxZoom` prop on a DOM element. If you intentionally want it to appear in the DOM as a custom attribute, spell it as lowercase `clustermaxzoom` instead. If you accidentally passed it from a parent component, remove it from the DOM element.
    at div
    at Source (/Users/abhijita/Documents/Project-Prahlada/tests/setup.ts:107:21)
    at div
    at MockMap (/Users/abhijita/Documents/Project-Prahlada/tests/setup.ts:70:22)
    at div
    at MapBoxVisual (/Users/abhijita/Documents/Project-Prahlada/components/analytics/MapBoxVisual.tsx:29:3)
Warning: React does not recognize the `clusterRadius` prop on a DOM element. If you intentionally want it to appear in the DOM as a custom attribute, spell it as lowercase `clusterradius` instead. If you accidentally passed it from a parent component, remove it from the DOM element.
    at div
    at Source (/Users/abhijita/Documents/Project-Prahlada/tests/setup.ts:107:21)
    at div
    at MockMap (/Users/abhijita/Documents/Project-Prahlada/tests/setup.ts:70:22)
    at div
    at MapBoxVisual (/Users/abhijita/Documents/Project-Prahlada/components/analytics/MapBoxVisual.tsx:29:3)

 [31m×[39m tests/components/MapBoxVisualTooltip.test.tsx[2m > [22mMapBoxVisual Tooltip Interaction[2m > [22mshows tooltip on marker hover[33m 1164[2mms[22m[39m
[31m   → Unable to find an element with the text: /खरसिया/. This could be because the text is broken up by multiple elements. In this case, you can provide a function for your text matcher to make your matcher more flexible.

Ignored nodes: comments, script, style
[36m<body>[31m
  [36m<div>[31m
    [36m<div[31m
      [33mclass[31m=[32m"relative w-full h-full min-h-[500px] rounded-xl overflow-hidden border border-white/10 shadow-2xl transition-all duration-500 "[31m
      [33mdata-testid[31m=[32m"mapbox"[31m
    [36m>[31m
      [36m<div[31m
        [33mclass[31m=[32m"absolute inset-0 z-50 bg-[#0f172a] flex items-center justify-center"[31m
      [36m>[31m
        [36m<div[31m
          [33mclass[31m=[32m"text-center space-y-4"[31m
        [36m>[31m
          [36m<div>[31m
            [36m<svg[31m
              [33mclass[31m=[32m"text-[#8BF5E6] mx-auto"[31m
              [33mdata-testid[31m=[32m"icon-Loader2"[31m
              [33msize[31m=[32m"48"[31m
            [36m/>[31m
          [36m</div>[31m
          [36m<div[31m
            [33mclass[31m=[32m"text-sm text-slate-300 font-hindi"[31m
          [36m>[31m
            [0mमानचित्र लोड हो रहा है...[0m
          [36m</div>[31m
          [36m<div[31m
            [33mclass[31m=[32m"w-48 h-1 bg-gradient-to-r from-[#8BF5E6] via-purple-500 to-pink-500 rounded-full mx-auto"[31m
          [36m/>[31m
        [36m</div>[31m
      [36m</div>[31m
      [36m<div[31m
        [33mbearing[31m=[32m"0"[31m
        [33mdata-testid[31m=[32m"mock-map"[31m
        [33mlatitude[31m=[32m"21.25"[31m
        [33mlongitude[31m=[32m"82.15"[31m
        [33mpitch[31m=[32m"45"[31m
        [33mstyle[31m=[32m"width: 100%; height: 100%;"[31m
        [33mzoom[31m=[32m"7"[31m
      [36m>[31m
        [36m<div[31m
          [33mclustermaxzoom[31m=[32m"14"[31m
          [33mclusterradius[31m=[32m"50"[31m
          [33mdata[31m=[32m"[object Object]"[31m
          [33mdata-testid[31m=[32m"mock-map-source"[31m
          [33mid[31m=[32m"locations"[31m
          [33mtype[31m=[32m"geojson"[31m
        [36m>[31m
          [36m<div[31m
            [33mdata-testid[31m=[32m"mock-map-layer"[31m
            [33mfilter[31m=[32m"!,has,point_count"[31m
            [33mid[31m=[32m"unclustered-point"[31m
            [33mpaint[31m=[32m"[object Object]"[31m
            [33msource[31m=[32m"locations"[31m
            [33mtype[31m=[32m"circle"[31m
          [36m/>[31m
        [36m</div>[31m
        [36m<div[31m
          [33manchor[31m=[32m"bottom"[31m
          [33mdata-testid[31m=[32m"mock-map-marker"[31m
          [33mlatitude[31m=[32m"21.25"[31m
          [33mlongitude[31m=[32m"82.15"[31m
        [36m>[31m
          [36m<div[31m
            [33mclass[31m=[32m"cursor-pointer"[31m
          [36m>[31m
            [36m<div[31m
              [33mclass[31m=[32m"relative flex flex-col items-center"[31m
            [36m>[31m
              [36m<div[31m
                [33mclass[31m=[32m"absolute inset-0 rounded-full bg-[#8BF5E6]"[31m
              [36m/>[31m
              [36m<div[31m
                [33mclass[31m=[32m"relative z-10 w-8 h-8 rounded-full flex items-center justify-center shadow-lg border-2 border-white bg-[#8BF5E6] text-black"[31m
              [36m>[31m
                [36m<svg[31m
                  [33mdata-testid[31m=[32m"icon-MapPin"[31m
                  [33mfill[31m=[32m"currentColor"[31m
                  [33msize[31m=[32m"16"[31m
                [36m/>[31m
              [36m</div>[31m
            [36m</div>[31m
          [36m</div>[31m
        [36m</div>[31m
        [36m<div[31m
          [33mdata-testid[31m=[32m"mock-map-nav"[31m
          [33mposition[31m=[32m"top-right"[31m
        [36m/>[31m
        [36m<div[31m
          [33mdata-testid[31m=[32m"mock-map-scale"[31m
          [33mposition[31m=[32m"bottom-right"[31m
        [36m/>[31m
        [36m<div[31m
          [33mclass[31m=[32m"mapboxgl-ctrl-top-right"[31m
          [33mstyle[31m=[32m"margin-top: 100px; margin-right: 10px;"[31m
        [36m>[31m
          [36m<button[31m
            [33mclass[31m=[32m"mapboxgl-ctrl-icon bg-white text-black p-1 rounded shadow hover:bg-gray-100 transition-colors"[31m
            [33mtitle[31m=[32m"Enter Fullscreen"[31m
          [36m>[31m
            [36m<svg[31m
              [33mdata-testid[31m=[32m"icon-Maximize2"[31m
              [33msize[31m=[32m"16"[31m
            [36m/>[31m
          [36m</button>[31m
        [36m</div>[31m
        [36m<div[31m
          [33mclass[31m=[32m"absolute top-4 left-4 bg-black/60 backdrop-blur-md border border-white/10 rounded-lg p-3 space-y-2"[31m
        [36m>[31m
          [36m<div[31m
            [33mclass[31m=[32m"flex items-center gap-2 text-xs font-bold text-slate-200 font-hindi"[31m
          [36m>[31m
            [36m<svg[31m
              [33mclass[31m=[32m"text-[#8BF5E6]"[31m
              [33mdata-testid[31m=[32m"icon-MapPin"[31m
              [33msize[31m=[32m"14"[31m
            [36m/>[31m
            [0mरायगढ़ जिला कवरेज[0m
          [36m</div>[31m
          [36m<div[31m
            [33mclass[31m=[32m"text-[10px] text-slate-400"[31m
          [36m>[31m
            [0mकुल स्थान: [0m
            [0m1[0m
          [36m</div>[31m
          [36m<div[31m
            [33mclass[31m=[32m"flex gap-2 mt-2"[31m
          [36m>[31m
            [36m<button[31m
              [33mclass[31m=[32m"px-2 py-1 bg-white/10 hover:bg-white/20 rounded text-[10px] text-white transition-colors flex items-center gap-1"[31m
            [36m>[31m
              [36m<svg[31m
                [33mdata-testid[31m=[32m"icon-Layers"[31m
                [33msize[31m=[32m"12"[31m
              [36m/>[31m
              [0mSatellite[0m
            [36m</button>[31m
            [36m<button[31m
              [33mclass[31m=[32m"px-2 py-1 rounded text-[10px] text-white transition-colors bg-white/10 hover:bg-white/20"[31m
            [36m>[31m
              [0mCluster[0m
            [36m</button>[31m
          [36m</div>[31m
        [36m</div>[31m
        [36m<div[31m
          [33mclass[31m=[32m"absolute bottom-4 left-4 bg-black/60 backdrop-blur-md border border-white/10 rounded-lg p-3 space-y-2"[31m
        [36m>[31m
          [36m<div[31m
            [33mclass[31m=[32m"text-[10px] font-bold text-slate-200 mb-2 font-hindi"[31m
          [36m>[31m
            [0mकिंवदंती[0m
          [36m</div>[31m
          [36m<div[31m
            [33mclass[31m=[32m"flex items-center gap-2 text-[10px] text-slate-300"[31m
          [36m>[31m
            [36m<div[31m
              [33mclass[31m=[32m"w-3 h-3 rounded-full bg-[#8BF5E6]"[31m
            [36m/>[31m
            [36m<span[31m
              [33mclass[31m=[32m"font-hindi"[31m
            [36m>[31m
              [0mग्रामीण[0m
            [36m</span>[31m
          [36m</div>[31m
          [36m<div[31m
            [33mclass[31m=[32m"flex items-center gap-2 text-[10px] text-slate-300"[31m
          [36m>[31m
            [36m<div[31m
              [33mclass[31m=[32m"w-3 h-3 rounded-full bg-purple-600"[31m
            [36m/>[31m
            [36m<span[31m
              [33mclass[31m=[32m"font-hindi"[31m
            [36m>[31m
              [0mशहरी[0m
            [36m</span>[31m
          [36m</div>[31m
        [36m</div>[31m
      [36m</div>[31m
    [36m</div>[31m
  [36m</div>[31m
[36m</body>[31m

Ignored nodes: comments, script, style
[36m<html>[31m
  [36m<head />[31m
  [36m<body>[31m
    [36m<div>[31m
      [36m<div[31m
        [33mclass[31m=[32m"relative w-full h-full min-h-[500px] rounded-xl overflow-hidden border border-white/10 shadow-2xl transition-all duration-500 "[31m
        [33mdata-testid[31m=[32m"mapbox"[31m
      [36m>[31m
        [36m<div[31m
          [33mclass[31m=[32m"absolute inset-0 z-50 bg-[#0f172a] flex items-center justify-center"[31m
        [36m>[31m
          [36m<div[31m
            [33mclass[31m=[32m"text-center space-y-4"[31m
          [36m>[31m
            [36m<div>[31m
              [36m<svg[31m
                [33mclass[31m=[32m"text-[#8BF5E6] mx-auto"[31m
                [33mdata-testid[31m=[32m"icon-Loader2"[31m
                [33msize[31m=[32m"48"[31m
              [36m/>[31m
            [36m</div>[31m
            [36m<div[31m
              [33mclass[31m=[32m"text-sm text-slate-300 font-hindi"[31m
            [36m>[31m
              [0mमानचित्र लोड हो रहा है...[0m
            [36m</div>[31m
            [36m<div[31m
              [33mclass[31m=[32m"w-48 h-1 bg-gradient-to-r from-[#8BF5E6] via-purple-500 to-pink-500 rounded-full mx-auto"[31m
            [36m/>[31m
          [36m</div>[31m
        [36m</div>[31m
        [36m<div[31m
          [33mbearing[31m=[32m"0"[31m
          [33mdata-testid[31m=[32m"mock-map"[31m
          [33mlatitude[31m=[32m"21.25"[31m
          [33mlongitude[31m=[32m"82.15"[31m
          [33mpitch[31m=[32m"45"[31m
          [33mstyle[31m=[32m"width: 100%; height: 100%;"[31m
          [33mzoom[31m=[32m"7"[31m
        [36m>[31m
          [36m<div[31m
            [33mclustermaxzoom[31m=[32m"14"[31m
            [33mclusterradius[31m=[32m"50"[31m
            [33mdata[31m=[32m"[object Object]"[31m
            [33mdata-testid[31m=[32m"mock-map-source"[31m
            [33mid[31m=[32m"locations"[31m
            [33mtype[31m=[32m"geojson"[31m
          [36m>[31m
            [36m<div[31m
              [33mdata-testid[31m=[32m"mock-map-layer"[31m
              [33mfilter[31m=[32m"!,has,point_count"[31m
              [33mid[31m=[32m"unclustered-point"[31m
              [33mpaint[31m=[32m"[object Object]"[31m
              [33msource[31m=[32m"locations"[31m
              [33mtype[31m=[32m"circle"[31m
            [36m/>[31m
          [36m</div>[31m
          [36m<div[31m
            [33manchor[31m=[32m"bottom"[31m
            [33mdata-testid[31m=[32m"mock-map-marker"[31m
            [33mlatitude[31m=[32m"21.25"[31m
            [33mlongitude[31m=[32m"82.15"[31m
          [36m>[31m
            [36m<div[31m
              [33mclass[31m=[32m"cursor-pointer"[31m
            [36m>[31m
              [36m<div[31m
                [33mclass[31m=[32m"relative flex flex-col items-center"[31m
              [36m>[31m
                [36m<div[31m
                  [33mclass[31m=[32m"absolute inset-0 rounded-full bg-[#8BF5E6]"[31m
                [36m/>[31m
                [36m<div[31m
                  [33mclass[31m=[32m"relative z-10 w-8 h-8 rounded-full flex items-center justify-center shadow-lg border-2 border-white bg-[#8BF5E6] text-black"[31m
                [36m>[31m
                  [36m<svg[31m
                    [33mdata-testid[31m=[32m"icon-MapPin"[31m
                    [33mfill[31m=[32m"currentColor"[31m
                    [33msize[31m=[32m"16"[31m
                  [36m/>[31m
                [36m</div>[31m
              [36m</div>[31m
            [36m</div>[31m
          [36m</div>[31m
          [36m<div[31m
            [33mdata-testid[31m=[32m"mock-map-nav"[31m
            [33mposition[31m=[32m"top-right"[31m
          [36m/>[31m
          [36m<div[31m
            [33mdata-testid[31m=[32m"mock-map-scale"[31m
            [33mposition[31m=[32m"bottom-right"[31m
          [36m/>[31m
          [36m<div[31m
            [33mclass[31m=[32m"mapboxgl-ctrl-top-right"[31m
            [33mstyle[31m=[32m"margin-top: 100px; margin-right: 10px;"[31m
          [36m>[31m
            [36m<button[31m
              [33mclass[31m=[32m"mapboxgl-ctrl-icon bg-white text-black p-1 rounded shadow hover:bg-gray-100 transition-colors"[31m
              [33mtitle[31m=[32m"Enter Fullscreen"[31m
            [36m>[31m
              [36m<svg[31m
                [33mdata-testid[31m=[32m"icon-Maximize2"[31m
                [33msize[31m=[32m"16"[31m
              [36m/>[31m
            [36m</button>[31m
          [36m</div>[31m
          [36m<div[31m
            [33mclass[31m=[32m"absolute top-4 left-4 bg-black/60 backdrop-blur-md border border-white/10 rounded-lg p-3 space-y-2"[31m
          [36m>[31m
            [36m<div[31m
              [33mclass[31m=[32m"flex items-center gap-2 text-xs font-bold text-slate-200 font-hindi"[31m
            [36m>[31m
              [36m<svg[31m
                [33mclass[31m=[32m"text-[#8BF5E6]"[31m
                [33mdata-testid[31m=[32m"icon-MapPin"[31m
                [33msize[31m=[32m"14"[31m
              [36m/>[31m
              [0mरायगढ़ जिला कवरेज[0m
            [36m</div>[31m
            [36m<div[31m
              [33mclass[31m=[32m"text-[10px] text-slate-400"[31m
            [36m>[31m
              [0mकुल स्थान: [0m
              [0m1[0m
            [36m</div>[31m
            [36m<div[31m
              [33mclass[31m=[32m"flex gap-2 mt-2"[31m
            [36m>[31m
              [36m<button[31m
                [33mclass[31m=[32m"px-2 py-1 bg-white/10 hover:bg-white/20 rounded text-[10px] text-white transition-colors flex items-center gap-1"[31m
              [36m>[31m
                [36m<svg[31m
                  [33mdata-testid[31m=[32m"icon-Layers"[31m
                  [33msize[31m=[32m"12"[31m
                [36m/>[31m
                [0mSatellite[0m
              [36m</button>[31m
              [36m<button[31m
                [33mclass[31m=[32m"px-2 py-1 rounded text-[10px] text-white transition-colors bg-white/10 hover:bg-white/20"[31m
              [36m>[31m
                [0mCluster[0m
              [36m</button>[31m
            [36m</div>[31m
          [36m</div>[31m
          [36m<div[31m
            [33mclass[31m=[32m"absolute bottom-4 left-4 bg-black/60 backdrop-blur-md border border-white/10 rounded-lg p-3 space-y-2"[31m
          [36m>[31m
            [36m<div[31m
              [33mclass[31m=[32m"text-[10px] font-bold text-slate-200 mb-2 font-hindi"[31m
            [36m>[31m
              [0mकिंवदंती[0m
            [36m</div>[31m
            [36m<div[31m
              [33mclass[31m=[32m"flex items-center gap-2 text-[10px] text-slate-300"[31m
            [36m>[31m
              [36m<div[31m
                [33mclass[31m=[32m"w-3 h-3 rounded-full bg-[#8BF5E6]"[31m
              [36m/>[31m
              [36m<span[31m
                [33mclass[31m=[32m"font-hindi"[31m
              [36m>[31m
                [0mग्रामीण[0m
              [36m</span>[31m
            [36m</div>[31m
            [36m<div[31m
              [33mclass[31m=[32m"flex items-center gap-2 text-[10px] text-slate-300"[31m
            [36m>[31m
              [36m<div[31m
                [33mclass[31m=[32m"w-3 h-3 rounded-full bg-purple-600"[31m
              [36m/>[31m
              [36m<span[31m
                [33mclass[31m=[32m"font-hindi"[31m
              [36m>[31m
                [0mशहरी[0m
              [36m</span>[31m
            [36m</div>[31m
          [36m</div>[31m
        [36m</div>[31m
      [36m</div>[31m
    [36m</div>[31m
  [36m</body>[31m
[36m</html>[31m[39m
 [32m✓[39m tests/components/HierarchyMindMapStress.test.tsx[2m > [22mHierarchyMindMap Stress Test[2m > [22mrenders without crashing[32m 18[2mms[22m[39m
 [31m×[39m tests/components/HierarchyMindMapStress.test.tsx[2m > [22mHierarchyMindMap Stress Test[2m > [22mhandles static node list efficiently[32m 8[2mms[22m[39m
[31m   → expected 0 to be greater than 10[39m
 [32m✓[39m tests/integration/HierarchyMindMapStress.test.tsx[2m > [22mHierarchyMindMapStress[2m > [22mrenders static nodes quickly[32m 17[2mms[22m[39m
 [31m×[39m tests/integration/HierarchyMindMapStress.test.tsx[2m > [22mHierarchyMindMapStress[2m > [22mhandles node count (10+ nodes)[32m 15[2mms[22m[39m
[31m   → Unable to find an element with the text: /\(.*\)/. This could be because the text is broken up by multiple elements. In this case, you can provide a function for your text matcher to make your matcher more flexible.

Ignored nodes: comments, script, style
[36m<body>[31m
  [36m<div>[31m
    [36m<div[31m
      [33mclass[31m=[32m"flex items-center justify-center w-full h-full text-slate-500 font-hindi"[31m
    [36m>[31m
      [0mकोई पदानुक्रम डेटा उपलब्ध नहीं है।[0m
    [36m</div>[31m
  [36m</div>[31m
[36m</body>[31m[39m
 [31m×[39m tests/components/HierarchyMindMapRendering.test.tsx[2m > [22mHierarchyMindMap Rendering[2m > [22mrenders the container correctly[32m 26[2mms[22m[39m
[31m   → [2mexpect([22m[31melement[31m[2m).toHaveClass([22m[32m[32m"relative w-full h-full"[32m[31m[2m)[22m

Expected the element to have class:
[32m  relative w-full h-full[31m
Received:
[31m  flex items-center justify-center w-full h-full text-slate-500 font-hindi[31m[39m
 [31m×[39m tests/components/HierarchyMindMapRendering.test.tsx[2m > [22mHierarchyMindMap Rendering[2m > [22mrenders the root node (District)[32m 15[2mms[22m[39m
[31m   → Unable to find an element with the text: /रायगढ़/. This could be because the text is broken up by multiple elements. In this case, you can provide a function for your text matcher to make your matcher more flexible.

Ignored nodes: comments, script, style
[36m<body>[31m
  [36m<div>[31m
    [36m<div[31m
      [33mclass[31m=[32m"flex items-center justify-center w-full h-full text-slate-500 font-hindi"[31m
    [36m>[31m
      [0mकोई पदानुक्रम डेटा उपलब्ध नहीं है।[0m
    [36m</div>[31m
  [36m</div>[31m
[36m</body>[31m[39m
 [31m×[39m tests/components/HierarchyMindMapRendering.test.tsx[2m > [22mHierarchyMindMap Rendering[2m > [22mrenders secondary nodes (Assembly)[32m 3[2mms[22m[39m
[31m   → Unable to find an element with the text: /खरसिया/. This could be because the text is broken up by multiple elements. In this case, you can provide a function for your text matcher to make your matcher more flexible.

Ignored nodes: comments, script, style
[36m<body>[31m
  [36m<div>[31m
    [36m<div[31m
      [33mclass[31m=[32m"flex items-center justify-center w-full h-full text-slate-500 font-hindi"[31m
    [36m>[31m
      [0mकोई पदानुक्रम डेटा उपलब्ध नहीं है।[0m
    [36m</div>[31m
  [36m</div>[31m
[36m</body>[31m[39m
 [31m×[39m tests/components/HierarchyMindMapRendering.test.tsx[2m > [22mHierarchyMindMap Rendering[2m > [22mrenders leaf nodes (Villages/Wards)[32m 5[2mms[22m[39m
[31m   → Unable to find an element with the text: /ग्राम जोबी/. This could be because the text is broken up by multiple elements. In this case, you can provide a function for your text matcher to make your matcher more flexible.

Ignored nodes: comments, script, style
[36m<body>[31m
  [36m<div>[31m
    [36m<div[31m
      [33mclass[31m=[32m"flex items-center justify-center w-full h-full text-slate-500 font-hindi"[31m
    [36m>[31m
      [0mकोई पदानुक्रम डेटा उपलब्ध नहीं है।[0m
    [36m</div>[31m
  [36m</div>[31m
[36m</body>[31m[39m
 [31m×[39m tests/components/HierarchyMindMapRendering.test.tsx[2m > [22mHierarchyMindMap Rendering[2m > [22mdisplays the legend with correct Hindi labels[32m 4[2mms[22m[39m
[31m   → Unable to find an element with the text: जिला. This could be because the text is broken up by multiple elements. In this case, you can provide a function for your text matcher to make your matcher more flexible.

Ignored nodes: comments, script, style
[36m<body>[31m
  [36m<div>[31m
    [36m<div[31m
      [33mclass[31m=[32m"flex items-center justify-center w-full h-full text-slate-500 font-hindi"[31m
    [36m>[31m
      [0mकोई पदानुक्रम डेटा उपलब्ध नहीं है।[0m
    [36m</div>[31m
  [36m</div>[31m
[36m</body>[31m[39m
 [31m×[39m tests/components/HierarchyMindMapRendering.test.tsx[2m > [22mHierarchyMindMap Rendering[2m > [22mrenders connections between nodes[32m 1[2mms[22m[39m
[31m   → expected 0 to be greater than 0[39m
[90mstderr[2m | tests/visual-regression/page-layouts.test.tsx[2m > [22m[2mPage Layout Visual Regression[2m > [22m[2mHome Page Layout[2m > [22m[2mrenders main layout structure
[22m[39m⚠️ React Router Future Flag Warning: React Router will begin wrapping state updates in `React.startTransition` in v7. You can use the `v7_startTransition` future flag to opt-in early. For more information, see https://reactrouter.com/v6/upgrading/future#v7_starttransition.
⚠️ React Router Future Flag Warning: Relative route resolution within Splat routes is changing in v7. You can use the `v7_relativeSplatPath` future flag to opt-in early. For more information, see https://reactrouter.com/v6/upgrading/future#v7_relativesplatpath.

 [32m✓[39m tests/visual-regression/page-layouts.test.tsx[2m > [22mPage Layout Visual Regression[2m > [22mHome Page Layout[2m > [22mrenders main layout structure[32m 80[2mms[22m[39m
[90mstderr[2m | tests/visual-regression/page-layouts.test.tsx[2m > [22m[2mPage Layout Visual Regression[2m > [22m[2mAnalytics Page Layout[2m > [22m[2mrenders analytics dashboard structure
[22m[39mWarning: Function components cannot be given refs. Attempts to access this ref will fail. Did you mean to use React.forwardRef()?

Check the render method of `MapBoxVisual`.
    at MockMap (/Users/abhijita/Documents/Project-Prahlada/tests/setup.ts:70:22)
    at div
    at MapBoxVisual (/Users/abhijita/Documents/Project-Prahlada/components/analytics/MapBoxVisual.tsx:29:3)
    at div
    at div
    at div
    at div
    at /Users/abhijita/Documents/Project-Prahlada/tests/setup.ts:37:19
    at AnimatedGlassCard (/Users/abhijita/Documents/Project-Prahlada/components/AnimatedGlassCard.tsx:25:3)
    at div
    at div
    at /Users/abhijita/Documents/Project-Prahlada/tests/setup.ts:37:19
    at AnalyticsDashboard (/Users/abhijita/Documents/Project-Prahlada/pages/Analytics.tsx:44:75)
    at Router (/Users/abhijita/Documents/Project-Prahlada/node_modules/react-router/dist/umd/react-router.development.js:1207:17)
    at MemoryRouter (/Users/abhijita/Documents/Project-Prahlada/node_modules/react-router/dist/umd/react-router.development.js:1101:7)
Warning: Received `true` for a non-boolean attribute `cluster`.

If you want to write it to the DOM, pass a string instead: cluster="true" or cluster={value.toString()}.
    at div
    at Source (/Users/abhijita/Documents/Project-Prahlada/tests/setup.ts:107:21)
    at div
    at MockMap (/Users/abhijita/Documents/Project-Prahlada/tests/setup.ts:70:22)
    at div
    at MapBoxVisual (/Users/abhijita/Documents/Project-Prahlada/components/analytics/MapBoxVisual.tsx:29:3)
    at div
    at div
    at div
    at div
    at /Users/abhijita/Documents/Project-Prahlada/tests/setup.ts:37:19
    at AnimatedGlassCard (/Users/abhijita/Documents/Project-Prahlada/components/AnimatedGlassCard.tsx:25:3)
    at div
    at div
    at /Users/abhijita/Documents/Project-Prahlada/tests/setup.ts:37:19
    at AnalyticsDashboard (/Users/abhijita/Documents/Project-Prahlada/pages/Analytics.tsx:44:75)
    at Router (/Users/abhijita/Documents/Project-Prahlada/node_modules/react-router/dist/umd/react-router.development.js:1207:17)
    at MemoryRouter (/Users/abhijita/Documents/Project-Prahlada/node_modules/react-router/dist/umd/react-router.development.js:1101:7)
Warning: React does not recognize the `clusterMaxZoom` prop on a DOM element. If you intentionally want it to appear in the DOM as a custom attribute, spell it as lowercase `clustermaxzoom` instead. If you accidentally passed it from a parent component, remove it from the DOM element.
    at div
    at Source (/Users/abhijita/Documents/Project-Prahlada/tests/setup.ts:107:21)
    at div
    at MockMap (/Users/abhijita/Documents/Project-Prahlada/tests/setup.ts:70:22)
    at div
    at MapBoxVisual (/Users/abhijita/Documents/Project-Prahlada/components/analytics/MapBoxVisual.tsx:29:3)
    at div
    at div
    at div
    at div
    at /Users/abhijita/Documents/Project-Prahlada/tests/setup.ts:37:19
    at AnimatedGlassCard (/Users/abhijita/Documents/Project-Prahlada/components/AnimatedGlassCard.tsx:25:3)
    at div
    at div
    at /Users/abhijita/Documents/Project-Prahlada/tests/setup.ts:37:19
    at AnalyticsDashboard (/Users/abhijita/Documents/Project-Prahlada/pages/Analytics.tsx:44:75)
    at Router (/Users/abhijita/Documents/Project-Prahlada/node_modules/react-router/dist/umd/react-router.development.js:1207:17)
    at MemoryRouter (/Users/abhijita/Documents/Project-Prahlada/node_modules/react-router/dist/umd/react-router.development.js:1101:7)
Warning: React does not recognize the `clusterRadius` prop on a DOM element. If you intentionally want it to appear in the DOM as a custom attribute, spell it as lowercase `clusterradius` instead. If you accidentally passed it from a parent component, remove it from the DOM element.
    at div
    at Source (/Users/abhijita/Documents/Project-Prahlada/tests/setup.ts:107:21)
    at div
    at MockMap (/Users/abhijita/Documents/Project-Prahlada/tests/setup.ts:70:22)
    at div
    at MapBoxVisual (/Users/abhijita/Documents/Project-Prahlada/components/analytics/MapBoxVisual.tsx:29:3)
    at div
    at div
    at div
    at div
    at /Users/abhijita/Documents/Project-Prahlada/tests/setup.ts:37:19
    at AnimatedGlassCard (/Users/abhijita/Documents/Project-Prahlada/components/AnimatedGlassCard.tsx:25:3)
    at div
    at div
    at /Users/abhijita/Documents/Project-Prahlada/tests/setup.ts:37:19
    at AnalyticsDashboard (/Users/abhijita/Documents/Project-Prahlada/pages/Analytics.tsx:44:75)
    at Router (/Users/abhijita/Documents/Project-Prahlada/node_modules/react-router/dist/umd/react-router.development.js:1207:17)
    at MemoryRouter (/Users/abhijita/Documents/Project-Prahlada/node_modules/react-router/dist/umd/react-router.development.js:1101:7)

 [32m✓[39m tests/visual-regression/page-layouts.test.tsx[2m > [22mPage Layout Visual Regression[2m > [22mHome Page Layout[2m > [22mdisplays welcome content consistently[32m 124[2mms[22m[39m
 [32m✓[39m tests/visual-regression/page-layouts.test.tsx[2m > [22mPage Layout Visual Regression[2m > [22mAnalytics Page Layout[2m > [22mrenders analytics dashboard structure[33m 893[2mms[22m[39m
 [32m✓[39m tests/visual-regression/page-layouts.test.tsx[2m > [22mPage Layout Visual Regression[2m > [22mAnalytics Page Layout[2m > [22mincludes chart containers[32m 300[2mms[22m[39m
 [32m✓[39m tests/visual-regression/page-layouts.test.tsx[2m > [22mPage Layout Visual Regression[2m > [22mReview Page Layout[2m > [22mrenders review interface consistently[32m 3[2mms[22m[39m
[90mstderr[2m | tests/visual-regression/page-layouts.test.tsx
[22m[39mAPI Error { context: [32m'events'[39m } TypeError: fetch failed
[90m    at node:internal/deps/undici/undici:15845:13[39m
[90m    at processTicksAndRejections (node:internal/process/task_queues:103:5)[39m
    at fetchEvents [90m(/Users/abhijita/Documents/Project-Prahlada/[39mservices/api.ts:143:17[90m)[39m
    at loadTweets [90m(/Users/abhijita/Documents/Project-Prahlada/[39mpages/Home.tsx:33:22[90m)[39m {
  [cause]: AggregateError: 
  [90m    at internalConnectMultiple (node:net:1134:18)[39m
  [90m    at afterConnectMultiple (node:net:1715:7)[39m {
    code: [32m'ECONNREFUSED'[39m,
    [errors]: [ [36m[Error][39m, [36m[Error][39m ]
  }
}

[90mstderr[2m | tests/visual-regression/page-layouts.test.tsx
[22m[39mAPI Error { context: [32m'events'[39m } TypeError: fetch failed
[90m    at node:internal/deps/undici/undici:15845:13[39m
[90m    at processTicksAndRejections (node:internal/process/task_queues:103:5)[39m
    at fetchEvents [90m(/Users/abhijita/Documents/Project-Prahlada/[39mservices/api.ts:143:17[90m)[39m
    at loadTweets [90m(/Users/abhijita/Documents/Project-Prahlada/[39mpages/Home.tsx:33:22[90m)[39m {
  [cause]: AggregateError: 
  [90m    at internalConnectMultiple (node:net:1134:18)[39m
  [90m    at afterConnectMultiple (node:net:1715:7)[39m {
    code: [32m'ECONNREFUSED'[39m,
    [errors]: [ [36m[Error][39m, [36m[Error][39m ]
  }
}

[90mstderr[2m | tests/visual-regression/page-layouts.test.tsx
[22m[39mFailed to fetch events: TypeError: fetch failed
[90m    at node:internal/deps/undici/undici:15845:13[39m
[90m    at processTicksAndRejections (node:internal/process/task_queues:103:5)[39m
    at fetchEvents [90m(/Users/abhijita/Documents/Project-Prahlada/[39mpages/Review.tsx:81:26[90m)[39m {
  [cause]: AggregateError: 
  [90m    at internalConnectMultiple (node:net:1134:18)[39m
  [90m    at afterConnectMultiple (node:net:1715:7)[39m {
    code: [32m'ECONNREFUSED'[39m,
    [errors]: [ [36m[Error][39m, [36m[Error][39m ]
  }
}

[90mstderr[2m | tests/visual-regression/page-layouts.test.tsx
[22m[39mAPI Error { context: [32m'events'[39m } TypeError: fetch failed
[90m    at node:internal/deps/undici/undici:15845:13[39m
[90m    at processTicksAndRejections (node:internal/process/task_queues:103:5)[39m
    at fetchEvents [90m(/Users/abhijita/Documents/Project-Prahlada/[39mservices/api.ts:143:17[90m)[39m
    at loadTweets [90m(/Users/abhijita/Documents/Project-Prahlada/[39mpages/Home.tsx:33:22[90m)[39m {
  [cause]: AggregateError: 
  [90m    at internalConnectMultiple (node:net:1134:18)[39m
  [90m    at afterConnectMultiple (node:net:1715:7)[39m {
    code: [32m'ECONNREFUSED'[39m,
    [errors]: [ [36m[Error][39m, [36m[Error][39m ]
  }
}

[90mstderr[2m | tests/visual-regression/page-layouts.test.tsx
[22m[39mFailed to fetch events: TypeError: fetch failed
[90m    at node:internal/deps/undici/undici:15845:13[39m
[90m    at processTicksAndRejections (node:internal/process/task_queues:103:5)[39m
    at fetchEvents [90m(/Users/abhijita/Documents/Project-Prahlada/[39mpages/Review.tsx:81:26[90m)[39m {
  [cause]: AggregateError: 
  [90m    at internalConnectMultiple (node:net:1134:18)[39m
  [90m    at afterConnectMultiple (node:net:1715:7)[39m {
    code: [32m'ECONNREFUSED'[39m,
    [errors]: [ [36m[Error][39m, [36m[Error][39m ]
  }
}

[90mstderr[2m | tests/visual-regression/page-layouts.test.tsx
[22m[39mAPI Error { context: [32m'events'[39m } TypeError: fetch failed
[90m    at node:internal/deps/undici/undici:15845:13[39m
[90m    at processTicksAndRejections (node:internal/process/task_queues:103:5)[39m
    at fetchEvents [90m(/Users/abhijita/Documents/Project-Prahlada/[39mservices/api.ts:143:17[90m)[39m
    at loadTweets [90m(/Users/abhijita/Documents/Project-Prahlada/[39mpages/Home.tsx:33:22[90m)[39m {
  [cause]: AggregateError: 
  [90m    at internalConnectMultiple (node:net:1134:18)[39m
  [90m    at afterConnectMultiple (node:net:1715:7)[39m {
    code: [32m'ECONNREFUSED'[39m,
    [errors]: [ [36m[Error][39m, [36m[Error][39m ]
  }
}

 [32m✓[39m tests/visual-regression/page-layouts.test.tsx[2m > [22mPage Layout Visual Regression[2m > [22mCross-Page Layout Consistency[2m > [22mmaintains consistent navigation across pages[32m 298[2mms[22m[39m
 [32m✓[39m tests/visual-regression/page-layouts.test.tsx[2m > [22mPage Layout Visual Regression[2m > [22mCross-Page Layout Consistency[2m > [22mpreserves glass morphism theme[32m 6[2mms[22m[39m
[90mstderr[2m | tests/pages/Analytics.test.tsx[2m > [22m[2mAnalytics Page[2m > [22m[2mrenders the analytics dashboard sections
[22m[39m⚠️ React Router Future Flag Warning: React Router will begin wrapping state updates in `React.startTransition` in v7. You can use the `v7_startTransition` future flag to opt-in early. For more information, see https://reactrouter.com/v6/upgrading/future#v7_starttransition.
⚠️ React Router Future Flag Warning: Relative route resolution within Splat routes is changing in v7. You can use the `v7_relativeSplatPath` future flag to opt-in early. For more information, see https://reactrouter.com/v6/upgrading/future#v7_relativesplatpath.

 [32m✓[39m tests/pages/Analytics.test.tsx[2m > [22mAnalytics Page[2m > [22mrenders the analytics dashboard sections[33m 1525[2mms[22m[39m
 [32m✓[39m tests/pages/Analytics.test.tsx[2m > [22mAnalytics Page[2m > [22mrenders filter dropdowns[33m 314[2mms[22m[39m
 [32m✓[39m tests/pages/Analytics.test.tsx[2m > [22mAnalytics Page[2m > [22mrenders visualization components[33m 303[2mms[22m[39m
 [32m✓[39m tests/integration/MapMindmapSync.test.tsx[2m > [22mMapMindmapSync[2m > [22mhighlights map markers when mindmap node is selected[33m 1659[2mms[22m[39m
 [32m✓[39m tests/integration/MapMindmapSync.test.tsx[2m > [22mMapMindmapSync[2m > [22mfilters markers to show only selected subtree[33m 656[2mms[22m[39m
 [32m✓[39m tests/integration/MapMindmapSync.test.tsx[2m > [22mMapMindmapSync[2m > [22mmaintains sync across tab switches[33m 968[2mms[22m[39m
 [32m✓[39m tests/integration/MapMindmapSync.test.tsx[2m > [22mMapMindmapSync[2m > [22mclears selection when clicking elsewhere[33m 844[2mms[22m[39m
[90mstderr[2m | tests/visual-regression/snapshot-regression.test.tsx[2m > [22m[2mSnapshot Regression Tests[2m > [22m[2mHome Page Snapshots[2m > [22m[2mmaintains layout stability on mobile viewport (375x812)
[22m[39m⚠️ React Router Future Flag Warning: React Router will begin wrapping state updates in `React.startTransition` in v7. You can use the `v7_startTransition` future flag to opt-in early. For more information, see https://reactrouter.com/v6/upgrading/future#v7_starttransition.
⚠️ React Router Future Flag Warning: Relative route resolution within Splat routes is changing in v7. You can use the `v7_relativeSplatPath` future flag to opt-in early. For more information, see https://reactrouter.com/v6/upgrading/future#v7_relativesplatpath.

 [32m✓[39m tests/visual-regression/snapshot-regression.test.tsx[2m > [22mSnapshot Regression Tests[2m > [22mHome Page Snapshots[2m > [22mmaintains layout stability on mobile viewport (375x812)[32m 80[2mms[22m[39m
[90mstderr[2m | tests/visual-regression/snapshot-regression.test.tsx[2m > [22m[2mSnapshot Regression Tests[2m > [22m[2mAnalytics Page Snapshots[2m > [22m[2mpreserves chart layout on mobile viewport
[22m[39mWarning: Function components cannot be given refs. Attempts to access this ref will fail. Did you mean to use React.forwardRef()?

Check the render method of `MapBoxVisual`.
    at MockMap (/Users/abhijita/Documents/Project-Prahlada/tests/setup.ts:70:22)
    at div
    at MapBoxVisual (/Users/abhijita/Documents/Project-Prahlada/components/analytics/MapBoxVisual.tsx:29:3)
    at div
    at div
    at div
    at div
    at /Users/abhijita/Documents/Project-Prahlada/tests/setup.ts:37:19
    at AnimatedGlassCard (/Users/abhijita/Documents/Project-Prahlada/components/AnimatedGlassCard.tsx:25:3)
    at div
    at div
    at /Users/abhijita/Documents/Project-Prahlada/tests/setup.ts:37:19
    at AnalyticsDashboard (/Users/abhijita/Documents/Project-Prahlada/pages/Analytics.tsx:44:75)
    at Router (/Users/abhijita/Documents/Project-Prahlada/node_modules/react-router/dist/umd/react-router.development.js:1207:17)
    at MemoryRouter (/Users/abhijita/Documents/Project-Prahlada/node_modules/react-router/dist/umd/react-router.development.js:1101:7)
Warning: Received `true` for a non-boolean attribute `cluster`.

If you want to write it to the DOM, pass a string instead: cluster="true" or cluster={value.toString()}.
    at div
    at Source (/Users/abhijita/Documents/Project-Prahlada/tests/setup.ts:107:21)
    at div
    at MockMap (/Users/abhijita/Documents/Project-Prahlada/tests/setup.ts:70:22)
    at div
    at MapBoxVisual (/Users/abhijita/Documents/Project-Prahlada/components/analytics/MapBoxVisual.tsx:29:3)
    at div
    at div
    at div
    at div
    at /Users/abhijita/Documents/Project-Prahlada/tests/setup.ts:37:19
    at AnimatedGlassCard (/Users/abhijita/Documents/Project-Prahlada/components/AnimatedGlassCard.tsx:25:3)
    at div
    at div
    at /Users/abhijita/Documents/Project-Prahlada/tests/setup.ts:37:19
    at AnalyticsDashboard (/Users/abhijita/Documents/Project-Prahlada/pages/Analytics.tsx:44:75)
    at Router (/Users/abhijita/Documents/Project-Prahlada/node_modules/react-router/dist/umd/react-router.development.js:1207:17)
    at MemoryRouter (/Users/abhijita/Documents/Project-Prahlada/node_modules/react-router/dist/umd/react-router.development.js:1101:7)
Warning: React does not recognize the `clusterMaxZoom` prop on a DOM element. If you intentionally want it to appear in the DOM as a custom attribute, spell it as lowercase `clustermaxzoom` instead. If you accidentally passed it from a parent component, remove it from the DOM element.
    at div
    at Source (/Users/abhijita/Documents/Project-Prahlada/tests/setup.ts:107:21)
    at div
    at MockMap (/Users/abhijita/Documents/Project-Prahlada/tests/setup.ts:70:22)
    at div
    at MapBoxVisual (/Users/abhijita/Documents/Project-Prahlada/components/analytics/MapBoxVisual.tsx:29:3)
    at div
    at div
    at div
    at div
    at /Users/abhijita/Documents/Project-Prahlada/tests/setup.ts:37:19
    at AnimatedGlassCard (/Users/abhijita/Documents/Project-Prahlada/components/AnimatedGlassCard.tsx:25:3)
    at div
    at div
    at /Users/abhijita/Documents/Project-Prahlada/tests/setup.ts:37:19
    at AnalyticsDashboard (/Users/abhijita/Documents/Project-Prahlada/pages/Analytics.tsx:44:75)
    at Router (/Users/abhijita/Documents/Project-Prahlada/node_modules/react-router/dist/umd/react-router.development.js:1207:17)
    at MemoryRouter (/Users/abhijita/Documents/Project-Prahlada/node_modules/react-router/dist/umd/react-router.development.js:1101:7)
Warning: React does not recognize the `clusterRadius` prop on a DOM element. If you intentionally want it to appear in the DOM as a custom attribute, spell it as lowercase `clusterradius` instead. If you accidentally passed it from a parent component, remove it from the DOM element.
    at div
    at Source (/Users/abhijita/Documents/Project-Prahlada/tests/setup.ts:107:21)
    at div
    at MockMap (/Users/abhijita/Documents/Project-Prahlada/tests/setup.ts:70:22)
    at div
    at MapBoxVisual (/Users/abhijita/Documents/Project-Prahlada/components/analytics/MapBoxVisual.tsx:29:3)
    at div
    at div
    at div
    at div
    at /Users/abhijita/Documents/Project-Prahlada/tests/setup.ts:37:19
    at AnimatedGlassCard (/Users/abhijita/Documents/Project-Prahlada/components/AnimatedGlassCard.tsx:25:3)
    at div
    at div
    at /Users/abhijita/Documents/Project-Prahlada/tests/setup.ts:37:19
    at AnalyticsDashboard (/Users/abhijita/Documents/Project-Prahlada/pages/Analytics.tsx:44:75)
    at Router (/Users/abhijita/Documents/Project-Prahlada/node_modules/react-router/dist/umd/react-router.development.js:1207:17)
    at MemoryRouter (/Users/abhijita/Documents/Project-Prahlada/node_modules/react-router/dist/umd/react-router.development.js:1101:7)

 [32m✓[39m tests/visual-regression/snapshot-regression.test.tsx[2m > [22mSnapshot Regression Tests[2m > [22mHome Page Snapshots[2m > [22mmaintains layout stability on tablet viewport (768x1024)[32m 27[2mms[22m[39m
 [32m✓[39m tests/visual-regression/snapshot-regression.test.tsx[2m > [22mSnapshot Regression Tests[2m > [22mHome Page Snapshots[2m > [22mmaintains layout stability on desktop viewport (1440x900)[32m 24[2mms[22m[39m
 [32m✓[39m tests/visual-regression/snapshot-regression.test.tsx[2m > [22mSnapshot Regression Tests[2m > [22mHome Page Snapshots[2m > [22mmaintains layout stability on ultrawide viewport (2560x1440)[32m 19[2mms[22m[39m
 [32m✓[39m tests/visual-regression/snapshot-regression.test.tsx[2m > [22mSnapshot Regression Tests[2m > [22mAnalytics Page Snapshots[2m > [22mpreserves chart layout on mobile viewport[33m 949[2mms[22m[39m
 [32m✓[39m tests/visual-regression/snapshot-regression.test.tsx[2m > [22mSnapshot Regression Tests[2m > [22mAnalytics Page Snapshots[2m > [22mpreserves chart layout on tablet viewport[33m 304[2mms[22m[39m
 [32m✓[39m tests/visual-regression/snapshot-regression.test.tsx[2m > [22mSnapshot Regression Tests[2m > [22mAnalytics Page Snapshots[2m > [22mpreserves chart layout on desktop viewport[32m 288[2mms[22m[39m
 [32m✓[39m tests/visual-regression/snapshot-regression.test.tsx[2m > [22mSnapshot Regression Tests[2m > [22mAnalytics Page Snapshots[2m > [22mpreserves chart layout on ultrawide viewport[32m 217[2mms[22m[39m
 [32m✓[39m tests/visual-regression/snapshot-regression.test.tsx[2m > [22mSnapshot Regression Tests[2m > [22mReview Page Snapshots[2m > [22mmaintains card spacing on mobile viewport[32m 2[2mms[22m[39m
 [32m✓[39m tests/visual-regression/snapshot-regression.test.tsx[2m > [22mSnapshot Regression Tests[2m > [22mReview Page Snapshots[2m > [22mmaintains card spacing on tablet viewport[32m 1[2mms[22m[39m
 [32m✓[39m tests/visual-regression/snapshot-regression.test.tsx[2m > [22mSnapshot Regression Tests[2m > [22mReview Page Snapshots[2m > [22mmaintains card spacing on desktop viewport[32m 0[2mms[22m[39m
 [32m✓[39m tests/visual-regression/snapshot-regression.test.tsx[2m > [22mSnapshot Regression Tests[2m > [22mReview Page Snapshots[2m > [22mmaintains card spacing on ultrawide viewport[32m 0[2mms[22m[39m
 [32m✓[39m tests/visual-regression/snapshot-regression.test.tsx[2m > [22mSnapshot Regression Tests[2m > [22mLayout Drift Detection[2m > [22mprevents card spacing drift below भू-मानचित्रण section[33m 554[2mms[22m[39m
 [32m✓[39m tests/visual-regression/snapshot-regression.test.tsx[2m > [22mSnapshot Regression Tests[2m > [22mLayout Drift Detection[2m > [22mmaintains header centering across viewports[32m 127[2mms[22m[39m
 [32m✓[39m tests/visual-regression/snapshot-regression.test.tsx[2m > [22mSnapshot Regression Tests[2m > [22mNavigation Tab Consistency[2m > [22mmaintains tab layout across all pages[33m 448[2mms[22m[39m
[90mstderr[2m | tests/visual-regression/snapshot-regression.test.tsx
[22m[39mAPI Error { context: [32m'events'[39m } TypeError: fetch failed
[90m    at node:internal/deps/undici/undici:15845:13[39m
[90m    at processTicksAndRejections (node:internal/process/task_queues:103:5)[39m
    at fetchEvents [90m(/Users/abhijita/Documents/Project-Prahlada/[39mservices/api.ts:143:17[90m)[39m
    at loadTweets [90m(/Users/abhijita/Documents/Project-Prahlada/[39mpages/Home.tsx:33:22[90m)[39m {
  [cause]: AggregateError: 
  [90m    at internalConnectMultiple (node:net:1134:18)[39m
  [90m    at afterConnectMultiple (node:net:1715:7)[39m {
    code: [32m'ECONNREFUSED'[39m,
    [errors]: [ [36m[Error][39m, [36m[Error][39m ]
  }
}

[90mstderr[2m | tests/visual-regression/snapshot-regression.test.tsx
[22m[39mAPI Error { context: [32m'events'[39m } TypeError: fetch failed
[90m    at node:internal/deps/undici/undici:15845:13[39m
[90m    at processTicksAndRejections (node:internal/process/task_queues:103:5)[39m
    at fetchEvents [90m(/Users/abhijita/Documents/Project-Prahlada/[39mservices/api.ts:143:17[90m)[39m
    at loadTweets [90m(/Users/abhijita/Documents/Project-Prahlada/[39mpages/Home.tsx:33:22[90m)[39m {
  [cause]: AggregateError: 
  [90m    at internalConnectMultiple (node:net:1134:18)[39m
  [90m    at afterConnectMultiple (node:net:1715:7)[39m {
    code: [32m'ECONNREFUSED'[39m,
    [errors]: [ [36m[Error][39m, [36m[Error][39m ]
  }
}

[90mstderr[2m | tests/visual-regression/snapshot-regression.test.tsx
[22m[39mAPI Error { context: [32m'events'[39m } TypeError: fetch failed
[90m    at node:internal/deps/undici/undici:15845:13[39m
[90m    at processTicksAndRejections (node:internal/process/task_queues:103:5)[39m
    at fetchEvents [90m(/Users/abhijita/Documents/Project-Prahlada/[39mservices/api.ts:143:17[90m)[39m
    at loadTweets [90m(/Users/abhijita/Documents/Project-Prahlada/[39mpages/Home.tsx:33:22[90m)[39m {
  [cause]: AggregateError: 
  [90m    at internalConnectMultiple (node:net:1134:18)[39m
  [90m    at afterConnectMultiple (node:net:1715:7)[39m {
    code: [32m'ECONNREFUSED'[39m,
    [errors]: [ [36m[Error][39m, [36m[Error][39m ]
  }
}

[90mstderr[2m | tests/visual-regression/snapshot-regression.test.tsx
[22m[39mAPI Error { context: [32m'events'[39m } TypeError: fetch failed
[90m    at node:internal/deps/undici/undici:15845:13[39m
[90m    at processTicksAndRejections (node:internal/process/task_queues:103:5)[39m
    at fetchEvents [90m(/Users/abhijita/Documents/Project-Prahlada/[39mservices/api.ts:143:17[90m)[39m
    at loadTweets [90m(/Users/abhijita/Documents/Project-Prahlada/[39mpages/Home.tsx:33:22[90m)[39m {
  [cause]: AggregateError: 
  [90m    at internalConnectMultiple (node:net:1134:18)[39m
  [90m    at afterConnectMultiple (node:net:1715:7)[39m {
    code: [32m'ECONNREFUSED'[39m,
    [errors]: [ [36m[Error][39m, [36m[Error][39m ]
  }
}

[90mstderr[2m | tests/visual-regression/snapshot-regression.test.tsx
[22m[39mFailed to fetch events: TypeError: fetch failed
[90m    at node:internal/deps/undici/undici:15845:13[39m
[90m    at processTicksAndRejections (node:internal/process/task_queues:103:5)[39m
    at fetchEvents [90m(/Users/abhijita/Documents/Project-Prahlada/[39mpages/Review.tsx:81:26[90m)[39m {
  [cause]: AggregateError: 
  [90m    at internalConnectMultiple (node:net:1134:18)[39m
  [90m    at afterConnectMultiple (node:net:1715:7)[39m {
    code: [32m'ECONNREFUSED'[39m,
    [errors]: [ [36m[Error][39m, [36m[Error][39m ]
  }
}

[90mstderr[2m | tests/visual-regression/snapshot-regression.test.tsx
[22m[39mFailed to fetch events: TypeError: fetch failed
[90m    at node:internal/deps/undici/undici:15845:13[39m
[90m    at processTicksAndRejections (node:internal/process/task_queues:103:5)[39m
    at fetchEvents [90m(/Users/abhijita/Documents/Project-Prahlada/[39mpages/Review.tsx:81:26[90m)[39m {
  [cause]: AggregateError: 
  [90m    at internalConnectMultiple (node:net:1134:18)[39m
  [90m    at afterConnectMultiple (node:net:1715:7)[39m {
    code: [32m'ECONNREFUSED'[39m,
    [errors]: [ [36m[Error][39m, [36m[Error][39m ]
  }
}

[90mstderr[2m | tests/visual-regression/snapshot-regression.test.tsx
[22m[39mFailed to fetch events: TypeError: fetch failed
[90m    at node:internal/deps/undici/undici:15845:13[39m
[90m    at processTicksAndRejections (node:internal/process/task_queues:103:5)[39m
    at fetchEvents [90m(/Users/abhijita/Documents/Project-Prahlada/[39mpages/Review.tsx:81:26[90m)[39m {
  [cause]: AggregateError: 
  [90m    at internalConnectMultiple (node:net:1134:18)[39m
  [90m    at afterConnectMultiple (node:net:1715:7)[39m {
    code: [32m'ECONNREFUSED'[39m,
    [errors]: [ [36m[Error][39m, [36m[Error][39m ]
  }
}

[90mstderr[2m | tests/visual-regression/snapshot-regression.test.tsx
[22m[39mFailed to fetch events: TypeError: fetch failed
[90m    at node:internal/deps/undici/undici:15845:13[39m
[90m    at processTicksAndRejections (node:internal/process/task_queues:103:5)[39m
    at fetchEvents [90m(/Users/abhijita/Documents/Project-Prahlada/[39mpages/Review.tsx:81:26[90m)[39m {
  [cause]: AggregateError: 
  [90m    at internalConnectMultiple (node:net:1134:18)[39m
  [90m    at afterConnectMultiple (node:net:1715:7)[39m {
    code: [32m'ECONNREFUSED'[39m,
    [errors]: [ [36m[Error][39m, [36m[Error][39m ]
  }
}

[90mstderr[2m | tests/visual-regression/snapshot-regression.test.tsx
[22m[39mAPI Error { context: [32m'events'[39m } TypeError: fetch failed
[90m    at node:internal/deps/undici/undici:15845:13[39m
[90m    at processTicksAndRejections (node:internal/process/task_queues:103:5)[39m
    at fetchEvents [90m(/Users/abhijita/Documents/Project-Prahlada/[39mservices/api.ts:143:17[90m)[39m
    at loadTweets [90m(/Users/abhijita/Documents/Project-Prahlada/[39mpages/Home.tsx:33:22[90m)[39m {
  [cause]: AggregateError: 
  [90m    at internalConnectMultiple (node:net:1134:18)[39m
  [90m    at afterConnectMultiple (node:net:1715:7)[39m {
    code: [32m'ECONNREFUSED'[39m,
    [errors]: [ [36m[Error][39m, [36m[Error][39m ]
  }
}

[90mstderr[2m | tests/visual-regression/snapshot-regression.test.tsx
[22m[39mAPI Error { context: [32m'events'[39m } TypeError: fetch failed
[90m    at node:internal/deps/undici/undici:15845:13[39m
[90m    at processTicksAndRejections (node:internal/process/task_queues:103:5)[39m
    at fetchEvents [90m(/Users/abhijita/Documents/Project-Prahlada/[39mservices/api.ts:143:17[90m)[39m
    at loadTweets [90m(/Users/abhijita/Documents/Project-Prahlada/[39mpages/Home.tsx:33:22[90m)[39m {
  [cause]: AggregateError: 
  [90m    at internalConnectMultiple (node:net:1134:18)[39m
  [90m    at afterConnectMultiple (node:net:1715:7)[39m {
    code: [32m'ECONNREFUSED'[39m,
    [errors]: [ [36m[Error][39m, [36m[Error][39m ]
  }
}

[90mstderr[2m | tests/visual-regression/snapshot-regression.test.tsx
[22m[39mAPI Error { context: [32m'events'[39m } TypeError: fetch failed
[90m    at node:internal/deps/undici/undici:15845:13[39m
[90m    at processTicksAndRejections (node:internal/process/task_queues:103:5)[39m
    at fetchEvents [90m(/Users/abhijita/Documents/Project-Prahlada/[39mservices/api.ts:143:17[90m)[39m
    at loadTweets [90m(/Users/abhijita/Documents/Project-Prahlada/[39mpages/Home.tsx:33:22[90m)[39m {
  [cause]: AggregateError: 
  [90m    at internalConnectMultiple (node:net:1134:18)[39m
  [90m    at afterConnectMultiple (node:net:1715:7)[39m {
    code: [32m'ECONNREFUSED'[39m,
    [errors]: [ [36m[Error][39m, [36m[Error][39m ]
  }
}

[90mstderr[2m | tests/visual-regression/snapshot-regression.test.tsx
[22m[39mAPI Error { context: [32m'events'[39m } TypeError: fetch failed
[90m    at node:internal/deps/undici/undici:15845:13[39m
[90m    at processTicksAndRejections (node:internal/process/task_queues:103:5)[39m
    at fetchEvents [90m(/Users/abhijita/Documents/Project-Prahlada/[39mservices/api.ts:143:17[90m)[39m
    at loadTweets [90m(/Users/abhijita/Documents/Project-Prahlada/[39mpages/Home.tsx:33:22[90m)[39m {
  [cause]: AggregateError: 
  [90m    at internalConnectMultiple (node:net:1134:18)[39m
  [90m    at afterConnectMultiple (node:net:1715:7)[39m {
    code: [32m'ECONNREFUSED'[39m,
    [errors]: [ [36m[Error][39m, [36m[Error][39m ]
  }
}

[90mstderr[2m | tests/visual-regression/snapshot-regression.test.tsx
[22m[39mAPI Error { context: [32m'events'[39m } TypeError: fetch failed
[90m    at node:internal/deps/undici/undici:15845:13[39m
[90m    at processTicksAndRejections (node:internal/process/task_queues:103:5)[39m
    at fetchEvents [90m(/Users/abhijita/Documents/Project-Prahlada/[39mservices/api.ts:143:17[90m)[39m
    at loadTweets [90m(/Users/abhijita/Documents/Project-Prahlada/[39mpages/Home.tsx:33:22[90m)[39m {
  [cause]: AggregateError: 
  [90m    at internalConnectMultiple (node:net:1134:18)[39m
  [90m    at afterConnectMultiple (node:net:1715:7)[39m {
    code: [32m'ECONNREFUSED'[39m,
    [errors]: [ [36m[Error][39m, [36m[Error][39m ]
  }
}

[90mstderr[2m | tests/visual-regression/snapshot-regression.test.tsx
[22m[39mFailed to fetch events: TypeError: fetch failed
[90m    at node:internal/deps/undici/undici:15845:13[39m
[90m    at processTicksAndRejections (node:internal/process/task_queues:103:5)[39m
    at fetchEvents [90m(/Users/abhijita/Documents/Project-Prahlada/[39mpages/Review.tsx:81:26[90m)[39m {
  [cause]: AggregateError: 
  [90m    at internalConnectMultiple (node:net:1134:18)[39m
  [90m    at afterConnectMultiple (node:net:1715:7)[39m {
    code: [32m'ECONNREFUSED'[39m,
    [errors]: [ [36m[Error][39m, [36m[Error][39m ]
  }
}

[90mstderr[2m | tests/visual-regression/snapshot-regression.test.tsx
[22m[39mAPI Error { context: [32m'events'[39m } TypeError: fetch failed
[90m    at node:internal/deps/undici/undici:15845:13[39m
[90m    at processTicksAndRejections (node:internal/process/task_queues:103:5)[39m
    at fetchEvents [90m(/Users/abhijita/Documents/Project-Prahlada/[39mservices/api.ts:143:17[90m)[39m
    at loadTweets [90m(/Users/abhijita/Documents/Project-Prahlada/[39mpages/Home.tsx:33:22[90m)[39m {
  [cause]: AggregateError: 
  [90m    at internalConnectMultiple (node:net:1134:18)[39m
  [90m    at afterConnectMultiple (node:net:1715:7)[39m {
    code: [32m'ECONNREFUSED'[39m,
    [errors]: [ [36m[Error][39m, [36m[Error][39m ]
  }
}

[90mstderr[2m | tests/visual-regression/snapshot-regression.test.tsx
[22m[39mAPI Error { context: [32m'events'[39m } TypeError: fetch failed
[90m    at node:internal/deps/undici/undici:15845:13[39m
[90m    at processTicksAndRejections (node:internal/process/task_queues:103:5)[39m
    at fetchEvents [90m(/Users/abhijita/Documents/Project-Prahlada/[39mservices/api.ts:143:17[90m)[39m
    at loadTweets [90m(/Users/abhijita/Documents/Project-Prahlada/[39mpages/Home.tsx:33:22[90m)[39m {
  [cause]: AggregateError: 
  [90m    at internalConnectMultiple (node:net:1134:18)[39m
  [90m    at afterConnectMultiple (node:net:1715:7)[39m {
    code: [32m'ECONNREFUSED'[39m,
    [errors]: [ [36m[Error][39m, [36m[Error][39m ]
  }
}

 [32m✓[39m tests/visual-regression/snapshot-regression.test.tsx[2m > [22mSnapshot Regression Tests[2m > [22mNavigation Tab Consistency[2m > [22mpreserves active tab visual state[33m 350[2mms[22m[39m
 [32m✓[39m tests/visual-regression/snapshot-regression.test.tsx[2m > [22mSnapshot Regression Tests[2m > [22mGlassmorphism Visual Consistency[2m > [22mmaintains glass effects across components[32m 3[2mms[22m[39m
 [32m✓[39m tests/visual-regression/snapshot-regression.test.tsx[2m > [22mSnapshot Regression Tests[2m > [22mGlassmorphism Visual Consistency[2m > [22mpreserves backdrop blur effects[32m 1[2mms[22m[39m
 [32m✓[39m tests/visual-regression/snapshot-regression.test.tsx[2m > [22mSnapshot Regression Tests[2m > [22mTypography Scale Consistency[2m > [22mmaintains font size hierarchy[32m 5[2mms[22m[39m
 [32m✓[39m tests/visual-regression/snapshot-regression.test.tsx[2m > [22mSnapshot Regression Tests[2m > [22mTypography Scale Consistency[2m > [22mpreserves Hindi text rendering[32m 2[2mms[22m[39m
 [32m✓[39m tests/integration/HierarchyConsistency.test.tsx[2m > [22mHierarchy Consistency Integration[2m > [22mvisit counts in mindmap match analytics summary[33m 1162[2mms[22m[39m
 [32m✓[39m tests/integration/HierarchyConsistency.test.tsx[2m > [22mHierarchy Consistency Integration[2m > [22mdistrict level count matches sum of constituency visits[33m 450[2mms[22m[39m
 [32m✓[39m tests/integration/HierarchyConsistency.test.tsx[2m > [22mHierarchy Consistency Integration[2m > [22mmaintains consistent visit counts across tab switches[32m 244[2mms[22m[39m
 [32m✓[39m tests/integration/HierarchyConsistency.test.tsx[2m > [22mHierarchy Consistency Integration[2m > [22mnode labels contain correct visit counts[33m 399[2mms[22m[39m
[90mstdout[2m | tests/pages/Overview.test.tsx
[22m[39mRunning tests/setup.ts

[90mstdout[2m | tests/visual-regression/hindi-font-rendering.test.tsx
[22m[39mRunning tests/setup.ts

[90mstdout[2m | tests/mindmap/visit-count-consistency.test.tsx
[22m[39mRunning tests/setup.ts

[90mstdout[2m | tests/e2e/CrossPage.test.tsx
[22m[39mRunning tests/setup.ts

[90mstdout[2m | tests/animation/input-latency.test.tsx
[22m[39mRunning tests/setup.ts

[90mstdout[2m | tests/components/HindiTypography.test.tsx
[22m[39mRunning tests/setup.ts

[90mstdout[2m | tests/mindmap/node-stress-test.test.tsx
[22m[39mRunning tests/setup.ts

[90mstdout[2m | tests/integration/SemanticSearchHindiMapping.test.tsx
[22m[39mRunning tests/setup.ts

[90mstdout[2m | tests/mindmap/a11y-fallback.test.tsx
[22m[39mRunning tests/setup.ts

 [32m✓[39m tests/visual-regression/hindi-font-rendering.test.tsx[2m > [22mHindi Font Rendering & Clipping[2m > [22mButton Text Rendering[2m > [22mrenders complex Hindi ligatures in buttons without clipping[32m 280[2mms[22m[39m
 [32m✓[39m tests/visual-regression/hindi-font-rendering.test.tsx[2m > [22mHindi Font Rendering & Clipping[2m > [22mButton Text Rendering[2m > [22mhandles matra combinations in button text[32m 10[2mms[22m[39m
 [32m✓[39m tests/visual-regression/hindi-font-rendering.test.tsx[2m > [22mHindi Font Rendering & Clipping[2m > [22mButton Text Rendering[2m > [22mmaintains button aspect ratio with long Hindi text[32m 10[2mms[22m[39m
 [32m✓[39m tests/visual-regression/hindi-font-rendering.test.tsx[2m > [22mHindi Font Rendering & Clipping[2m > [22mCard Title Rendering[2m > [22mrenders Hindi titles in glass cards without vertical clipping[32m 10[2mms[22m[39m
 [32m✓[39m tests/visual-regression/hindi-font-rendering.test.tsx[2m > [22mHindi Font Rendering & Clipping[2m > [22mCard Title Rendering[2m > [22mhandles complex ligatures in card headers[32m 4[2mms[22m[39m
 [32m✓[39m tests/visual-regression/hindi-font-rendering.test.tsx[2m > [22mHindi Font Rendering & Clipping[2m > [22mTable Header Rendering[2m > [22mrenders Hindi headers in data tables[32m 11[2mms[22m[39m
 [32m✓[39m tests/visual-regression/hindi-font-rendering.test.tsx[2m > [22mHindi Font Rendering & Clipping[2m > [22mTable Header Rendering[2m > [22mmaintains table layout with Hindi headers[32m 39[2mms[22m[39m
 [32m✓[39m tests/visual-regression/hindi-font-rendering.test.tsx[2m > [22mHindi Font Rendering & Clipping[2m > [22mGlyph Integrity Checks[2m > [22mpreserves all Devanagari glyphs[32m 5[2mms[22m[39m
 [32m✓[39m tests/visual-regression/hindi-font-rendering.test.tsx[2m > [22mHindi Font Rendering & Clipping[2m > [22mGlyph Integrity Checks[2m > [22mhandles conjunct consonants correctly[32m 5[2mms[22m[39m
 [32m✓[39m tests/visual-regression/hindi-font-rendering.test.tsx[2m > [22mHindi Font Rendering & Clipping[2m > [22mGlyph Integrity Checks[2m > [22mrenders vowel matras properly[32m 2[2mms[22m[39m
[90mstderr[2m | tests/animation/input-latency.test.tsx[2m > [22m[2mInput Latency (INP) - Target: < 50ms on mid-tier profile[2m > [22m[2mTab Click Response Time[2m > [22m[2mresponds to tab clicks within 50ms
[22m[39m⚠️ React Router Future Flag Warning: React Router will begin wrapping state updates in `React.startTransition` in v7. You can use the `v7_startTransition` future flag to opt-in early. For more information, see https://reactrouter.com/v6/upgrading/future#v7_starttransition.
⚠️ React Router Future Flag Warning: Relative route resolution within Splat routes is changing in v7. You can use the `v7_relativeSplatPath` future flag to opt-in early. For more information, see https://reactrouter.com/v6/upgrading/future#v7_relativesplatpath.

 [32m✓[39m tests/animation/input-latency.test.tsx[2m > [22mInput Latency (INP) - Target: < 50ms on mid-tier profile[2m > [22mTab Click Response Time[2m > [22mresponds to tab clicks within 50ms[33m 360[2mms[22m[39m
 [32m✓[39m tests/animation/input-latency.test.tsx[2m > [22mInput Latency (INP) - Target: < 50ms on mid-tier profile[2m > [22mTab Click Response Time[2m > [22mmaintains low latency during animations[32m 7[2mms[22m[39m
 [32m✓[39m tests/animation/input-latency.test.tsx[2m > [22mInput Latency (INP) - Target: < 50ms on mid-tier profile[2m > [22mApprove/Reject Button Response[2m > [22mhandles approve/reject clicks with minimal delay[32m 6[2mms[22m[39m
 [32m✓[39m tests/animation/input-latency.test.tsx[2m > [22mInput Latency (INP) - Target: < 50ms on mid-tier profile[2m > [22mApprove/Reject Button Response[2m > [22mmaintains responsiveness under load[32m 64[2mms[22m[39m
 [32m✓[39m tests/animation/input-latency.test.tsx[2m > [22mInput Latency (INP) - Target: < 50ms on mid-tier profile[2m > [22mForm Input Responsiveness[2m > [22mprovides immediate feedback for text input[32m 7[2mms[22m[39m
 [32m✓[39m tests/animation/input-latency.test.tsx[2m > [22mInput Latency (INP) - Target: < 50ms on mid-tier profile[2m > [22mForm Input Responsiveness[2m > [22mhandles select dropdown changes quickly[32m 19[2mms[22m[39m
 [32m✓[39m tests/animation/input-latency.test.tsx[2m > [22mInput Latency (INP) - Target: < 50ms on mid-tier profile[2m > [22mAnimation State Changes[2m > [22mtransitions smoothly between animation states[32m 5[2mms[22m[39m
 [32m✓[39m tests/animation/input-latency.test.tsx[2m > [22mInput Latency (INP) - Target: < 50ms on mid-tier profile[2m > [22mAnimation State Changes[2m > [22mqueues rapid state changes efficiently[32m 6[2mms[22m[39m
 [32m✓[39m tests/animation/input-latency.test.tsx[2m > [22mInput Latency (INP) - Target: < 50ms on mid-tier profile[2m > [22mTouch and Mobile Interactions[2m > [22mresponds quickly to touch events[32m 2[2mms[22m[39m
 [32m✓[39m tests/animation/input-latency.test.tsx[2m > [22mInput Latency (INP) - Target: < 50ms on mid-tier profile[2m > [22mTouch and Mobile Interactions[2m > [22mhandles gesture-based interactions[32m 1[2mms[22m[39m
 [32m✓[39m tests/animation/input-latency.test.tsx[2m > [22mInput Latency (INP) - Target: < 50ms on mid-tier profile[2m > [22mPerformance Under Load[2m > [22mmaintains responsiveness with background tasks[32m 1[2mms[22m[39m
 [32m✓[39m tests/animation/input-latency.test.tsx[2m > [22mInput Latency (INP) - Target: < 50ms on mid-tier profile[2m > [22mPerformance Under Load[2m > [22mhandles concurrent user interactions[32m 7[2mms[22m[39m
 [32m✓[39m tests/integration/SemanticSearchHindiMapping.test.tsx[2m > [22mSemanticSearchHindiMapping Integration[2m > [22msends Hindi query and displays semantically mapped results[33m 887[2mms[22m[39m
 [32m✓[39m tests/integration/SemanticSearchHindiMapping.test.tsx[2m > [22mSemanticSearchHindiMapping Integration[2m > [22mdisplays location-based results for Hindi queries[33m 536[2mms[22m[39m
 [32m✓[39m tests/integration/SemanticSearchHindiMapping.test.tsx[2m > [22mSemanticSearchHindiMapping Integration[2m > [22mhandles empty query without making API calls[33m 584[2mms[22m[39m
 [32m✓[39m tests/components/HindiTypography.test.tsx[2m > [22mHindi Typography & String Audit[2m > [22mcontains valid Hindi labels in Analytics Dashboard[33m 1522[2mms[22m[39m
 [32m✓[39m tests/components/HindiTypography.test.tsx[2m > [22mHindi Typography & String Audit[2m > [22mdoes not contain untranslated English placeholders[33m 608[2mms[22m[39m
 [32m✓[39m tests/components/HindiTypography.test.tsx[2m > [22mHindi Typography & String Audit[2m > [22mrenders numbers mixed with Hindi correctly (RTL/LTR mix)[32m 220[2mms[22m[39m
[90mstdout[2m | tests/visual-regression/glassmorphism-contrast.test.tsx
[22m[39mRunning tests/setup.ts

 [32m✓[39m tests/mindmap/node-stress-test.test.tsx[2m > [22mD3 HierarchyMindMap - Node Stress Test[2m > [22mLarge Hierarchy Performance[2m > [22mrenders 500 nodes within acceptable time[32m 201[2mms[22m[39m
[90mstderr[2m | tests/mindmap/node-stress-test.test.tsx[2m > [22m[2mD3 HierarchyMindMap - Node Stress Test[2m > [22m[2mInteractive Performance with Large Datasets[2m > [22m[2mmaintains hover responsiveness on 200+ nodes
[22m[39mWarning: An update to HierarchyMindMap inside a test was not wrapped in act(...).

When testing, code that causes React state updates should be wrapped into act(...):

act(() => {
  /* fire events that update state */
});
/* assert on the output */

This ensures that you're testing the behavior the user would see in the browser. Learn more at https://reactjs.org/link/wrap-tests-with-act
    at HierarchyMindMap (/Users/abhijita/Documents/Project-Prahlada/components/analytics/HierarchyMindMap.tsx:32:3)
Warning: An update to HierarchyMindMap inside a test was not wrapped in act(...).

When testing, code that causes React state updates should be wrapped into act(...):

act(() => {
  /* fire events that update state */
});
/* assert on the output */

This ensures that you're testing the behavior the user would see in the browser. Learn more at https://reactjs.org/link/wrap-tests-with-act
    at HierarchyMindMap (/Users/abhijita/Documents/Project-Prahlada/components/analytics/HierarchyMindMap.tsx:32:3)
Warning: An update to HierarchyMindMap inside a test was not wrapped in act(...).

When testing, code that causes React state updates should be wrapped into act(...):

act(() => {
  /* fire events that update state */
});
/* assert on the output */

This ensures that you're testing the behavior the user would see in the browser. Learn more at https://reactjs.org/link/wrap-tests-with-act
    at HierarchyMindMap (/Users/abhijita/Documents/Project-Prahlada/components/analytics/HierarchyMindMap.tsx:32:3)
Warning: An update to HierarchyMindMap inside a test was not wrapped in act(...).

When testing, code that causes React state updates should be wrapped into act(...):

act(() => {
  /* fire events that update state */
});
/* assert on the output */

This ensures that you're testing the behavior the user would see in the browser. Learn more at https://reactjs.org/link/wrap-tests-with-act
    at HierarchyMindMap (/Users/abhijita/Documents/Project-Prahlada/components/analytics/HierarchyMindMap.tsx:32:3)
Warning: An update to HierarchyMindMap inside a test was not wrapped in act(...).

When testing, code that causes React state updates should be wrapped into act(...):

act(() => {
  /* fire events that update state */
});
/* assert on the output */

This ensures that you're testing the behavior the user would see in the browser. Learn more at https://reactjs.org/link/wrap-tests-with-act
    at HierarchyMindMap (/Users/abhijita/Documents/Project-Prahlada/components/analytics/HierarchyMindMap.tsx:32:3)
Warning: An update to HierarchyMindMap inside a test was not wrapped in act(...).

When testing, code that causes React state updates should be wrapped into act(...):

act(() => {
  /* fire events that update state */
});
/* assert on the output */

This ensures that you're testing the behavior the user would see in the browser. Learn more at https://reactjs.org/link/wrap-tests-with-act
    at HierarchyMindMap (/Users/abhijita/Documents/Project-Prahlada/components/analytics/HierarchyMindMap.tsx:32:3)
Warning: An update to HierarchyMindMap inside a test was not wrapped in act(...).

When testing, code that causes React state updates should be wrapped into act(...):

act(() => {
  /* fire events that update state */
});
/* assert on the output */

This ensures that you're testing the behavior the user would see in the browser. Learn more at https://reactjs.org/link/wrap-tests-with-act
    at HierarchyMindMap (/Users/abhijita/Documents/Project-Prahlada/components/analytics/HierarchyMindMap.tsx:32:3)
Warning: An update to HierarchyMindMap inside a test was not wrapped in act(...).

When testing, code that causes React state updates should be wrapped into act(...):

act(() => {
  /* fire events that update state */
});
/* assert on the output */

This ensures that you're testing the behavior the user would see in the browser. Learn more at https://reactjs.org/link/wrap-tests-with-act
    at HierarchyMindMap (/Users/abhijita/Documents/Project-Prahlada/components/analytics/HierarchyMindMap.tsx:32:3)
Warning: An update to HierarchyMindMap inside a test was not wrapped in act(...).

When testing, code that causes React state updates should be wrapped into act(...):

act(() => {
  /* fire events that update state */
});
/* assert on the output */

This ensures that you're testing the behavior the user would see in the browser. Learn more at https://reactjs.org/link/wrap-tests-with-act
    at HierarchyMindMap (/Users/abhijita/Documents/Project-Prahlada/components/analytics/HierarchyMindMap.tsx:32:3)
Warning: An update to HierarchyMindMap inside a test was not wrapped in act(...).

When testing, code that causes React state updates should be wrapped into act(...):

act(() => {
  /* fire events that update state */
});
/* assert on the output */

This ensures that you're testing the behavior the user would see in the browser. Learn more at https://reactjs.org/link/wrap-tests-with-act
    at HierarchyMindMap (/Users/abhijita/Documents/Project-Prahlada/components/analytics/HierarchyMindMap.tsx:32:3)
Warning: An update to HierarchyMindMap inside a test was not wrapped in act(...).

When testing, code that causes React state updates should be wrapped into act(...):

act(() => {
  /* fire events that update state */
});
/* assert on the output */

This ensures that you're testing the behavior the user would see in the browser. Learn more at https://reactjs.org/link/wrap-tests-with-act
    at HierarchyMindMap (/Users/abhijita/Documents/Project-Prahlada/components/analytics/HierarchyMindMap.tsx:32:3)
Warning: An update to HierarchyMindMap inside a test was not wrapped in act(...).

When testing, code that causes React state updates should be wrapped into act(...):

act(() => {
  /* fire events that update state */
});
/* assert on the output */

This ensures that you're testing the behavior the user would see in the browser. Learn more at https://reactjs.org/link/wrap-tests-with-act
    at HierarchyMindMap (/Users/abhijita/Documents/Project-Prahlada/components/analytics/HierarchyMindMap.tsx:32:3)
Warning: An update to HierarchyMindMap inside a test was not wrapped in act(...).

When testing, code that causes React state updates should be wrapped into act(...):

act(() => {
  /* fire events that update state */
});
/* assert on the output */

This ensures that you're testing the behavior the user would see in the browser. Learn more at https://reactjs.org/link/wrap-tests-with-act
    at HierarchyMindMap (/Users/abhijita/Documents/Project-Prahlada/components/analytics/HierarchyMindMap.tsx:32:3)
Warning: An update to HierarchyMindMap inside a test was not wrapped in act(...).

When testing, code that causes React state updates should be wrapped into act(...):

act(() => {
  /* fire events that update state */
});
/* assert on the output */

This ensures that you're testing the behavior the user would see in the browser. Learn more at https://reactjs.org/link/wrap-tests-with-act
    at HierarchyMindMap (/Users/abhijita/Documents/Project-Prahlada/components/analytics/HierarchyMindMap.tsx:32:3)
Warning: An update to HierarchyMindMap inside a test was not wrapped in act(...).

When testing, code that causes React state updates should be wrapped into act(...):

act(() => {
  /* fire events that update state */
});
/* assert on the output */

This ensures that you're testing the behavior the user would see in the browser. Learn more at https://reactjs.org/link/wrap-tests-with-act
    at HierarchyMindMap (/Users/abhijita/Documents/Project-Prahlada/components/analytics/HierarchyMindMap.tsx:32:3)
Warning: An update to HierarchyMindMap inside a test was not wrapped in act(...).

When testing, code that causes React state updates should be wrapped into act(...):

act(() => {
  /* fire events that update state */
});
/* assert on the output */

This ensures that you're testing the behavior the user would see in the browser. Learn more at https://reactjs.org/link/wrap-tests-with-act
    at HierarchyMindMap (/Users/abhijita/Documents/Project-Prahlada/components/analytics/HierarchyMindMap.tsx:32:3)
Warning: An update to HierarchyMindMap inside a test was not wrapped in act(...).

When testing, code that causes React state updates should be wrapped into act(...):

act(() => {
  /* fire events that update state */
});
/* assert on the output */

This ensures that you're testing the behavior the user would see in the browser. Learn more at https://reactjs.org/link/wrap-tests-with-act
    at HierarchyMindMap (/Users/abhijita/Documents/Project-Prahlada/components/analytics/HierarchyMindMap.tsx:32:3)
Warning: An update to HierarchyMindMap inside a test was not wrapped in act(...).

When testing, code that causes React state updates should be wrapped into act(...):

act(() => {
  /* fire events that update state */
});
/* assert on the output */

This ensures that you're testing the behavior the user would see in the browser. Learn more at https://reactjs.org/link/wrap-tests-with-act
    at HierarchyMindMap (/Users/abhijita/Documents/Project-Prahlada/components/analytics/HierarchyMindMap.tsx:32:3)
Warning: An update to HierarchyMindMap inside a test was not wrapped in act(...).

When testing, code that causes React state updates should be wrapped into act(...):

act(() => {
  /* fire events that update state */
});
/* assert on the output */

This ensures that you're testing the behavior the user would see in the browser. Learn more at https://reactjs.org/link/wrap-tests-with-act
    at HierarchyMindMap (/Users/abhijita/Documents/Project-Prahlada/components/analytics/HierarchyMindMap.tsx:32:3)
Warning: An update to HierarchyMindMap inside a test was not wrapped in act(...).

When testing, code that causes React state updates should be wrapped into act(...):

act(() => {
  /* fire events that update state */
});
/* assert on the output */

This ensures that you're testing the behavior the user would see in the browser. Learn more at https://reactjs.org/link/wrap-tests-with-act
    at HierarchyMindMap (/Users/abhijita/Documents/Project-Prahlada/components/analytics/HierarchyMindMap.tsx:32:3)

 [32m✓[39m tests/mindmap/node-stress-test.test.tsx[2m > [22mD3 HierarchyMindMap - Node Stress Test[2m > [22mLarge Hierarchy Performance[2m > [22mhandles 1000+ nodes without UI freeze[32m 175[2mms[22m[39m
 [32m✓[39m tests/mindmap/node-stress-test.test.tsx[2m > [22mD3 HierarchyMindMap - Node Stress Test[2m > [22mInteractive Performance with Large Datasets[2m > [22mmaintains hover responsiveness on 200+ nodes[33m 1111[2mms[22m[39m
 [32m✓[39m tests/mindmap/node-stress-test.test.tsx[2m > [22mD3 HierarchyMindMap - Node Stress Test[2m > [22mInteractive Performance with Large Datasets[2m > [22mhandles zoom/pan operations on dense hierarchies[32m 254[2mms[22m[39m
 [32m✓[39m tests/mindmap/node-stress-test.test.tsx[2m > [22mD3 HierarchyMindMap - Node Stress Test[2m > [22mMemory Usage with Large Hierarchies[2m > [22mmanages memory efficiently with 500+ nodes[32m 177[2mms[22m[39m
 [32m✓[39m tests/mindmap/node-stress-test.test.tsx[2m > [22mD3 HierarchyMindMap - Node Stress Test[2m > [22mMemory Usage with Large Hierarchies[2m > [22mcleans up resources after unmounting large hierarchies[32m 51[2mms[22m[39m
 [32m✓[39m tests/pages/Overview.test.tsx[2m > [22mOverview Page[2m > [22mrenders overview content[33m 1761[2mms[22m[39m
[90mstdout[2m | tests/mindmap/interaction-animation.test.tsx
[22m[39mRunning tests/setup.ts

 [32m✓[39m tests/mindmap/visit-count-consistency.test.tsx[2m > [22mD3 HierarchyMindMap - Visit Count Consistency[2m > [22mAnalytics Summary Integration[2m > [22mmatches total visit count with analytics summary[32m 165[2mms[22m[39m
 [32m✓[39m tests/mindmap/visit-count-consistency.test.tsx[2m > [22mD3 HierarchyMindMap - Visit Count Consistency[2m > [22mAnalytics Summary Integration[2m > [22mmaintains mathematical consistency across levels[32m 20[2mms[22m[39m
 [32m✓[39m tests/mindmap/visit-count-consistency.test.tsx[2m > [22mD3 HierarchyMindMap - Visit Count Consistency[2m > [22mReal-time Data Synchronization[2m > [22mupdates visit counts when analytics data refreshes[32m 26[2mms[22m[39m
 [32m✓[39m tests/mindmap/visit-count-consistency.test.tsx[2m > [22mD3 HierarchyMindMap - Visit Count Consistency[2m > [22mReal-time Data Synchronization[2m > [22mhandles partial data updates gracefully[33m 1003[2mms[22m[39m
 [32m✓[39m tests/mindmap/visit-count-consistency.test.tsx[2m > [22mD3 HierarchyMindMap - Visit Count Consistency[2m > [22mCross-Component Consistency[2m > [22mmatches visit counts with chart visualizations[32m 12[2mms[22m[39m
 [32m✓[39m tests/mindmap/visit-count-consistency.test.tsx[2m > [22mD3 HierarchyMindMap - Visit Count Consistency[2m > [22mCross-Component Consistency[2m > [22msyncs with table/list view visit counts[32m 204[2mms[22m[39m
 [32m✓[39m tests/mindmap/visit-count-consistency.test.tsx[2m > [22mD3 HierarchyMindMap - Visit Count Consistency[2m > [22mData Validation and Error Handling[2m > [22mhandles missing visit count data gracefully[32m 15[2mms[22m[39m
 [32m✓[39m tests/mindmap/visit-count-consistency.test.tsx[2m > [22mD3 HierarchyMindMap - Visit Count Consistency[2m > [22mData Validation and Error Handling[2m > [22mvalidates visit count data types[32m 23[2mms[22m[39m
 [32m✓[39m tests/mindmap/visit-count-consistency.test.tsx[2m > [22mD3 HierarchyMindMap - Visit Count Consistency[2m > [22mData Validation and Error Handling[2m > [22mdetects and reports visit count inconsistencies[32m 9[2mms[22m[39m
 [32m✓[39m tests/mindmap/visit-count-consistency.test.tsx[2m > [22mD3 HierarchyMindMap - Visit Count Consistency[2m > [22mPerformance with Frequent Updates[2m > [22mmaintains count accuracy during rapid updates[32m 53[2mms[22m[39m
 [32m✓[39m tests/mindmap/visit-count-consistency.test.tsx[2m > [22mD3 HierarchyMindMap - Visit Count Consistency[2m > [22mPerformance with Frequent Updates[2m > [22mhandles concurrent data source updates[32m 10[2mms[22m[39m
 [32m✓[39m tests/mindmap/a11y-fallback.test.tsx[2m > [22mD3 HierarchyMindMap - A11y Fallback[2m > [22mScreen Reader Text Representation[2m > [22mprovides textual list fallback for hierarchy[32m 155[2mms[22m[39m
 [32m✓[39m tests/mindmap/a11y-fallback.test.tsx[2m > [22mD3 HierarchyMindMap - A11y Fallback[2m > [22mScreen Reader Text Representation[2m > [22mmaintains hierarchical order in screen reader content[32m 14[2mms[22m[39m
 [32m✓[39m tests/mindmap/a11y-fallback.test.tsx[2m > [22mD3 HierarchyMindMap - A11y Fallback[2m > [22mKeyboard Navigation Support[2m > [22mmakes SVG focusable for keyboard users[32m 15[2mms[22m[39m
 [32m✓[39m tests/mindmap/a11y-fallback.test.tsx[2m > [22mD3 HierarchyMindMap - A11y Fallback[2m > [22mKeyboard Navigation Support[2m > [22msupports arrow key navigation through nodes[32m 10[2mms[22m[39m
 [32m✓[39m tests/mindmap/a11y-fallback.test.tsx[2m > [22mD3 HierarchyMindMap - A11y Fallback[2m > [22mKeyboard Navigation Support[2m > [22mprovides skip links for mindmap navigation[32m 19[2mms[22m[39m
 [32m✓[39m tests/mindmap/a11y-fallback.test.tsx[2m > [22mD3 HierarchyMindMap - A11y Fallback[2m > [22mARIA Labels and Descriptions[2m > [22mincludes ARIA labels for interactive elements[32m 16[2mms[22m[39m
 [32m✓[39m tests/mindmap/a11y-fallback.test.tsx[2m > [22mD3 HierarchyMindMap - A11y Fallback[2m > [22mARIA Labels and Descriptions[2m > [22mprovides descriptive text for node relationships[32m 20[2mms[22m[39m
 [32m✓[39m tests/mindmap/a11y-fallback.test.tsx[2m > [22mD3 HierarchyMindMap - A11y Fallback[2m > [22mReduced Motion Accessibility[2m > [22mrespects prefers-reduced-motion for animations[32m 17[2mms[22m[39m
 [32m✓[39m tests/mindmap/a11y-fallback.test.tsx[2m > [22mD3 HierarchyMindMap - A11y Fallback[2m > [22mReduced Motion Accessibility[2m > [22mprovides static navigation without animations[32m 19[2mms[22m[39m
 [32m✓[39m tests/mindmap/a11y-fallback.test.tsx[2m > [22mD3 HierarchyMindMap - A11y Fallback[2m > [22mHigh Contrast Mode Support[2m > [22mmaintains visibility in high contrast mode[32m 30[2mms[22m[39m
 [32m✓[39m tests/mindmap/a11y-fallback.test.tsx[2m > [22mD3 HierarchyMindMap - A11y Fallback[2m > [22mHigh Contrast Mode Support[2m > [22mprovides alternative color schemes[32m 31[2mms[22m[39m
 [32m✓[39m tests/mindmap/a11y-fallback.test.tsx[2m > [22mD3 HierarchyMindMap - A11y Fallback[2m > [22mScreen Reader Announcements[2m > [22mannounces node selection changes[32m 16[2mms[22m[39m
 [32m✓[39m tests/mindmap/a11y-fallback.test.tsx[2m > [22mD3 HierarchyMindMap - A11y Fallback[2m > [22mScreen Reader Announcements[2m > [22mprovides context for current node position[33m 1002[2mms[22m[39m
 [32m✓[39m tests/mindmap/a11y-fallback.test.tsx[2m > [22mD3 HierarchyMindMap - A11y Fallback[2m > [22mTouch and Mobile Accessibility[2m > [22mprovides adequate touch target sizes[32m 7[2mms[22m[39m
 [32m✓[39m tests/mindmap/a11y-fallback.test.tsx[2m > [22mD3 HierarchyMindMap - A11y Fallback[2m > [22mTouch and Mobile Accessibility[2m > [22msupports swipe gestures with screen reader feedback[32m 5[2mms[22m[39m
 [32m✓[39m tests/mindmap/a11y-fallback.test.tsx[2m > [22mD3 HierarchyMindMap - A11y Fallback[2m > [22mError States and Fallbacks[2m > [22mprovides accessible error messages[32m 30[2mms[22m[39m
 [32m✓[39m tests/mindmap/a11y-fallback.test.tsx[2m > [22mD3 HierarchyMindMap - A11y Fallback[2m > [22mError States and Fallbacks[2m > [22mmaintains accessibility during loading states[32m 5[2mms[22m[39m
[90mstderr[2m | tests/e2e/CrossPage.test.tsx[2m > [22m[2mCross-Page Integration: Review to Analytics[2m > [22m[2mapproving an event in Review triggers API call
[22m[39m⚠️ React Router Future Flag Warning: React Router will begin wrapping state updates in `React.startTransition` in v7. You can use the `v7_startTransition` future flag to opt-in early. For more information, see https://reactrouter.com/v6/upgrading/future#v7_starttransition.
⚠️ React Router Future Flag Warning: Relative route resolution within Splat routes is changing in v7. You can use the `v7_relativeSplatPath` future flag to opt-in early. For more information, see https://reactrouter.com/v6/upgrading/future#v7_relativesplatpath.

[90mstderr[2m | tests/e2e/CrossPage.test.tsx[2m > [22m[2mCross-Page Integration: Review to Analytics[2m > [22m[2mapproving an event in Review triggers API call
[22m[39mWarning: Received `true` for a non-boolean attribute `layout`.

If you want to write it to the DOM, pass a string instead: layout="true" or layout={value.toString()}.
    at div
    at /Users/abhijita/Documents/Project-Prahlada/tests/setup.ts:37:19
    at ReviewCard (/Users/abhijita/Documents/Project-Prahlada/components/ReviewCard.tsx:109:23)
    at div
    at div
    at div
    at div
    at /Users/abhijita/Documents/Project-Prahlada/tests/setup.ts:37:19
    at AnimatedGlassCard (/Users/abhijita/Documents/Project-Prahlada/components/AnimatedGlassCard.tsx:25:3)
    at div
    at div
    at div
    at Review (/Users/abhijita/Documents/Project-Prahlada/pages/Review.tsx:159:96)
    at Router (/Users/abhijita/Documents/Project-Prahlada/node_modules/react-router/dist/umd/react-router.development.js:1207:17)
    at MemoryRouter (/Users/abhijita/Documents/Project-Prahlada/node_modules/react-router/dist/umd/react-router.development.js:1101:7)
    at ConfigProvider (/Users/abhijita/Documents/Project-Prahlada/contexts/ConfigContext.tsx:10:27)

[90mstdout[2m | tests/e2e/CrossPage.test.tsx[2m > [22m[2mCross-Page Integration: Review to Analytics[2m > [22m[2mapproving an event in Review triggers API call
[22m[39mApproved tweet: 123 Exclude: [33mfalse[39m

[90mstderr[2m | tests/e2e/CrossPage.test.tsx[2m > [22m[2mCross-Page Integration: Review to Analytics[2m > [22m[2mAnalytics page fetches updated data
[22m[39mWarning: Function components cannot be given refs. Attempts to access this ref will fail. Did you mean to use React.forwardRef()?

Check the render method of `MapBoxVisual`.
    at MockMap (/Users/abhijita/Documents/Project-Prahlada/tests/setup.ts:70:22)
    at div
    at MapBoxVisual (/Users/abhijita/Documents/Project-Prahlada/components/analytics/MapBoxVisual.tsx:29:3)
    at div
    at div
    at div
    at div
    at /Users/abhijita/Documents/Project-Prahlada/tests/setup.ts:37:19
    at AnimatedGlassCard (/Users/abhijita/Documents/Project-Prahlada/components/AnimatedGlassCard.tsx:25:3)
    at div
    at div
    at /Users/abhijita/Documents/Project-Prahlada/tests/setup.ts:37:19
    at AnalyticsDashboard (/Users/abhijita/Documents/Project-Prahlada/pages/Analytics.tsx:44:75)
    at Router (/Users/abhijita/Documents/Project-Prahlada/node_modules/react-router/dist/umd/react-router.development.js:1207:17)
    at MemoryRouter (/Users/abhijita/Documents/Project-Prahlada/node_modules/react-router/dist/umd/react-router.development.js:1101:7)
    at ConfigProvider (/Users/abhijita/Documents/Project-Prahlada/contexts/ConfigContext.tsx:10:27)
Warning: Received `true` for a non-boolean attribute `cluster`.

If you want to write it to the DOM, pass a string instead: cluster="true" or cluster={value.toString()}.
    at div
    at Source (/Users/abhijita/Documents/Project-Prahlada/tests/setup.ts:107:21)
    at div
    at MockMap (/Users/abhijita/Documents/Project-Prahlada/tests/setup.ts:70:22)
    at div
    at MapBoxVisual (/Users/abhijita/Documents/Project-Prahlada/components/analytics/MapBoxVisual.tsx:29:3)
    at div
    at div
    at div
    at div
    at /Users/abhijita/Documents/Project-Prahlada/tests/setup.ts:37:19
    at AnimatedGlassCard (/Users/abhijita/Documents/Project-Prahlada/components/AnimatedGlassCard.tsx:25:3)
    at div
    at div
    at /Users/abhijita/Documents/Project-Prahlada/tests/setup.ts:37:19
    at AnalyticsDashboard (/Users/abhijita/Documents/Project-Prahlada/pages/Analytics.tsx:44:75)
    at Router (/Users/abhijita/Documents/Project-Prahlada/node_modules/react-router/dist/umd/react-router.development.js:1207:17)
    at MemoryRouter (/Users/abhijita/Documents/Project-Prahlada/node_modules/react-router/dist/umd/react-router.development.js:1101:7)
    at ConfigProvider (/Users/abhijita/Documents/Project-Prahlada/contexts/ConfigContext.tsx:10:27)
Warning: React does not recognize the `clusterMaxZoom` prop on a DOM element. If you intentionally want it to appear in the DOM as a custom attribute, spell it as lowercase `clustermaxzoom` instead. If you accidentally passed it from a parent component, remove it from the DOM element.
    at div
    at Source (/Users/abhijita/Documents/Project-Prahlada/tests/setup.ts:107:21)
    at div
    at MockMap (/Users/abhijita/Documents/Project-Prahlada/tests/setup.ts:70:22)
    at div
    at MapBoxVisual (/Users/abhijita/Documents/Project-Prahlada/components/analytics/MapBoxVisual.tsx:29:3)
    at div
    at div
    at div
    at div
    at /Users/abhijita/Documents/Project-Prahlada/tests/setup.ts:37:19
    at AnimatedGlassCard (/Users/abhijita/Documents/Project-Prahlada/components/AnimatedGlassCard.tsx:25:3)
    at div
    at div
    at /Users/abhijita/Documents/Project-Prahlada/tests/setup.ts:37:19
    at AnalyticsDashboard (/Users/abhijita/Documents/Project-Prahlada/pages/Analytics.tsx:44:75)
    at Router (/Users/abhijita/Documents/Project-Prahlada/node_modules/react-router/dist/umd/react-router.development.js:1207:17)
    at MemoryRouter (/Users/abhijita/Documents/Project-Prahlada/node_modules/react-router/dist/umd/react-router.development.js:1101:7)
    at ConfigProvider (/Users/abhijita/Documents/Project-Prahlada/contexts/ConfigContext.tsx:10:27)
Warning: React does not recognize the `clusterRadius` prop on a DOM element. If you intentionally want it to appear in the DOM as a custom attribute, spell it as lowercase `clusterradius` instead. If you accidentally passed it from a parent component, remove it from the DOM element.
    at div
    at Source (/Users/abhijita/Documents/Project-Prahlada/tests/setup.ts:107:21)
    at div
    at MockMap (/Users/abhijita/Documents/Project-Prahlada/tests/setup.ts:70:22)
    at div
    at MapBoxVisual (/Users/abhijita/Documents/Project-Prahlada/components/analytics/MapBoxVisual.tsx:29:3)
    at div
    at div
    at div
    at div
    at /Users/abhijita/Documents/Project-Prahlada/tests/setup.ts:37:19
    at AnimatedGlassCard (/Users/abhijita/Documents/Project-Prahlada/components/AnimatedGlassCard.tsx:25:3)
    at div
    at div
    at /Users/abhijita/Documents/Project-Prahlada/tests/setup.ts:37:19
    at AnalyticsDashboard (/Users/abhijita/Documents/Project-Prahlada/pages/Analytics.tsx:44:75)
    at Router (/Users/abhijita/Documents/Project-Prahlada/node_modules/react-router/dist/umd/react-router.development.js:1207:17)
    at MemoryRouter (/Users/abhijita/Documents/Project-Prahlada/node_modules/react-router/dist/umd/react-router.development.js:1101:7)
    at ConfigProvider (/Users/abhijita/Documents/Project-Prahlada/contexts/ConfigContext.tsx:10:27)

 [32m✓[39m tests/e2e/CrossPage.test.tsx[2m > [22mCross-Page Integration: Review to Analytics[2m > [22mapproving an event in Review triggers API call[32m 144[2mms[22m[39m
 [32m✓[39m tests/e2e/CrossPage.test.tsx[2m > [22mCross-Page Integration: Review to Analytics[2m > [22mAnalytics page fetches updated data[33m 1340[2mms[22m[39m
[90mstdout[2m | tests/animation/memory-leak-tests.test.tsx
[22m[39mRunning tests/setup.ts

[90mstdout[2m | tests/components/ReviewCard.test.tsx
[22m[39mRunning tests/setup.ts

[90mstderr[2m | tests/animation/memory-leak-tests.test.tsx[2m > [22m[2mFramer Motion Memory Leak Test[2m > [22m[2mAnimation Loop Cleanup[2m > [22m[2mprevents memory accumulation during rapid tab switching
[22m[39m⚠️ React Router Future Flag Warning: React Router will begin wrapping state updates in `React.startTransition` in v7. You can use the `v7_startTransition` future flag to opt-in early. For more information, see https://reactrouter.com/v6/upgrading/future#v7_starttransition.
⚠️ React Router Future Flag Warning: Relative route resolution within Splat routes is changing in v7. You can use the `v7_relativeSplatPath` future flag to opt-in early. For more information, see https://reactrouter.com/v6/upgrading/future#v7_relativesplatpath.

 [32m✓[39m tests/visual-regression/glassmorphism-contrast.test.tsx[2m > [22mGlassmorphism Contrast Audit[2m > [22mPrimary Text Contrast on Glass Backgrounds[2m > [22mensures WCAG AA compliance for white text on aurora glass[32m 257[2mms[22m[39m
 [32m✓[39m tests/visual-regression/glassmorphism-contrast.test.tsx[2m > [22mGlassmorphism Contrast Audit[2m > [22mPrimary Text Contrast on Glass Backgrounds[2m > [22mvalidates contrast for light text on blurred backgrounds[32m 29[2mms[22m[39m
 [32m✓[39m tests/visual-regression/glassmorphism-contrast.test.tsx[2m > [22mGlassmorphism Contrast Audit[2m > [22mPrimary Text Contrast on Glass Backgrounds[2m > [22mchecks contrast ratios meet WCAG AA standards[32m 0[2mms[22m[39m
 [32m✓[39m tests/visual-regression/glassmorphism-contrast.test.tsx[2m > [22mGlassmorphism Contrast Audit[2m > [22mSecondary Text Contrast[2m > [22mvalidates secondary text readability on glass surfaces[32m 15[2mms[22m[39m
 [32m✓[39m tests/visual-regression/glassmorphism-contrast.test.tsx[2m > [22mGlassmorphism Contrast Audit[2m > [22mSecondary Text Contrast[2m > [22mensures link text contrast on glass backgrounds[32m 10[2mms[22m[39m
 [32m✓[39m tests/visual-regression/glassmorphism-contrast.test.tsx[2m > [22mGlassmorphism Contrast Audit[2m > [22mInteractive Element Contrast[2m > [22mvalidates button contrast on glass cards[32m 6[2mms[22m[39m
 [32m✓[39m tests/visual-regression/glassmorphism-contrast.test.tsx[2m > [22mGlassmorphism Contrast Audit[2m > [22mInteractive Element Contrast[2m > [22mchecks form input contrast on glass backgrounds[32m 12[2mms[22m[39m
 [32m✓[39m tests/animation/memory-leak-tests.test.tsx[2m > [22mFramer Motion Memory Leak Test[2m > [22mAnimation Loop Cleanup[2m > [22mcleans up animation loops on component unmount[32m 42[2mms[22m[39m
 [32m✓[39m tests/visual-regression/glassmorphism-contrast.test.tsx[2m > [22mGlassmorphism Contrast Audit[2m > [22mFocus and Hover States[2m > [22mvalidates focus indicator contrast on glass elements[32m 25[2mms[22m[39m
 [32m✓[39m tests/visual-regression/glassmorphism-contrast.test.tsx[2m > [22mGlassmorphism Contrast Audit[2m > [22mFocus and Hover States[2m > [22mchecks hover state contrast improvements[32m 9[2mms[22m[39m
 [32m✓[39m tests/visual-regression/glassmorphism-contrast.test.tsx[2m > [22mGlassmorphism Contrast Audit[2m > [22mColor Scheme Variations[2m > [22mtests contrast across different glass themes[32m 13[2mms[22m[39m
 [32m✓[39m tests/visual-regression/glassmorphism-contrast.test.tsx[2m > [22mGlassmorphism Contrast Audit[2m > [22mColor Scheme Variations[2m > [22mvalidates contrast in dark mode glassmorphism[32m 4[2mms[22m[39m
 [32m✓[39m tests/visual-regression/glassmorphism-contrast.test.tsx[2m > [22mGlassmorphism Contrast Audit[2m > [22mAccessibility Compliance Checks[2m > [22mensures large text meets WCAG AA requirements[32m 4[2mms[22m[39m
 [32m✓[39m tests/visual-regression/glassmorphism-contrast.test.tsx[2m > [22mGlassmorphism Contrast Audit[2m > [22mAccessibility Compliance Checks[2m > [22mvalidates non-text contrast for icons and borders[32m 3[2mms[22m[39m
[90mstderr[2m | tests/components/ReviewCard.test.tsx[2m > [22m[2mReviewCard Component[2m > [22m[2mrenders tweet text
[22m[39mWarning: Received `true` for a non-boolean attribute `layout`.

If you want to write it to the DOM, pass a string instead: layout="true" or layout={value.toString()}.
    at div
    at /Users/abhijita/Documents/Project-Prahlada/tests/setup.ts:37:19
    at ReviewCard (/Users/abhijita/Documents/Project-Prahlada/components/ReviewCard.tsx:109:23)

 [32m✓[39m tests/components/ReviewCard.test.tsx[2m > [22mReviewCard Component[2m > [22mrenders tweet text[32m 85[2mms[22m[39m
 [32m✓[39m tests/components/ReviewCard.test.tsx[2m > [22mReviewCard Component[2m > [22mdisplays new metadata fields[32m 33[2mms[22m[39m
 [32m✓[39m tests/animation/memory-leak-tests.test.tsx[2m > [22mFramer Motion Memory Leak Test[2m > [22mAnimation Loop Cleanup[2m > [22mprevents memory accumulation during rapid tab switching[32m 298[2mms[22m[39m
 [32m✓[39m tests/animation/memory-leak-tests.test.tsx[2m > [22mFramer Motion Memory Leak Test[2m > [22mEvent Listener Cleanup[2m > [22mcomponent unmounts cleanly[32m 7[2mms[22m[39m
 [32m✓[39m tests/animation/memory-leak-tests.test.tsx[2m > [22mFramer Motion Memory Leak Test[2m > [22mEvent Listener Cleanup[2m > [22mprevents event listener accumulation[32m 10[2mms[22m[39m
 [32m✓[39m tests/animation/memory-leak-tests.test.tsx[2m > [22mFramer Motion Memory Leak Test[2m > [22mAnimation State Management[2m > [22mclears animation state on component unmount[32m 4[2mms[22m[39m
 [32m✓[39m tests/animation/memory-leak-tests.test.tsx[2m > [22mFramer Motion Memory Leak Test[2m > [22mAnimation State Management[2m > [22mreuses animation objects to prevent memory growth[32m 3[2mms[22m[39m
 [32m✓[39m tests/animation/memory-leak-tests.test.tsx[2m > [22mFramer Motion Memory Leak Test[2m > [22mTimer and Interval Cleanup[2m > [22mcomponent unmounts without errors[32m 3[2mms[22m[39m
 [32m✓[39m tests/animation/memory-leak-tests.test.tsx[2m > [22mFramer Motion Memory Leak Test[2m > [22mTimer and Interval Cleanup[2m > [22mhandles multiple re-renders without accumulation[32m 22[2mms[22m[39m
 [32m✓[39m tests/animation/memory-leak-tests.test.tsx[2m > [22mFramer Motion Memory Leak Test[2m > [22mMemory Usage Monitoring[2m > [22mtracks memory usage during animations[32m 8[2mms[22m[39m
 [32m✓[39m tests/animation/memory-leak-tests.test.tsx[2m > [22mFramer Motion Memory Leak Test[2m > [22mMemory Usage Monitoring[2m > [22mdetects and reports memory leaks[32m 1[2mms[22m[39m
 [32m✓[39m tests/components/ReviewCard.test.tsx[2m > [22mReviewCard Component[2m > [22mhandles analytics exclusion checkbox[32m 106[2mms[22m[39m
 [32m✓[39m tests/components/ReviewCard.test.tsx[2m > [22mReviewCard Component[2m > [22mactivates edit mode when edit button clicked[32m 57[2mms[22m[39m
 [32m✓[39m tests/components/ReviewCard.test.tsx[2m > [22mReviewCard Component[2m > [22mdoes NOT show Reject button[32m 15[2mms[22m[39m
[90mstdout[2m | tests/components/HierarchyMindMap.test.tsx
[22m[39mRunning tests/setup.ts

[90mstdout[2m | tests/integration/frontend-backend-integration.test.tsx
[22m[39mRunning tests/setup.ts

[90mstdout[2m | tests/components/MapBoxVisualRendering.test.tsx
[22m[39mRunning tests/setup.ts

[90mstdout[2m | tests/accessibility/accessibility.test.tsx
[22m[39mRunning tests/setup.ts

[90mstdout[2m | tests/pages/Review.test.tsx
[22m[39mRunning tests/setup.ts

[90mstdout[2m | tests/mapbox/MapBoxVisual.test.tsx
[22m[39mRunning tests/setup.ts

[90mstdout[2m | tests/mindmap/edge-case-hierarchies.test.tsx
[22m[39mRunning tests/setup.ts

[90mstderr[2m | tests/integration/frontend-backend-integration.test.tsx[2m > [22m[2mFrontend-Backend Integration & Resilience[2m > [22m[2mAPI Service Integration[2m > [22m[2mhandles backend response with proper error checking
[22m[39mAPI Error { context: [32m'get-/api/nonexistent'[39m } Error: HTTP 404: Not Found
    at parseJson [90m(/Users/abhijita/Documents/Project-Prahlada/[39mservices/api.ts:109:11[90m)[39m
    at Object.get [90m(/Users/abhijita/Documents/Project-Prahlada/[39mservices/api.ts:169:20[90m)[39m

[90mstderr[2m | tests/integration/frontend-backend-integration.test.tsx[2m > [22m[2mFrontend-Backend Integration & Resilience[2m > [22m[2mError Recovery and Retry Logic[2m > [22m[2mhandles permanent failures gracefully
[22m[39mAPI Error { context: [32m'get-/api/fail'[39m } Error: Network error
    at [90m/Users/abhijita/Documents/Project-Prahlada/[39mtests/integration/frontend-backend-integration.test.tsx:171:47
    at [90mfile:///Users/abhijita/Documents/Project-Prahlada/[39mnode_modules/[4m@vitest/runner[24m/dist/index.js:145:11
    at [90mfile:///Users/abhijita/Documents/Project-Prahlada/[39mnode_modules/[4m@vitest/runner[24m/dist/index.js:912:26
    at [90mfile:///Users/abhijita/Documents/Project-Prahlada/[39mnode_modules/[4m@vitest/runner[24m/dist/index.js:1237:20
    at new Promise (<anonymous>)
    at runWithTimeout [90m(file:///Users/abhijita/Documents/Project-Prahlada/[39mnode_modules/[4m@vitest/runner[24m/dist/index.js:1203:10[90m)[39m
    at [90mfile:///Users/abhijita/Documents/Project-Prahlada/[39mnode_modules/[4m@vitest/runner[24m/dist/index.js:1647:37
    at Traces.$ [90m(file:///Users/abhijita/Documents/Project-Prahlada/[39mnode_modules/[4mvitest[24m/dist/chunks/traces.U4xDYhzZ.js:115:27[90m)[39m
    at trace [90m(file:///Users/abhijita/Documents/Project-Prahlada/[39mnode_modules/[4mvitest[24m/dist/chunks/test.DqQZzsWf.js:234:21[90m)[39m
    at runTest [90m(file:///Users/abhijita/Documents/Project-Prahlada/[39mnode_modules/[4m@vitest/runner[24m/dist/index.js:1647:12[90m)[39m

 [32m✓[39m tests/integration/frontend-backend-integration.test.tsx[2m > [22mFrontend-Backend Integration & Resilience[2m > [22mAPI Service Integration[2m > [22msuccessfully fetches tweet data from backend[32m 13[2mms[22m[39m
 [32m✓[39m tests/integration/frontend-backend-integration.test.tsx[2m > [22mFrontend-Backend Integration & Resilience[2m > [22mAPI Service Integration[2m > [22mhandles backend response with proper error checking[32m 7[2mms[22m[39m
 [32m✓[39m tests/integration/frontend-backend-integration.test.tsx[2m > [22mFrontend-Backend Integration & Resilience[2m > [22mAPI Service Integration[2m > [22msends POST requests with authentication headers[32m 3[2mms[22m[39m
 [32m✓[39m tests/integration/frontend-backend-integration.test.tsx[2m > [22mFrontend-Backend Integration & Resilience[2m > [22mAPI Service Integration[2m > [22mincludes authentication tokens in requests[32m 1[2mms[22m[39m
 [32m✓[39m tests/integration/frontend-backend-integration.test.tsx[2m > [22mFrontend-Backend Integration & Resilience[2m > [22mData Synchronization and Caching[2m > [22minvalidates stale cache data[32m 9[2mms[22m[39m
 [32m✓[39m tests/integration/frontend-backend-integration.test.tsx[2m > [22mFrontend-Backend Integration & Resilience[2m > [22mData Synchronization and Caching[2m > [22mhandles concurrent API requests efficiently[32m 5[2mms[22m[39m
[90mstderr[2m | tests/integration/frontend-backend-integration.test.tsx[2m > [22m[2mFrontend-Backend Integration & Resilience[2m > [22m[2mOffline Support and Queue Management[2m > [22m[2mhandles partial sync failures gracefully
[22m[39mAPI Error { context: [32m'post-/api/sync'[39m } Error: Sync failed
    at [90m/Users/abhijita/Documents/Project-Prahlada/[39mtests/integration/frontend-backend-integration.test.tsx:252:32
    at [90mfile:///Users/abhijita/Documents/Project-Prahlada/[39mnode_modules/[4m@vitest/runner[24m/dist/index.js:145:11
    at [90mfile:///Users/abhijita/Documents/Project-Prahlada/[39mnode_modules/[4m@vitest/runner[24m/dist/index.js:912:26
    at [90mfile:///Users/abhijita/Documents/Project-Prahlada/[39mnode_modules/[4m@vitest/runner[24m/dist/index.js:1237:20
    at new Promise (<anonymous>)
    at runWithTimeout [90m(file:///Users/abhijita/Documents/Project-Prahlada/[39mnode_modules/[4m@vitest/runner[24m/dist/index.js:1203:10[90m)[39m
    at [90mfile:///Users/abhijita/Documents/Project-Prahlada/[39mnode_modules/[4m@vitest/runner[24m/dist/index.js:1647:37
    at Traces.$ [90m(file:///Users/abhijita/Documents/Project-Prahlada/[39mnode_modules/[4mvitest[24m/dist/chunks/traces.U4xDYhzZ.js:115:27[90m)[39m
    at trace [90m(file:///Users/abhijita/Documents/Project-Prahlada/[39mnode_modules/[4mvitest[24m/dist/chunks/test.DqQZzsWf.js:234:21[90m)[39m
    at runTest [90m(file:///Users/abhijita/Documents/Project-Prahlada/[39mnode_modules/[4m@vitest/runner[24m/dist/index.js:1647:12[90m)[39m

 [32m✓[39m tests/integration/frontend-backend-integration.test.tsx[2m > [22mFrontend-Backend Integration & Resilience[2m > [22mError Recovery and Retry Logic[2m > [22mhandles permanent failures gracefully[32m 263[2mms[22m[39m
 [32m✓[39m tests/integration/frontend-backend-integration.test.tsx[2m > [22mFrontend-Backend Integration & Resilience[2m > [22mOffline Support and Queue Management[2m > [22mqueues requests when offline[32m 5[2mms[22m[39m
 [32m✓[39m tests/integration/frontend-backend-integration.test.tsx[2m > [22mFrontend-Backend Integration & Resilience[2m > [22mOffline Support and Queue Management[2m > [22msyncs queued requests when back online[32m 0[2mms[22m[39m
 [32m✓[39m tests/integration/frontend-backend-integration.test.tsx[2m > [22mFrontend-Backend Integration & Resilience[2m > [22mOffline Support and Queue Management[2m > [22mhandles partial sync failures gracefully[32m 3[2mms[22m[39m
 [32m✓[39m tests/integration/frontend-backend-integration.test.tsx[2m > [22mFrontend-Backend Integration & Resilience[2m > [22mReal-time Data Updates (WebSocket/SSE)[2m > [22minitializes WebSocket connection logic[32m 1[2mms[22m[39m
 [32m✓[39m tests/integration/frontend-backend-integration.test.tsx[2m > [22mFrontend-Backend Integration & Resilience[2m > [22mAuthentication and Session Management[2m > [22mhandles token refresh logic[32m 17[2mms[22m[39m
 [32m✓[39m tests/integration/frontend-backend-integration.test.tsx[2m > [22mFrontend-Backend Integration & Resilience[2m > [22mAuthentication and Session Management[2m > [22mvalidates authentication state[32m 0[2mms[22m[39m
 [32m✓[39m tests/integration/frontend-backend-integration.test.tsx[2m > [22mFrontend-Backend Integration & Resilience[2m > [22mAuthentication and Session Management[2m > [22mmaintains session across page reloads[32m 11[2mms[22m[39m
[90mstderr[2m | tests/components/MapBoxVisualRendering.test.tsx[2m > [22m[2mMapBoxVisual Rendering[2m > [22m[2mrenders the map container
[22m[39mWarning: Function components cannot be given refs. Attempts to access this ref will fail. Did you mean to use React.forwardRef()?

Check the render method of `MapBoxVisual`.
    at MockMap (/Users/abhijita/Documents/Project-Prahlada/tests/setup.ts:70:22)
    at div
    at MapBoxVisual (/Users/abhijita/Documents/Project-Prahlada/components/analytics/MapBoxVisual.tsx:29:3)
Warning: Received `true` for a non-boolean attribute `cluster`.

If you want to write it to the DOM, pass a string instead: cluster="true" or cluster={value.toString()}.
    at div
    at Source (/Users/abhijita/Documents/Project-Prahlada/tests/setup.ts:107:21)
    at div
    at MockMap (/Users/abhijita/Documents/Project-Prahlada/tests/setup.ts:70:22)
    at div
    at MapBoxVisual (/Users/abhijita/Documents/Project-Prahlada/components/analytics/MapBoxVisual.tsx:29:3)
Warning: React does not recognize the `clusterMaxZoom` prop on a DOM element. If you intentionally want it to appear in the DOM as a custom attribute, spell it as lowercase `clustermaxzoom` instead. If you accidentally passed it from a parent component, remove it from the DOM element.
    at div
    at Source (/Users/abhijita/Documents/Project-Prahlada/tests/setup.ts:107:21)
    at div
    at MockMap (/Users/abhijita/Documents/Project-Prahlada/tests/setup.ts:70:22)
    at div
    at MapBoxVisual (/Users/abhijita/Documents/Project-Prahlada/components/analytics/MapBoxVisual.tsx:29:3)
Warning: React does not recognize the `clusterRadius` prop on a DOM element. If you intentionally want it to appear in the DOM as a custom attribute, spell it as lowercase `clusterradius` instead. If you accidentally passed it from a parent component, remove it from the DOM element.
    at div
    at Source (/Users/abhijita/Documents/Project-Prahlada/tests/setup.ts:107:21)
    at div
    at MockMap (/Users/abhijita/Documents/Project-Prahlada/tests/setup.ts:70:22)
    at div
    at MapBoxVisual (/Users/abhijita/Documents/Project-Prahlada/components/analytics/MapBoxVisual.tsx:29:3)

[90mstderr[2m | tests/mapbox/MapBoxVisual.test.tsx[2m > [22m[2mMapBoxVisual Component[2m > [22m[2mrenders the map container
[22m[39mWarning: Function components cannot be given refs. Attempts to access this ref will fail. Did you mean to use React.forwardRef()?

Check the render method of `MapBoxVisual`.
    at MockMap (/Users/abhijita/Documents/Project-Prahlada/tests/setup.ts:70:22)
    at div
    at MapBoxVisual (/Users/abhijita/Documents/Project-Prahlada/components/analytics/MapBoxVisual.tsx:29:3)
Warning: Received `true` for a non-boolean attribute `cluster`.

If you want to write it to the DOM, pass a string instead: cluster="true" or cluster={value.toString()}.
    at div
    at Source (/Users/abhijita/Documents/Project-Prahlada/tests/setup.ts:107:21)
    at div
    at MockMap (/Users/abhijita/Documents/Project-Prahlada/tests/setup.ts:70:22)
    at div
    at MapBoxVisual (/Users/abhijita/Documents/Project-Prahlada/components/analytics/MapBoxVisual.tsx:29:3)
Warning: React does not recognize the `clusterMaxZoom` prop on a DOM element. If you intentionally want it to appear in the DOM as a custom attribute, spell it as lowercase `clustermaxzoom` instead. If you accidentally passed it from a parent component, remove it from the DOM element.
    at div
    at Source (/Users/abhijita/Documents/Project-Prahlada/tests/setup.ts:107:21)
    at div
    at MockMap (/Users/abhijita/Documents/Project-Prahlada/tests/setup.ts:70:22)
    at div
    at MapBoxVisual (/Users/abhijita/Documents/Project-Prahlada/components/analytics/MapBoxVisual.tsx:29:3)
Warning: React does not recognize the `clusterRadius` prop on a DOM element. If you intentionally want it to appear in the DOM as a custom attribute, spell it as lowercase `clusterradius` instead. If you accidentally passed it from a parent component, remove it from the DOM element.
    at div
    at Source (/Users/abhijita/Documents/Project-Prahlada/tests/setup.ts:107:21)
    at div
    at MockMap (/Users/abhijita/Documents/Project-Prahlada/tests/setup.ts:70:22)
    at div
    at MapBoxVisual (/Users/abhijita/Documents/Project-Prahlada/components/analytics/MapBoxVisual.tsx:29:3)

 [32m✓[39m tests/accessibility/accessibility.test.tsx[2m > [22mAccessibility & Screen Reader Flow[2m > [22mScreen Reader Navigation[2m > [22mprovides proper heading hierarchy[33m 598[2mms[22m[39m
 [32m✓[39m tests/accessibility/accessibility.test.tsx[2m > [22mAccessibility & Screen Reader Flow[2m > [22mScreen Reader Navigation[2m > [22mincludes skip links for navigation[32m 17[2mms[22m[39m
 [32m✓[39m tests/accessibility/accessibility.test.tsx[2m > [22mAccessibility & Screen Reader Flow[2m > [22mARIA Labels and Descriptions[2m > [22mprovides ARIA labels for complex components[32m 30[2mms[22m[39m
 [32m✓[39m tests/accessibility/accessibility.test.tsx[2m > [22mAccessibility & Screen Reader Flow[2m > [22mARIA Labels and Descriptions[2m > [22mincludes descriptive alt text for images[32m 6[2mms[22m[39m
 [32m✓[39m tests/accessibility/accessibility.test.tsx[2m > [22mAccessibility & Screen Reader Flow[2m > [22mKeyboard Navigation[2m > [22msupports Tab key navigation through interactive elements[32m 17[2mms[22m[39m
 [32m✓[39m tests/components/MapBoxVisualRendering.test.tsx[2m > [22mMapBoxVisual Rendering[2m > [22mrenders the map container[33m 470[2mms[22m[39m
 [32m✓[39m tests/components/MapBoxVisualRendering.test.tsx[2m > [22mMapBoxVisual Rendering[2m > [22mrenders specific markers with Hindi labels[32m 45[2mms[22m[39m
 [32m✓[39m tests/components/MapBoxVisualRendering.test.tsx[2m > [22mMapBoxVisual Rendering[2m > [22mrenders the legend[32m 29[2mms[22m[39m
 [32m✓[39m tests/components/MapBoxVisualRendering.test.tsx[2m > [22mMapBoxVisual Rendering[2m > [22mrenders marker pins[32m 32[2mms[22m[39m
 [32m✓[39m tests/accessibility/accessibility.test.tsx[2m > [22mAccessibility & Screen Reader Flow[2m > [22mKeyboard Navigation[2m > [22mprovides visible focus indicators[32m 48[2mms[22m[39m
 [32m✓[39m tests/accessibility/accessibility.test.tsx[2m > [22mAccessibility & Screen Reader Flow[2m > [22mColor Contrast and Visual Accessibility[2m > [22mmaintains WCAG AA contrast ratios[32m 0[2mms[22m[39m
 [32m✓[39m tests/accessibility/accessibility.test.tsx[2m > [22mAccessibility & Screen Reader Flow[2m > [22mColor Contrast and Visual Accessibility[2m > [22mprovides sufficient color contrast for links[32m 6[2mms[22m[39m
 [32m✓[39m tests/accessibility/accessibility.test.tsx[2m > [22mAccessibility & Screen Reader Flow[2m > [22mForm Accessibility[2m > [22massociates labels with form controls[32m 8[2mms[22m[39m
 [32m✓[39m tests/accessibility/accessibility.test.tsx[2m > [22mAccessibility & Screen Reader Flow[2m > [22mForm Accessibility[2m > [22mprovides error messages for form validation[32m 8[2mms[22m[39m
 [32m✓[39m tests/integration/frontend-backend-integration.test.tsx[2m > [22mFrontend-Backend Integration & Resilience[2m > [22mPerformance Monitoring and Optimization[2m > [22mtracks API response times[32m 110[2mms[22m[39m
 [32m✓[39m tests/integration/frontend-backend-integration.test.tsx[2m > [22mFrontend-Backend Integration & Resilience[2m > [22mPerformance Monitoring and Optimization[2m > [22mimplements request deduplication[32m 52[2mms[22m[39m
 [32m✓[39m tests/mapbox/MapBoxVisual.test.tsx[2m > [22mMapBoxVisual Component[2m > [22mrenders the map container[32m 99[2mms[22m[39m
 [32m✓[39m tests/mapbox/MapBoxVisual.test.tsx[2m > [22mMapBoxVisual Component[2m > [22mdisplays loading state[32m 42[2mms[22m[39m
 [32m✓[39m tests/mapbox/MapBoxVisual.test.tsx[2m > [22mMapBoxVisual Component[2m > [22mdisplays district name[32m 36[2mms[22m[39m
 [32m✓[39m tests/mapbox/MapBoxVisual.test.tsx[2m > [22mMapBoxVisual Component[2m > [22mshows legend with Hindi labels[32m 15[2mms[22m[39m
 [32m✓[39m tests/integration/frontend-backend-integration.test.tsx[2m > [22mFrontend-Backend Integration & Resilience[2m > [22mPerformance Monitoring and Optimization[2m > [22mprovides request cancellation support[32m 206[2mms[22m[39m
 [32m✓[39m tests/mindmap/interaction-animation.test.tsx[2m > [22mD3 HierarchyMindMap - Interaction & Animation[2m > [22mHover Interactions[2m > [22mshows glow effect on node hover[32m 179[2mms[22m[39m
 [32m✓[39m tests/mindmap/interaction-animation.test.tsx[2m > [22mD3 HierarchyMindMap - Interaction & Animation[2m > [22mHover Interactions[2m > [22mdisplays Hindi tooltip with visit count on hover[32m 29[2mms[22m[39m
 [2m[90m↓[39m[22m tests/mindmap/interaction-animation.test.tsx[2m > [22mD3 HierarchyMindMap - Interaction & Animation[2m > [22mHover Interactions[2m > [22mprovides scale animation on hover
 [32m✓[39m tests/mindmap/interaction-animation.test.tsx[2m > [22mD3 HierarchyMindMap - Interaction & Animation[2m > [22mClick Expand/Collapse[2m > [22mexpands/collapses children on node click[32m 33[2mms[22m[39m
 [2m[90m↓[39m[22m tests/mindmap/interaction-animation.test.tsx[2m > [22mD3 HierarchyMindMap - Interaction & Animation[2m > [22mClick Expand/Collapse[2m > [22mmaintains correct CSS classes on expand/collapse
 [32m✓[39m tests/mapbox/MapBoxVisual.test.tsx[2m > [22mMapBoxVisual Component[2m > [22mrenders map style toggle[32m 45[2mms[22m[39m
 [32m✓[39m tests/mapbox/MapBoxVisual.test.tsx[2m > [22mMapBoxVisual Component[2m > [22mrenders cluster toggle[32m 7[2mms[22m[39m
 [32m✓[39m tests/mapbox/MapBoxVisual.test.tsx[2m > [22mMapBoxVisual Component[2m > [22mtoggles map style on click[32m 77[2mms[22m[39m
[90mstderr[2m | tests/pages/Review.test.tsx[2m > [22m[2mReview Page[2m > [22m[2mrenders the review page with event cards
[22m[39m⚠️ React Router Future Flag Warning: React Router will begin wrapping state updates in `React.startTransition` in v7. You can use the `v7_startTransition` future flag to opt-in early. For more information, see https://reactrouter.com/v6/upgrading/future#v7_starttransition.
⚠️ React Router Future Flag Warning: Relative route resolution within Splat routes is changing in v7. You can use the `v7_relativeSplatPath` future flag to opt-in early. For more information, see https://reactrouter.com/v6/upgrading/future#v7_relativesplatpath.

 [32m✓[39m tests/mapbox/MapBoxVisual.test.tsx[2m > [22mMapBoxVisual Component[2m > [22mrenders fullscreen button[32m 30[2mms[22m[39m
 [32m✓[39m tests/mapbox/MapBoxVisual.test.tsx[2m > [22mMapBoxVisual Component[2m > [22mrenders with empty locations[32m 25[2mms[22m[39m
 [32m✓[39m tests/mapbox/MapBoxVisual.test.tsx[2m > [22mMapBoxVisual Component[2m > [22maccepts custom API key[32m 46[2mms[22m[39m
 [32m✓[39m tests/mapbox/MapBoxVisual.test.tsx[2m > [22mMapBoxVisual Component[2m > [22mapplies proper styling classes[32m 11[2mms[22m[39m
[90mstderr[2m | tests/pages/Review.test.tsx[2m > [22m[2mReview Page[2m > [22m[2mrenders the review page with event cards
[22m[39mWarning: Received `true` for a non-boolean attribute `layout`.

If you want to write it to the DOM, pass a string instead: layout="true" or layout={value.toString()}.
    at div
    at /Users/abhijita/Documents/Project-Prahlada/tests/setup.ts:37:19
    at ReviewCard (/Users/abhijita/Documents/Project-Prahlada/components/ReviewCard.tsx:109:23)
    at div
    at div
    at div
    at div
    at /Users/abhijita/Documents/Project-Prahlada/tests/setup.ts:37:19
    at AnimatedGlassCard (/Users/abhijita/Documents/Project-Prahlada/components/AnimatedGlassCard.tsx:25:3)
    at div
    at div
    at div
    at Review (/Users/abhijita/Documents/Project-Prahlada/pages/Review.tsx:159:96)
    at Router (/Users/abhijita/Documents/Project-Prahlada/node_modules/react-router/dist/umd/react-router.development.js:1207:17)
    at HashRouter (/Users/abhijita/Documents/Project-Prahlada/node_modules/react-router-dom/dist/umd/react-router-dom.development.js:735:7)
    at AuthProvider (/Users/abhijita/Documents/Project-Prahlada/contexts/AuthContext.tsx:11:25)
    at ConfigProvider (/Users/abhijita/Documents/Project-Prahlada/contexts/ConfigContext.tsx:10:27)
    at AllTheProviders (/Users/abhijita/Documents/Project-Prahlada/tests/test-utils.tsx:30:28)

[90mstderr[2m | tests/pages/Review.test.tsx[2m > [22m[2mReview Page[2m > [22m[2mhandles API errors gracefully
[22m[39mFailed to fetch events: Error: API Error
    at [90m/Users/abhijita/Documents/Project-Prahlada/[39mtests/pages/Review.test.tsx:55:45
    at [90mfile:///Users/abhijita/Documents/Project-Prahlada/[39mnode_modules/[4m@vitest/runner[24m/dist/index.js:145:11
    at [90mfile:///Users/abhijita/Documents/Project-Prahlada/[39mnode_modules/[4m@vitest/runner[24m/dist/index.js:912:26
    at [90mfile:///Users/abhijita/Documents/Project-Prahlada/[39mnode_modules/[4m@vitest/runner[24m/dist/index.js:1237:20
    at new Promise (<anonymous>)
    at runWithTimeout [90m(file:///Users/abhijita/Documents/Project-Prahlada/[39mnode_modules/[4m@vitest/runner[24m/dist/index.js:1203:10[90m)[39m
    at [90mfile:///Users/abhijita/Documents/Project-Prahlada/[39mnode_modules/[4m@vitest/runner[24m/dist/index.js:1647:37
    at Traces.$ [90m(file:///Users/abhijita/Documents/Project-Prahlada/[39mnode_modules/[4mvitest[24m/dist/chunks/traces.U4xDYhzZ.js:115:27[90m)[39m
    at trace [90m(file:///Users/abhijita/Documents/Project-Prahlada/[39mnode_modules/[4mvitest[24m/dist/chunks/test.DqQZzsWf.js:234:21[90m)[39m
    at runTest [90m(file:///Users/abhijita/Documents/Project-Prahlada/[39mnode_modules/[4m@vitest/runner[24m/dist/index.js:1647:12[90m)[39m
API Error { context: [32m'get-/config'[39m } Error: API Error
    at [90m/Users/abhijita/Documents/Project-Prahlada/[39mtests/pages/Review.test.tsx:55:45
    at [90mfile:///Users/abhijita/Documents/Project-Prahlada/[39mnode_modules/[4m@vitest/runner[24m/dist/index.js:145:11
    at [90mfile:///Users/abhijita/Documents/Project-Prahlada/[39mnode_modules/[4m@vitest/runner[24m/dist/index.js:912:26
    at [90mfile:///Users/abhijita/Documents/Project-Prahlada/[39mnode_modules/[4m@vitest/runner[24m/dist/index.js:1237:20
    at new Promise (<anonymous>)
    at runWithTimeout [90m(file:///Users/abhijita/Documents/Project-Prahlada/[39mnode_modules/[4m@vitest/runner[24m/dist/index.js:1203:10[90m)[39m
    at [90mfile:///Users/abhijita/Documents/Project-Prahlada/[39mnode_modules/[4m@vitest/runner[24m/dist/index.js:1647:37
    at Traces.$ [90m(file:///Users/abhijita/Documents/Project-Prahlada/[39mnode_modules/[4mvitest[24m/dist/chunks/traces.U4xDYhzZ.js:115:27[90m)[39m
    at trace [90m(file:///Users/abhijita/Documents/Project-Prahlada/[39mnode_modules/[4mvitest[24m/dist/chunks/test.DqQZzsWf.js:234:21[90m)[39m
    at runTest [90m(file:///Users/abhijita/Documents/Project-Prahlada/[39mnode_modules/[4m@vitest/runner[24m/dist/index.js:1647:12[90m)[39m

[90mstderr[2m | tests/pages/Review.test.tsx[2m > [22m[2mReview Page[2m > [22m[2mhandles API errors gracefully
[22m[39mFailed to load config Error: API Error
    at [90m/Users/abhijita/Documents/Project-Prahlada/[39mtests/pages/Review.test.tsx:55:45
    at [90mfile:///Users/abhijita/Documents/Project-Prahlada/[39mnode_modules/[4m@vitest/runner[24m/dist/index.js:145:11
    at [90mfile:///Users/abhijita/Documents/Project-Prahlada/[39mnode_modules/[4m@vitest/runner[24m/dist/index.js:912:26
    at [90mfile:///Users/abhijita/Documents/Project-Prahlada/[39mnode_modules/[4m@vitest/runner[24m/dist/index.js:1237:20
    at new Promise (<anonymous>)
    at runWithTimeout [90m(file:///Users/abhijita/Documents/Project-Prahlada/[39mnode_modules/[4m@vitest/runner[24m/dist/index.js:1203:10[90m)[39m
    at [90mfile:///Users/abhijita/Documents/Project-Prahlada/[39mnode_modules/[4m@vitest/runner[24m/dist/index.js:1647:37
    at Traces.$ [90m(file:///Users/abhijita/Documents/Project-Prahlada/[39mnode_modules/[4mvitest[24m/dist/chunks/traces.U4xDYhzZ.js:115:27[90m)[39m
    at trace [90m(file:///Users/abhijita/Documents/Project-Prahlada/[39mnode_modules/[4mvitest[24m/dist/chunks/test.DqQZzsWf.js:234:21[90m)[39m
    at runTest [90m(file:///Users/abhijita/Documents/Project-Prahlada/[39mnode_modules/[4m@vitest/runner[24m/dist/index.js:1647:12[90m)[39m

 [32m✓[39m tests/pages/Review.test.tsx[2m > [22mReview Page[2m > [22mrenders the review page with event cards[32m 232[2mms[22m[39m
 [32m✓[39m tests/pages/Review.test.tsx[2m > [22mReview Page[2m > [22mhandles API errors gracefully[32m 18[2mms[22m[39m
 [32m✓[39m tests/mindmap/edge-case-hierarchies.test.tsx[2m > [22mD3 HierarchyMindMap - Edge-Case Hierarchies[2m > [22mMissing Hierarchy Levels[2m > [22mhandles district-to-block direct connection[32m 182[2mms[22m[39m
 [32m✓[39m tests/mindmap/edge-case-hierarchies.test.tsx[2m > [22mD3 HierarchyMindMap - Edge-Case Hierarchies[2m > [22mMissing Hierarchy Levels[2m > [22mrenders district-to-village direct hierarchy[32m 13[2mms[22m[39m
 [32m✓[39m tests/mindmap/edge-case-hierarchies.test.tsx[2m > [22mD3 HierarchyMindMap - Edge-Case Hierarchies[2m > [22mMissing Hierarchy Levels[2m > [22mdisplays notice for incomplete hierarchy[32m 21[2mms[22m[39m
 [32m✓[39m tests/mindmap/edge-case-hierarchies.test.tsx[2m > [22mD3 HierarchyMindMap - Edge-Case Hierarchies[2m > [22mULB (Urban Local Body) Mode[2m > [22mrenders corporation-zone-ward hierarchy[32m 53[2mms[22m[39m
 [32m✓[39m tests/mindmap/edge-case-hierarchies.test.tsx[2m > [22mD3 HierarchyMindMap - Edge-Case Hierarchies[2m > [22mULB (Urban Local Body) Mode[2m > [22mhandles municipality hierarchy[32m 6[2mms[22m[39m
 [32m✓[39m tests/mindmap/interaction-animation.test.tsx[2m > [22mD3 HierarchyMindMap - Interaction & Animation[2m > [22mClick Expand/Collapse[2m > [22manimates expand/collapse smoothly[33m 367[2mms[22m[39m
 [2m[90m↓[39m[22m tests/mindmap/interaction-animation.test.tsx[2m > [22mD3 HierarchyMindMap - Interaction & Animation[2m > [22mZoom and Pan Operations[2m > [22msupports mouse wheel zoom
 [32m✓[39m tests/mindmap/interaction-animation.test.tsx[2m > [22mD3 HierarchyMindMap - Interaction & Animation[2m > [22mZoom and Pan Operations[2m > [22mhandles mouse drag for panning[32m 13[2mms[22m[39m
 [32m✓[39m tests/mindmap/interaction-animation.test.tsx[2m > [22mD3 HierarchyMindMap - Interaction & Animation[2m > [22mZoom and Pan Operations[2m > [22mmaintains smooth zoom transitions[32m 12[2mms[22m[39m
 [32m✓[39m tests/mindmap/interaction-animation.test.tsx[2m > [22mD3 HierarchyMindMap - Interaction & Animation[2m > [22mAnimation State Management[2m > [22mprevents random jumps during animations[32m 19[2mms[22m[39m
 [32m✓[39m tests/mindmap/interaction-animation.test.tsx[2m > [22mD3 HierarchyMindMap - Interaction & Animation[2m > [22mAnimation State Management[2m > [22mcoordinates multiple simultaneous animations[32m 10[2mms[22m[39m
 [32m✓[39m tests/mindmap/interaction-animation.test.tsx[2m > [22mD3 HierarchyMindMap - Interaction & Animation[2m > [22mAnimation State Management[2m > [22mrespects reduced motion preferences[32m 10[2mms[22m[39m
 [32m✓[39m tests/mindmap/interaction-animation.test.tsx[2m > [22mD3 HierarchyMindMap - Interaction & Animation[2m > [22mAccessibility Interactions[2m > [22msupports keyboard navigation[32m 15[2mms[22m[39m
 [32m✓[39m tests/mindmap/interaction-animation.test.tsx[2m > [22mD3 HierarchyMindMap - Interaction & Animation[2m > [22mAccessibility Interactions[2m > [22mprovides screen reader announcements[32m 10[2mms[22m[39m
 [32m✓[39m tests/mindmap/edge-case-hierarchies.test.tsx[2m > [22mD3 HierarchyMindMap - Edge-Case Hierarchies[2m > [22mEmpty and Minimal Data Handling[2m > [22mrenders single node hierarchy[32m 5[2mms[22m[39m
 [32m✓[39m tests/mindmap/edge-case-hierarchies.test.tsx[2m > [22mD3 HierarchyMindMap - Edge-Case Hierarchies[2m > [22mEmpty and Minimal Data Handling[2m > [22mhandles null/undefined children gracefully[32m 7[2mms[22m[39m
 [32m✓[39m tests/mindmap/edge-case-hierarchies.test.tsx[2m > [22mD3 HierarchyMindMap - Edge-Case Hierarchies[2m > [22mEmpty and Minimal Data Handling[2m > [22mprocesses very deep hierarchies without breaking[32m 9[2mms[22m[39m
 [32m✓[39m tests/mindmap/edge-case-hierarchies.test.tsx[2m > [22mD3 HierarchyMindMap - Edge-Case Hierarchies[2m > [22mData Type Variations[2m > [22mhandles numeric visit counts as strings[32m 6[2mms[22m[39m
 [32m✓[39m tests/mindmap/edge-case-hierarchies.test.tsx[2m > [22mD3 HierarchyMindMap - Edge-Case Hierarchies[2m > [22mData Type Variations[2m > [22mprocesses zero and negative visit counts[32m 7[2mms[22m[39m
 [32m✓[39m tests/mindmap/edge-case-hierarchies.test.tsx[2m > [22mD3 HierarchyMindMap - Edge-Case Hierarchies[2m > [22mData Type Variations[2m > [22mmanages very large visit numbers[32m 11[2mms[22m[39m
 [32m✓[39m tests/mindmap/edge-case-hierarchies.test.tsx[2m > [22mD3 HierarchyMindMap - Edge-Case Hierarchies[2m > [22mSpecial Characters and Unicode[2m > [22mrenders complex Devanagari combinations[32m 6[2mms[22m[39m
 [32m✓[39m tests/mindmap/edge-case-hierarchies.test.tsx[2m > [22mD3 HierarchyMindMap - Edge-Case Hierarchies[2m > [22mSpecial Characters and Unicode[2m > [22mhandles mixed valid/invalid Unicode[32m 6[2mms[22m[39m
 [32m✓[39m tests/mindmap/edge-case-hierarchies.test.tsx[2m > [22mD3 HierarchyMindMap - Edge-Case Hierarchies[2m > [22mDynamic Hierarchy Updates[2m > [22mhandles hierarchy structure changes[32m 17[2mms[22m[39m
 [32m✓[39m tests/mindmap/edge-case-hierarchies.test.tsx[2m > [22mD3 HierarchyMindMap - Edge-Case Hierarchies[2m > [22mDynamic Hierarchy Updates[2m > [22madapts to different hierarchy depths[32m 8[2mms[22m[39m
 [32m✓[39m tests/mindmap/interaction-animation.test.tsx[2m > [22mD3 HierarchyMindMap - Interaction & Animation[2m > [22mPerformance During Interactions[2m > [22mmaintains frame rate during rapid interactions[32m 61[2mms[22m[39m
 [32m✓[39m tests/mindmap/interaction-animation.test.tsx[2m > [22mD3 HierarchyMindMap - Interaction & Animation[2m > [22mPerformance During Interactions[2m > [22mdebounces rapid hover events[32m 16[2mms[22m[39m
 [32m✓[39m tests/components/HierarchyMindMap.test.tsx[2m > [22mHierarchyMindMap[2m > [22mrenders SVG element[32m 251[2mms[22m[39m
 [32m✓[39m tests/components/HierarchyMindMap.test.tsx[2m > [22mHierarchyMindMap[2m > [22mrenders Hindi labels correctly[32m 93[2mms[22m[39m
 [32m✓[39m tests/components/HierarchyMindMap.test.tsx[2m > [22mHierarchyMindMap[2m > [22mrenders Legend in Hindi[32m 42[2mms[22m[39m
[90mstdout[2m | tests/accessibility/ChartsAndMapsNarration.test.tsx
[22m[39mRunning tests/setup.ts

[90mstdout[2m | tests/mindmap/hierarchy-correctness.test.tsx
[22m[39mRunning tests/setup.ts

[90mstdout[2m | tests/visual-regression/z-index-overlays.test.tsx
[22m[39mRunning tests/setup.ts

[90mstdout[2m | tests/pages/ReviewBreadcrumbs.test.tsx
[22m[39mRunning tests/setup.ts

[90mstdout[2m | tests/components/charts/CustomPieChart.test.tsx
[22m[39mRunning tests/setup.ts

[90mstdout[2m | tests/animation/layout-thrashing-check.test.tsx
[22m[39mRunning tests/setup.ts

[90mstdout[2m | tests/telemetry/error-boundaries.test.tsx
[22m[39mRunning tests/setup.ts

[90mstdout[2m | tests/charts/chart-visualization.test.tsx
[22m[39mRunning tests/setup.ts

Error: Uncaught [Error: Test error]
    at reportException (/Users/abhijita/Documents/Project-Prahlada/node_modules/jsdom/lib/jsdom/living/helpers/runtime-script-errors.js:66:24)
    at innerInvokeEventListeners (/Users/abhijita/Documents/Project-Prahlada/node_modules/jsdom/lib/jsdom/living/events/EventTarget-impl.js:353:9)
    at invokeEventListeners (/Users/abhijita/Documents/Project-Prahlada/node_modules/jsdom/lib/jsdom/living/events/EventTarget-impl.js:286:3)
    at HTMLUnknownElementImpl._dispatch (/Users/abhijita/Documents/Project-Prahlada/node_modules/jsdom/lib/jsdom/living/events/EventTarget-impl.js:233:9)
    at HTMLUnknownElementImpl.dispatchEvent (/Users/abhijita/Documents/Project-Prahlada/node_modules/jsdom/lib/jsdom/living/events/EventTarget-impl.js:104:17)
    at HTMLUnknownElement.dispatchEvent (/Users/abhijita/Documents/Project-Prahlada/node_modules/jsdom/lib/jsdom/living/generated/EventTarget.js:241:34)
    at Object.invokeGuardedCallbackDev (/Users/abhijita/Documents/Project-Prahlada/node_modules/react-dom/cjs/react-dom.development.js:4213:16)
    at invokeGuardedCallback (/Users/abhijita/Documents/Project-Prahlada/node_modules/react-dom/cjs/react-dom.development.js:4277:31)
    at beginWork$1 (/Users/abhijita/Documents/Project-Prahlada/node_modules/react-dom/cjs/react-dom.development.js:27490:7)
    at performUnitOfWork (/Users/abhijita/Documents/Project-Prahlada/node_modules/react-dom/cjs/react-dom.development.js:26599:12) Error: Test error
    at ThrowError (/Users/abhijita/Documents/Project-Prahlada/tests/telemetry/error-boundaries.test.tsx:19:15)
    at renderWithHooks (/Users/abhijita/Documents/Project-Prahlada/node_modules/react-dom/cjs/react-dom.development.js:15486:18)
    at mountIndeterminateComponent (/Users/abhijita/Documents/Project-Prahlada/node_modules/react-dom/cjs/react-dom.development.js:20103:13)
    at beginWork (/Users/abhijita/Documents/Project-Prahlada/node_modules/react-dom/cjs/react-dom.development.js:21626:16)
    at HTMLUnknownElement.callCallback (/Users/abhijita/Documents/Project-Prahlada/node_modules/react-dom/cjs/react-dom.development.js:4164:14)
    at HTMLUnknownElement.callTheUserObjectsOperation (/Users/abhijita/Documents/Project-Prahlada/node_modules/jsdom/lib/jsdom/living/generated/EventListener.js:26:30)
    at innerInvokeEventListeners (/Users/abhijita/Documents/Project-Prahlada/node_modules/jsdom/lib/jsdom/living/events/EventTarget-impl.js:350:25)
    at invokeEventListeners (/Users/abhijita/Documents/Project-Prahlada/node_modules/jsdom/lib/jsdom/living/events/EventTarget-impl.js:286:3)
    at HTMLUnknownElementImpl._dispatch (/Users/abhijita/Documents/Project-Prahlada/node_modules/jsdom/lib/jsdom/living/events/EventTarget-impl.js:233:9)
    at HTMLUnknownElementImpl.dispatchEvent (/Users/abhijita/Documents/Project-Prahlada/node_modules/jsdom/lib/jsdom/living/events/EventTarget-impl.js:104:17)
[90mstderr[2m | tests/visual-regression/z-index-overlays.test.tsx[2m > [22m[2mZ-Index & Overlay Tests[2m > [22m[2mDropdown and Modal Overlays[2m > [22m[2mpositions dropdowns above navigation and content
[22m[39m⚠️ React Router Future Flag Warning: React Router will begin wrapping state updates in `React.startTransition` in v7. You can use the `v7_startTransition` future flag to opt-in early. For more information, see https://reactrouter.com/v6/upgrading/future#v7_starttransition.
⚠️ React Router Future Flag Warning: Relative route resolution within Splat routes is changing in v7. You can use the `v7_relativeSplatPath` future flag to opt-in early. For more information, see https://reactrouter.com/v6/upgrading/future#v7_relativesplatpath.

 [32m✓[39m tests/visual-regression/z-index-overlays.test.tsx[2m > [22mZ-Index & Overlay Tests[2m > [22mTooltip Z-Index Management[2m > [22mensures tooltips appear above glass layers[32m 78[2mms[22m[39m
 [32m✓[39m tests/visual-regression/z-index-overlays.test.tsx[2m > [22mZ-Index & Overlay Tests[2m > [22mTooltip Z-Index Management[2m > [22mmaintains tooltip visibility over charts[32m 7[2mms[22m[39m
 [32m✓[39m tests/mindmap/hierarchy-correctness.test.tsx[2m > [22mD3 HierarchyMindMap - Hierarchy Correctness[2m > [22mFAISS Metadata Structure Validation[2m > [22mrenders district as root node with correct Hindi label[32m 224[2mms[22m[39m
 [32m✓[39m tests/mindmap/hierarchy-correctness.test.tsx[2m > [22mD3 HierarchyMindMap - Hierarchy Correctness[2m > [22mFAISS Metadata Structure Validation[2m > [22mdisplays constituency as first child level[32m 43[2mms[22m[39m
 [32m✓[39m tests/mindmap/hierarchy-correctness.test.tsx[2m > [22mD3 HierarchyMindMap - Hierarchy Correctness[2m > [22mFAISS Metadata Structure Validation[2m > [22mshows block as second level with correct Hindi text[32m 20[2mms[22m[39m
 [32m✓[39m tests/mindmap/hierarchy-correctness.test.tsx[2m > [22mD3 HierarchyMindMap - Hierarchy Correctness[2m > [22mFAISS Metadata Structure Validation[2m > [22mrenders gram panchayat as third level[32m 19[2mms[22m[39m
 [32m✓[39m tests/visual-regression/z-index-overlays.test.tsx[2m > [22mZ-Index & Overlay Tests[2m > [22mDropdown and Modal Overlays[2m > [22mpositions dropdowns above navigation and content[32m 25[2mms[22m[39m
 [32m✓[39m tests/visual-regression/z-index-overlays.test.tsx[2m > [22mZ-Index & Overlay Tests[2m > [22mDropdown and Modal Overlays[2m > [22mensures modals overlay entire application[32m 7[2mms[22m[39m
 [32m✓[39m tests/visual-regression/z-index-overlays.test.tsx[2m > [22mZ-Index & Overlay Tests[2m > [22mDropdown and Modal Overlays[2m > [22mprevents background interaction when modal is open[32m 3[2mms[22m[39m
 [32m✓[39m tests/visual-regression/z-index-overlays.test.tsx[2m > [22mZ-Index & Overlay Tests[2m > [22mMap and Mindmap Overlay Management[2m > [22mensures map overlays appear above base map[32m 6[2mms[22m[39m
 [32m✓[39m tests/visual-regression/z-index-overlays.test.tsx[2m > [22mZ-Index & Overlay Tests[2m > [22mMap and Mindmap Overlay Management[2m > [22mpositions mindmap tooltips above node connections[32m 6[2mms[22m[39m
 [32m✓[39m tests/visual-regression/z-index-overlays.test.tsx[2m > [22mZ-Index & Overlay Tests[2m > [22mMap and Mindmap Overlay Management[2m > [22mmaintains overlay visibility during zoom operations[32m 3[2mms[22m[39m
[90mstderr[2m | tests/accessibility/ChartsAndMapsNarration.test.tsx[2m > [22m[2mAccessibility (A11y)[2m > [22m[2mMapBoxVisual has keyboard accessible markers
[22m[39mWarning: Function components cannot be given refs. Attempts to access this ref will fail. Did you mean to use React.forwardRef()?

Check the render method of `MapBoxVisual`.
    at MockMap (/Users/abhijita/Documents/Project-Prahlada/tests/setup.ts:70:22)
    at div
    at MapBoxVisual (/Users/abhijita/Documents/Project-Prahlada/components/analytics/MapBoxVisual.tsx:29:3)
Warning: Received `true` for a non-boolean attribute `cluster`.

If you want to write it to the DOM, pass a string instead: cluster="true" or cluster={value.toString()}.
    at div
    at Source (/Users/abhijita/Documents/Project-Prahlada/tests/setup.ts:107:21)
    at div
    at MockMap (/Users/abhijita/Documents/Project-Prahlada/tests/setup.ts:70:22)
    at div
    at MapBoxVisual (/Users/abhijita/Documents/Project-Prahlada/components/analytics/MapBoxVisual.tsx:29:3)
Warning: React does not recognize the `clusterMaxZoom` prop on a DOM element. If you intentionally want it to appear in the DOM as a custom attribute, spell it as lowercase `clustermaxzoom` instead. If you accidentally passed it from a parent component, remove it from the DOM element.
    at div
    at Source (/Users/abhijita/Documents/Project-Prahlada/tests/setup.ts:107:21)
    at div
    at MockMap (/Users/abhijita/Documents/Project-Prahlada/tests/setup.ts:70:22)
    at div
    at MapBoxVisual (/Users/abhijita/Documents/Project-Prahlada/components/analytics/MapBoxVisual.tsx:29:3)
Warning: React does not recognize the `clusterRadius` prop on a DOM element. If you intentionally want it to appear in the DOM as a custom attribute, spell it as lowercase `clusterradius` instead. If you accidentally passed it from a parent component, remove it from the DOM element.
    at div
    at Source (/Users/abhijita/Documents/Project-Prahlada/tests/setup.ts:107:21)
    at div
    at MockMap (/Users/abhijita/Documents/Project-Prahlada/tests/setup.ts:70:22)
    at div
    at MapBoxVisual (/Users/abhijita/Documents/Project-Prahlada/components/analytics/MapBoxVisual.tsx:29:3)

 [32m✓[39m tests/accessibility/ChartsAndMapsNarration.test.tsx[2m > [22mAccessibility (A11y)[2m > [22mHierarchyMindMap has accessible content[32m 201[2mms[22m[39m
 [32m✓[39m tests/accessibility/ChartsAndMapsNarration.test.tsx[2m > [22mAccessibility (A11y)[2m > [22mMapBoxVisual has keyboard accessible markers[32m 21[2mms[22m[39m
[90mstderr[2m | tests/animation/layout-thrashing-check.test.tsx[2m > [22m[2mLayout Thrashing / Reflow Check[2m > [22m[2mTab Transition Layout Stability[2m > [22m[2mprevents reflow during tab switching
[22m[39m⚠️ React Router Future Flag Warning: React Router will begin wrapping state updates in `React.startTransition` in v7. You can use the `v7_startTransition` future flag to opt-in early. For more information, see https://reactrouter.com/v6/upgrading/future#v7_starttransition.
⚠️ React Router Future Flag Warning: Relative route resolution within Splat routes is changing in v7. You can use the `v7_relativeSplatPath` future flag to opt-in early. For more information, see https://reactrouter.com/v6/upgrading/future#v7_relativesplatpath.

Error: Uncaught [Error: Test error]
    at reportException (/Users/abhijita/Documents/Project-Prahlada/node_modules/jsdom/lib/jsdom/living/helpers/runtime-script-errors.js:66:24)
    at innerInvokeEventListeners (/Users/abhijita/Documents/Project-Prahlada/node_modules/jsdom/lib/jsdom/living/events/EventTarget-impl.js:353:9)
    at invokeEventListeners (/Users/abhijita/Documents/Project-Prahlada/node_modules/jsdom/lib/jsdom/living/events/EventTarget-impl.js:286:3)
    at HTMLUnknownElementImpl._dispatch (/Users/abhijita/Documents/Project-Prahlada/node_modules/jsdom/lib/jsdom/living/events/EventTarget-impl.js:233:9)
    at HTMLUnknownElementImpl.dispatchEvent (/Users/abhijita/Documents/Project-Prahlada/node_modules/jsdom/lib/jsdom/living/events/EventTarget-impl.js:104:17)
    at HTMLUnknownElement.dispatchEvent (/Users/abhijita/Documents/Project-Prahlada/node_modules/jsdom/lib/jsdom/living/generated/EventTarget.js:241:34)
    at Object.invokeGuardedCallbackDev (/Users/abhijita/Documents/Project-Prahlada/node_modules/react-dom/cjs/react-dom.development.js:4213:16)
    at invokeGuardedCallback (/Users/abhijita/Documents/Project-Prahlada/node_modules/react-dom/cjs/react-dom.development.js:4277:31)
    at beginWork$1 (/Users/abhijita/Documents/Project-Prahlada/node_modules/react-dom/cjs/react-dom.development.js:27490:7)
    at performUnitOfWork (/Users/abhijita/Documents/Project-Prahlada/node_modules/react-dom/cjs/react-dom.development.js:26599:12) Error: Test error
    at ThrowError (/Users/abhijita/Documents/Project-Prahlada/tests/telemetry/error-boundaries.test.tsx:19:15)
    at renderWithHooks (/Users/abhijita/Documents/Project-Prahlada/node_modules/react-dom/cjs/react-dom.development.js:15486:18)
    at mountIndeterminateComponent (/Users/abhijita/Documents/Project-Prahlada/node_modules/react-dom/cjs/react-dom.development.js:20103:13)
    at beginWork (/Users/abhijita/Documents/Project-Prahlada/node_modules/react-dom/cjs/react-dom.development.js:21626:16)
    at HTMLUnknownElement.callCallback (/Users/abhijita/Documents/Project-Prahlada/node_modules/react-dom/cjs/react-dom.development.js:4164:14)
    at HTMLUnknownElement.callTheUserObjectsOperation (/Users/abhijita/Documents/Project-Prahlada/node_modules/jsdom/lib/jsdom/living/generated/EventListener.js:26:30)
    at innerInvokeEventListeners (/Users/abhijita/Documents/Project-Prahlada/node_modules/jsdom/lib/jsdom/living/events/EventTarget-impl.js:350:25)
    at invokeEventListeners (/Users/abhijita/Documents/Project-Prahlada/node_modules/jsdom/lib/jsdom/living/events/EventTarget-impl.js:286:3)
    at HTMLUnknownElementImpl._dispatch (/Users/abhijita/Documents/Project-Prahlada/node_modules/jsdom/lib/jsdom/living/events/EventTarget-impl.js:233:9)
    at HTMLUnknownElementImpl.dispatchEvent (/Users/abhijita/Documents/Project-Prahlada/node_modules/jsdom/lib/jsdom/living/events/EventTarget-impl.js:104:17)
Error: Uncaught [Error: Test error]
    at reportException (/Users/abhijita/Documents/Project-Prahlada/node_modules/jsdom/lib/jsdom/living/helpers/runtime-script-errors.js:66:24)
    at innerInvokeEventListeners (/Users/abhijita/Documents/Project-Prahlada/node_modules/jsdom/lib/jsdom/living/events/EventTarget-impl.js:353:9)
    at invokeEventListeners (/Users/abhijita/Documents/Project-Prahlada/node_modules/jsdom/lib/jsdom/living/events/EventTarget-impl.js:286:3)
    at HTMLUnknownElementImpl._dispatch (/Users/abhijita/Documents/Project-Prahlada/node_modules/jsdom/lib/jsdom/living/events/EventTarget-impl.js:233:9)
    at HTMLUnknownElementImpl.dispatchEvent (/Users/abhijita/Documents/Project-Prahlada/node_modules/jsdom/lib/jsdom/living/events/EventTarget-impl.js:104:17)
    at HTMLUnknownElement.dispatchEvent (/Users/abhijita/Documents/Project-Prahlada/node_modules/jsdom/lib/jsdom/living/generated/EventTarget.js:241:34)
    at Object.invokeGuardedCallbackDev (/Users/abhijita/Documents/Project-Prahlada/node_modules/react-dom/cjs/react-dom.development.js:4213:16)
    at invokeGuardedCallback (/Users/abhijita/Documents/Project-Prahlada/node_modules/react-dom/cjs/react-dom.development.js:4277:31)
    at beginWork$1 (/Users/abhijita/Documents/Project-Prahlada/node_modules/react-dom/cjs/react-dom.development.js:27490:7)
    at performUnitOfWork (/Users/abhijita/Documents/Project-Prahlada/node_modules/react-dom/cjs/react-dom.development.js:26599:12) Error: Test error
    at ThrowError (/Users/abhijita/Documents/Project-Prahlada/tests/telemetry/error-boundaries.test.tsx:36:15)
    at renderWithHooks (/Users/abhijita/Documents/Project-Prahlada/node_modules/react-dom/cjs/react-dom.development.js:15486:18)
    at mountIndeterminateComponent (/Users/abhijita/Documents/Project-Prahlada/node_modules/react-dom/cjs/react-dom.development.js:20103:13)
    at beginWork (/Users/abhijita/Documents/Project-Prahlada/node_modules/react-dom/cjs/react-dom.development.js:21626:16)
    at HTMLUnknownElement.callCallback (/Users/abhijita/Documents/Project-Prahlada/node_modules/react-dom/cjs/react-dom.development.js:4164:14)
    at HTMLUnknownElement.callTheUserObjectsOperation (/Users/abhijita/Documents/Project-Prahlada/node_modules/jsdom/lib/jsdom/living/generated/EventListener.js:26:30)
    at innerInvokeEventListeners (/Users/abhijita/Documents/Project-Prahlada/node_modules/jsdom/lib/jsdom/living/events/EventTarget-impl.js:350:25)
    at invokeEventListeners (/Users/abhijita/Documents/Project-Prahlada/node_modules/jsdom/lib/jsdom/living/events/EventTarget-impl.js:286:3)
    at HTMLUnknownElementImpl._dispatch (/Users/abhijita/Documents/Project-Prahlada/node_modules/jsdom/lib/jsdom/living/events/EventTarget-impl.js:233:9)
    at HTMLUnknownElementImpl.dispatchEvent (/Users/abhijita/Documents/Project-Prahlada/node_modules/jsdom/lib/jsdom/living/events/EventTarget-impl.js:104:17)
Error: Uncaught [Error: Test error]
    at reportException (/Users/abhijita/Documents/Project-Prahlada/node_modules/jsdom/lib/jsdom/living/helpers/runtime-script-errors.js:66:24)
    at innerInvokeEventListeners (/Users/abhijita/Documents/Project-Prahlada/node_modules/jsdom/lib/jsdom/living/events/EventTarget-impl.js:353:9)
    at invokeEventListeners (/Users/abhijita/Documents/Project-Prahlada/node_modules/jsdom/lib/jsdom/living/events/EventTarget-impl.js:286:3)
    at HTMLUnknownElementImpl._dispatch (/Users/abhijita/Documents/Project-Prahlada/node_modules/jsdom/lib/jsdom/living/events/EventTarget-impl.js:233:9)
    at HTMLUnknownElementImpl.dispatchEvent (/Users/abhijita/Documents/Project-Prahlada/node_modules/jsdom/lib/jsdom/living/events/EventTarget-impl.js:104:17)
    at HTMLUnknownElement.dispatchEvent (/Users/abhijita/Documents/Project-Prahlada/node_modules/jsdom/lib/jsdom/living/generated/EventTarget.js:241:34)
    at Object.invokeGuardedCallbackDev (/Users/abhijita/Documents/Project-Prahlada/node_modules/react-dom/cjs/react-dom.development.js:4213:16)
    at invokeGuardedCallback (/Users/abhijita/Documents/Project-Prahlada/node_modules/react-dom/cjs/react-dom.development.js:4277:31)
    at beginWork$1 (/Users/abhijita/Documents/Project-Prahlada/node_modules/react-dom/cjs/react-dom.development.js:27490:7)
    at performUnitOfWork (/Users/abhijita/Documents/Project-Prahlada/node_modules/react-dom/cjs/react-dom.development.js:26599:12) Error: Test error
    at ThrowError (/Users/abhijita/Documents/Project-Prahlada/tests/telemetry/error-boundaries.test.tsx:36:15)
    at renderWithHooks (/Users/abhijita/Documents/Project-Prahlada/node_modules/react-dom/cjs/react-dom.development.js:15486:18)
    at mountIndeterminateComponent (/Users/abhijita/Documents/Project-Prahlada/node_modules/react-dom/cjs/react-dom.development.js:20103:13)
    at beginWork (/Users/abhijita/Documents/Project-Prahlada/node_modules/react-dom/cjs/react-dom.development.js:21626:16)
    at HTMLUnknownElement.callCallback (/Users/abhijita/Documents/Project-Prahlada/node_modules/react-dom/cjs/react-dom.development.js:4164:14)
    at HTMLUnknownElement.callTheUserObjectsOperation (/Users/abhijita/Documents/Project-Prahlada/node_modules/jsdom/lib/jsdom/living/generated/EventListener.js:26:30)
    at innerInvokeEventListeners (/Users/abhijita/Documents/Project-Prahlada/node_modules/jsdom/lib/jsdom/living/events/EventTarget-impl.js:350:25)
    at invokeEventListeners (/Users/abhijita/Documents/Project-Prahlada/node_modules/jsdom/lib/jsdom/living/events/EventTarget-impl.js:286:3)
    at HTMLUnknownElementImpl._dispatch (/Users/abhijita/Documents/Project-Prahlada/node_modules/jsdom/lib/jsdom/living/events/EventTarget-impl.js:233:9)
    at HTMLUnknownElementImpl.dispatchEvent (/Users/abhijita/Documents/Project-Prahlada/node_modules/jsdom/lib/jsdom/living/events/EventTarget-impl.js:104:17)
Error: Uncaught [Error: Telemetry test error]
    at reportException (/Users/abhijita/Documents/Project-Prahlada/node_modules/jsdom/lib/jsdom/living/helpers/runtime-script-errors.js:66:24)
    at innerInvokeEventListeners (/Users/abhijita/Documents/Project-Prahlada/node_modules/jsdom/lib/jsdom/living/events/EventTarget-impl.js:353:9)
    at invokeEventListeners (/Users/abhijita/Documents/Project-Prahlada/node_modules/jsdom/lib/jsdom/living/events/EventTarget-impl.js:286:3)
    at HTMLUnknownElementImpl._dispatch (/Users/abhijita/Documents/Project-Prahlada/node_modules/jsdom/lib/jsdom/living/events/EventTarget-impl.js:233:9)
    at HTMLUnknownElementImpl.dispatchEvent (/Users/abhijita/Documents/Project-Prahlada/node_modules/jsdom/lib/jsdom/living/events/EventTarget-impl.js:104:17)
    at HTMLUnknownElement.dispatchEvent (/Users/abhijita/Documents/Project-Prahlada/node_modules/jsdom/lib/jsdom/living/generated/EventTarget.js:241:34)
    at Object.invokeGuardedCallbackDev (/Users/abhijita/Documents/Project-Prahlada/node_modules/react-dom/cjs/react-dom.development.js:4213:16)
    at invokeGuardedCallback (/Users/abhijita/Documents/Project-Prahlada/node_modules/react-dom/cjs/react-dom.development.js:4277:31)
    at beginWork$1 (/Users/abhijita/Documents/Project-Prahlada/node_modules/react-dom/cjs/react-dom.development.js:27490:7)
    at performUnitOfWork (/Users/abhijita/Documents/Project-Prahlada/node_modules/react-dom/cjs/react-dom.development.js:26599:12) Error: Telemetry test error
    at ThrowError (/Users/abhijita/Documents/Project-Prahlada/tests/telemetry/error-boundaries.test.tsx:56:15)
    at renderWithHooks (/Users/abhijita/Documents/Project-Prahlada/node_modules/react-dom/cjs/react-dom.development.js:15486:18)
    at mountIndeterminateComponent (/Users/abhijita/Documents/Project-Prahlada/node_modules/react-dom/cjs/react-dom.development.js:20103:13)
    at beginWork (/Users/abhijita/Documents/Project-Prahlada/node_modules/react-dom/cjs/react-dom.development.js:21626:16)
    at HTMLUnknownElement.callCallback (/Users/abhijita/Documents/Project-Prahlada/node_modules/react-dom/cjs/react-dom.development.js:4164:14)
    at HTMLUnknownElement.callTheUserObjectsOperation (/Users/abhijita/Documents/Project-Prahlada/node_modules/jsdom/lib/jsdom/living/generated/EventListener.js:26:30)
    at innerInvokeEventListeners (/Users/abhijita/Documents/Project-Prahlada/node_modules/jsdom/lib/jsdom/living/events/EventTarget-impl.js:350:25)
    at invokeEventListeners (/Users/abhijita/Documents/Project-Prahlada/node_modules/jsdom/lib/jsdom/living/events/EventTarget-impl.js:286:3)
    at HTMLUnknownElementImpl._dispatch (/Users/abhijita/Documents/Project-Prahlada/node_modules/jsdom/lib/jsdom/living/events/EventTarget-impl.js:233:9)
    at HTMLUnknownElementImpl.dispatchEvent (/Users/abhijita/Documents/Project-Prahlada/node_modules/jsdom/lib/jsdom/living/events/EventTarget-impl.js:104:17)
Error: Uncaught [Error: Telemetry test error]
    at reportException (/Users/abhijita/Documents/Project-Prahlada/node_modules/jsdom/lib/jsdom/living/helpers/runtime-script-errors.js:66:24)
    at innerInvokeEventListeners (/Users/abhijita/Documents/Project-Prahlada/node_modules/jsdom/lib/jsdom/living/events/EventTarget-impl.js:353:9)
    at invokeEventListeners (/Users/abhijita/Documents/Project-Prahlada/node_modules/jsdom/lib/jsdom/living/events/EventTarget-impl.js:286:3)
    at HTMLUnknownElementImpl._dispatch (/Users/abhijita/Documents/Project-Prahlada/node_modules/jsdom/lib/jsdom/living/events/EventTarget-impl.js:233:9)
    at HTMLUnknownElementImpl.dispatchEvent (/Users/abhijita/Documents/Project-Prahlada/node_modules/jsdom/lib/jsdom/living/events/EventTarget-impl.js:104:17)
    at HTMLUnknownElement.dispatchEvent (/Users/abhijita/Documents/Project-Prahlada/node_modules/jsdom/lib/jsdom/living/generated/EventTarget.js:241:34)
    at Object.invokeGuardedCallbackDev (/Users/abhijita/Documents/Project-Prahlada/node_modules/react-dom/cjs/react-dom.development.js:4213:16)
    at invokeGuardedCallback (/Users/abhijita/Documents/Project-Prahlada/node_modules/react-dom/cjs/react-dom.development.js:4277:31)
    at beginWork$1 (/Users/abhijita/Documents/Project-Prahlada/node_modules/react-dom/cjs/react-dom.development.js:27490:7)
    at performUnitOfWork (/Users/abhijita/Documents/Project-Prahlada/node_modules/react-dom/cjs/react-dom.development.js:26599:12) Error: Telemetry test error
    at ThrowError (/Users/abhijita/Documents/Project-Prahlada/tests/telemetry/error-boundaries.test.tsx:56:15)
    at renderWithHooks (/Users/abhijita/Documents/Project-Prahlada/node_modules/react-dom/cjs/react-dom.development.js:15486:18)
    at mountIndeterminateComponent (/Users/abhijita/Documents/Project-Prahlada/node_modules/react-dom/cjs/react-dom.development.js:20103:13)
    at beginWork (/Users/abhijita/Documents/Project-Prahlada/node_modules/react-dom/cjs/react-dom.development.js:21626:16)
    at HTMLUnknownElement.callCallback (/Users/abhijita/Documents/Project-Prahlada/node_modules/react-dom/cjs/react-dom.development.js:4164:14)
    at HTMLUnknownElement.callTheUserObjectsOperation (/Users/abhijita/Documents/Project-Prahlada/node_modules/jsdom/lib/jsdom/living/generated/EventListener.js:26:30)
    at innerInvokeEventListeners (/Users/abhijita/Documents/Project-Prahlada/node_modules/jsdom/lib/jsdom/living/events/EventTarget-impl.js:350:25)
    at invokeEventListeners (/Users/abhijita/Documents/Project-Prahlada/node_modules/jsdom/lib/jsdom/living/events/EventTarget-impl.js:286:3)
    at HTMLUnknownElementImpl._dispatch (/Users/abhijita/Documents/Project-Prahlada/node_modules/jsdom/lib/jsdom/living/events/EventTarget-impl.js:233:9)
    at HTMLUnknownElementImpl.dispatchEvent (/Users/abhijita/Documents/Project-Prahlada/node_modules/jsdom/lib/jsdom/living/events/EventTarget-impl.js:104:17)
Error: Uncaught [Error: Test error]
    at reportException (/Users/abhijita/Documents/Project-Prahlada/node_modules/jsdom/lib/jsdom/living/helpers/runtime-script-errors.js:66:24)
    at innerInvokeEventListeners (/Users/abhijita/Documents/Project-Prahlada/node_modules/jsdom/lib/jsdom/living/events/EventTarget-impl.js:353:9)
    at invokeEventListeners (/Users/abhijita/Documents/Project-Prahlada/node_modules/jsdom/lib/jsdom/living/events/EventTarget-impl.js:286:3)
    at HTMLUnknownElementImpl._dispatch (/Users/abhijita/Documents/Project-Prahlada/node_modules/jsdom/lib/jsdom/living/events/EventTarget-impl.js:233:9)
    at HTMLUnknownElementImpl.dispatchEvent (/Users/abhijita/Documents/Project-Prahlada/node_modules/jsdom/lib/jsdom/living/events/EventTarget-impl.js:104:17)
    at HTMLUnknownElement.dispatchEvent (/Users/abhijita/Documents/Project-Prahlada/node_modules/jsdom/lib/jsdom/living/generated/EventTarget.js:241:34)
    at Object.invokeGuardedCallbackDev (/Users/abhijita/Documents/Project-Prahlada/node_modules/react-dom/cjs/react-dom.development.js:4213:16)
    at invokeGuardedCallback (/Users/abhijita/Documents/Project-Prahlada/node_modules/react-dom/cjs/react-dom.development.js:4277:31)
    at beginWork$1 (/Users/abhijita/Documents/Project-Prahlada/node_modules/react-dom/cjs/react-dom.development.js:27490:7)
    at performUnitOfWork (/Users/abhijita/Documents/Project-Prahlada/node_modules/react-dom/cjs/react-dom.development.js:26599:12) Error: Test error
    at ThrowError (/Users/abhijita/Documents/Project-Prahlada/tests/telemetry/error-boundaries.test.tsx:162:15)
    at renderWithHooks (/Users/abhijita/Documents/Project-Prahlada/node_modules/react-dom/cjs/react-dom.development.js:15486:18)
    at mountIndeterminateComponent (/Users/abhijita/Documents/Project-Prahlada/node_modules/react-dom/cjs/react-dom.development.js:20103:13)
    at beginWork (/Users/abhijita/Documents/Project-Prahlada/node_modules/react-dom/cjs/react-dom.development.js:21626:16)
    at HTMLUnknownElement.callCallback (/Users/abhijita/Documents/Project-Prahlada/node_modules/react-dom/cjs/react-dom.development.js:4164:14)
    at HTMLUnknownElement.callTheUserObjectsOperation (/Users/abhijita/Documents/Project-Prahlada/node_modules/jsdom/lib/jsdom/living/generated/EventListener.js:26:30)
    at innerInvokeEventListeners (/Users/abhijita/Documents/Project-Prahlada/node_modules/jsdom/lib/jsdom/living/events/EventTarget-impl.js:350:25)
    at invokeEventListeners (/Users/abhijita/Documents/Project-Prahlada/node_modules/jsdom/lib/jsdom/living/events/EventTarget-impl.js:286:3)
    at HTMLUnknownElementImpl._dispatch (/Users/abhijita/Documents/Project-Prahlada/node_modules/jsdom/lib/jsdom/living/events/EventTarget-impl.js:233:9)
    at HTMLUnknownElementImpl.dispatchEvent (/Users/abhijita/Documents/Project-Prahlada/node_modules/jsdom/lib/jsdom/living/events/EventTarget-impl.js:104:17)
Error: Uncaught [Error: Test error]
    at reportException (/Users/abhijita/Documents/Project-Prahlada/node_modules/jsdom/lib/jsdom/living/helpers/runtime-script-errors.js:66:24)
    at innerInvokeEventListeners (/Users/abhijita/Documents/Project-Prahlada/node_modules/jsdom/lib/jsdom/living/events/EventTarget-impl.js:353:9)
    at invokeEventListeners (/Users/abhijita/Documents/Project-Prahlada/node_modules/jsdom/lib/jsdom/living/events/EventTarget-impl.js:286:3)
    at HTMLUnknownElementImpl._dispatch (/Users/abhijita/Documents/Project-Prahlada/node_modules/jsdom/lib/jsdom/living/events/EventTarget-impl.js:233:9)
    at HTMLUnknownElementImpl.dispatchEvent (/Users/abhijita/Documents/Project-Prahlada/node_modules/jsdom/lib/jsdom/living/events/EventTarget-impl.js:104:17)
    at HTMLUnknownElement.dispatchEvent (/Users/abhijita/Documents/Project-Prahlada/node_modules/jsdom/lib/jsdom/living/generated/EventTarget.js:241:34)
    at Object.invokeGuardedCallbackDev (/Users/abhijita/Documents/Project-Prahlada/node_modules/react-dom/cjs/react-dom.development.js:4213:16)
    at invokeGuardedCallback (/Users/abhijita/Documents/Project-Prahlada/node_modules/react-dom/cjs/react-dom.development.js:4277:31)
    at beginWork$1 (/Users/abhijita/Documents/Project-Prahlada/node_modules/react-dom/cjs/react-dom.development.js:27490:7)
    at performUnitOfWork (/Users/abhijita/Documents/Project-Prahlada/node_modules/react-dom/cjs/react-dom.development.js:26599:12) Error: Test error
    at ThrowError (/Users/abhijita/Documents/Project-Prahlada/tests/telemetry/error-boundaries.test.tsx:162:15)
    at renderWithHooks (/Users/abhijita/Documents/Project-Prahlada/node_modules/react-dom/cjs/react-dom.development.js:15486:18)
    at mountIndeterminateComponent (/Users/abhijita/Documents/Project-Prahlada/node_modules/react-dom/cjs/react-dom.development.js:20103:13)
    at beginWork (/Users/abhijita/Documents/Project-Prahlada/node_modules/react-dom/cjs/react-dom.development.js:21626:16)
    at HTMLUnknownElement.callCallback (/Users/abhijita/Documents/Project-Prahlada/node_modules/react-dom/cjs/react-dom.development.js:4164:14)
    at HTMLUnknownElement.callTheUserObjectsOperation (/Users/abhijita/Documents/Project-Prahlada/node_modules/jsdom/lib/jsdom/living/generated/EventListener.js:26:30)
    at innerInvokeEventListeners (/Users/abhijita/Documents/Project-Prahlada/node_modules/jsdom/lib/jsdom/living/events/EventTarget-impl.js:350:25)
    at invokeEventListeners (/Users/abhijita/Documents/Project-Prahlada/node_modules/jsdom/lib/jsdom/living/events/EventTarget-impl.js:286:3)
    at HTMLUnknownElementImpl._dispatch (/Users/abhijita/Documents/Project-Prahlada/node_modules/jsdom/lib/jsdom/living/events/EventTarget-impl.js:233:9)
    at HTMLUnknownElementImpl.dispatchEvent (/Users/abhijita/Documents/Project-Prahlada/node_modules/jsdom/lib/jsdom/living/events/EventTarget-impl.js:104:17)
 [32m✓[39m tests/telemetry/error-boundaries.test.tsx[2m > [22mTelemetry & Error Boundaries[2m > [22mError Boundary Functionality[2m > [22mcatches JavaScript errors[32m 39[2mms[22m[39m
 [32m✓[39m tests/telemetry/error-boundaries.test.tsx[2m > [22mTelemetry & Error Boundaries[2m > [22mError Boundary Functionality[2m > [22mdisplays fallback UI on error[32m 32[2mms[22m[39m
 [32m✓[39m tests/telemetry/error-boundaries.test.tsx[2m > [22mTelemetry & Error Boundaries[2m > [22mError Boundary Functionality[2m > [22mlogs errors to telemetry service[32m 9[2mms[22m[39m
 [32m✓[39m tests/telemetry/error-boundaries.test.tsx[2m > [22mTelemetry & Error Boundaries[2m > [22mPerformance Monitoring[2m > [22mtracks page load performance[32m 0[2mms[22m[39m
 [32m✓[39m tests/telemetry/error-boundaries.test.tsx[2m > [22mTelemetry & Error Boundaries[2m > [22mPerformance Monitoring[2m > [22mmonitors Core Web Vitals[32m 0[2mms[22m[39m
 [32m✓[39m tests/telemetry/error-boundaries.test.tsx[2m > [22mTelemetry & Error Boundaries[2m > [22mPerformance Monitoring[2m > [22mreports performance metrics[32m 3[2mms[22m[39m
 [32m✓[39m tests/telemetry/error-boundaries.test.tsx[2m > [22mTelemetry & Error Boundaries[2m > [22mUser Interaction Tracking[2m > [22mtracks button clicks[32m 87[2mms[22m[39m
 [32m✓[39m tests/telemetry/error-boundaries.test.tsx[2m > [22mTelemetry & Error Boundaries[2m > [22mUser Interaction Tracking[2m > [22mmonitors navigation events[32m 1[2mms[22m[39m
 [32m✓[39m tests/telemetry/error-boundaries.test.tsx[2m > [22mTelemetry & Error Boundaries[2m > [22mUser Interaction Tracking[2m > [22mmeasures user engagement[32m 0[2mms[22m[39m
 [32m✓[39m tests/telemetry/error-boundaries.test.tsx[2m > [22mTelemetry & Error Boundaries[2m > [22mError Recovery[2m > [22mprovides error recovery options[32m 3[2mms[22m[39m
 [32m✓[39m tests/telemetry/error-boundaries.test.tsx[2m > [22mTelemetry & Error Boundaries[2m > [22mError Recovery[2m > [22mresets error state on recovery[32m 0[2mms[22m[39m
 [32m✓[39m tests/animation/layout-thrashing-check.test.tsx[2m > [22mLayout Thrashing / Reflow Check[2m > [22mNumberTicker Layout Thrashing Prevention[2m > [22mminimizes layout queries during number animation[32m 101[2mms[22m[39m
 [32m✓[39m tests/animation/layout-thrashing-check.test.tsx[2m > [22mLayout Thrashing / Reflow Check[2m > [22mNumberTicker Layout Thrashing Prevention[2m > [22muses cached measurements to prevent reflow[32m 3[2mms[22m[39m
 [32m✓[39m tests/animation/layout-thrashing-check.test.tsx[2m > [22mLayout Thrashing / Reflow Check[2m > [22mTab Transition Layout Stability[2m > [22mprevents reflow during tab switching[32m 19[2mms[22m[39m
 [32m✓[39m tests/animation/layout-thrashing-check.test.tsx[2m > [22mLayout Thrashing / Reflow Check[2m > [22mTab Transition Layout Stability[2m > [22mrenders without layout errors[32m 4[2mms[22m[39m
 [32m✓[39m tests/animation/layout-thrashing-check.test.tsx[2m > [22mLayout Thrashing / Reflow Check[2m > [22mAnimation Frame Management[2m > [22mbatches DOM updates to prevent thrashing[32m 2[2mms[22m[39m
 [32m✓[39m tests/animation/layout-thrashing-check.test.tsx[2m > [22mLayout Thrashing / Reflow Check[2m > [22mAnimation Frame Management[2m > [22mhandles animations without errors[32m 4[2mms[22m[39m
 [32m✓[39m tests/animation/layout-thrashing-check.test.tsx[2m > [22mLayout Thrashing / Reflow Check[2m > [22mMemory and Performance Monitoring[2m > [22mprevents memory leaks from animation loops[32m 4[2mms[22m[39m
 [32m✓[39m tests/animation/layout-thrashing-check.test.tsx[2m > [22mLayout Thrashing / Reflow Check[2m > [22mMemory and Performance Monitoring[2m > [22mmonitors and reports layout thrashing[32m 3[2mms[22m[39m
 [32m✓[39m tests/visual-regression/z-index-overlays.test.tsx[2m > [22mZ-Index & Overlay Tests[2m > [22mHeader and Navigation Overlay Priority[2m > [22mensures header elements stay above content[32m 72[2mms[22m[39m
 [32m✓[39m tests/visual-regression/z-index-overlays.test.tsx[2m > [22mZ-Index & Overlay Tests[2m > [22mHeader and Navigation Overlay Priority[2m > [22mmaintains navigation priority over page elements[32m 4[2mms[22m[39m
 [32m✓[39m tests/visual-regression/z-index-overlays.test.tsx[2m > [22mZ-Index & Overlay Tests[2m > [22mInteractive Element Stacking[2m > [22mmanages focus rings above all content[32m 11[2mms[22m[39m
 [32m✓[39m tests/visual-regression/z-index-overlays.test.tsx[2m > [22mZ-Index & Overlay Tests[2m > [22mInteractive Element Stacking[2m > [22mhandles hover states above background elements[32m 4[2mms[22m[39m
 [32m✓[39m tests/visual-regression/z-index-overlays.test.tsx[2m > [22mZ-Index & Overlay Tests[2m > [22mDynamic Overlay Creation[2m > [22mcreates overlays at correct z-index levels[32m 3[2mms[22m[39m
 [32m✓[39m tests/visual-regression/z-index-overlays.test.tsx[2m > [22mZ-Index & Overlay Tests[2m > [22mDynamic Overlay Creation[2m > [22mmanages overlay stacking order correctly[32m 13[2mms[22m[39m
 [32m✓[39m tests/visual-regression/z-index-overlays.test.tsx[2m > [22mZ-Index & Overlay Tests[2m > [22mResponsive Overlay Behavior[2m > [22madapts overlay positioning on mobile viewports[32m 1[2mms[22m[39m
 [32m✓[39m tests/visual-regression/z-index-overlays.test.tsx[2m > [22mZ-Index & Overlay Tests[2m > [22mResponsive Overlay Behavior[2m > [22mmaintains overlay functionality across breakpoints[32m 3[2mms[22m[39m
[90mstderr[2m | tests/pages/ReviewBreadcrumbs.test.tsx[2m > [22m[2mReviewBreadcrumbs[2m > [22m[2mshows correct breadcrumb hierarchy
[22m[39mWarning: Received `true` for a non-boolean attribute `layout`.

If you want to write it to the DOM, pass a string instead: layout="true" or layout={value.toString()}.
    at div
    at /Users/abhijita/Documents/Project-Prahlada/tests/setup.ts:37:19
    at ReviewCard (/Users/abhijita/Documents/Project-Prahlada/components/ReviewCard.tsx:109:23)
    at div
    at div
    at div
    at div
    at /Users/abhijita/Documents/Project-Prahlada/tests/setup.ts:37:19
    at AnimatedGlassCard (/Users/abhijita/Documents/Project-Prahlada/components/AnimatedGlassCard.tsx:25:3)
    at div
    at div
    at div
    at Review (/Users/abhijita/Documents/Project-Prahlada/pages/Review.tsx:159:96)

 [32m✓[39m tests/pages/ReviewBreadcrumbs.test.tsx[2m > [22mReviewBreadcrumbs[2m > [22mshows correct breadcrumb hierarchy[32m 113[2mms[22m[39m
 [32m✓[39m tests/mindmap/hierarchy-correctness.test.tsx[2m > [22mD3 HierarchyMindMap - Hierarchy Correctness[2m > [22mFAISS Metadata Structure Validation[2m > [22mdisplays village as leaf node with visit count[32m 20[2mms[22m[39m
 [32m✓[39m tests/mindmap/hierarchy-correctness.test.tsx[2m > [22mD3 HierarchyMindMap - Hierarchy Correctness[2m > [22mNode Visit Count Consistency[2m > [22mdisplays visit counts in Hindi numerals with padding[32m 12[2mms[22m[39m
 [32m✓[39m tests/mindmap/hierarchy-correctness.test.tsx[2m > [22mD3 HierarchyMindMap - Hierarchy Correctness[2m > [22mNode Visit Count Consistency[2m > [22maggregates visit counts at parent levels[32m 15[2mms[22m[39m
 [32m✓[39m tests/mindmap/hierarchy-correctness.test.tsx[2m > [22mD3 HierarchyMindMap - Hierarchy Correctness[2m > [22mHierarchical Order Validation[2m > [22mmaintains correct administrative hierarchy order[32m 6[2mms[22m[39m
 [32m✓[39m tests/mindmap/hierarchy-correctness.test.tsx[2m > [22mD3 HierarchyMindMap - Hierarchy Correctness[2m > [22mHierarchical Order Validation[2m > [22mhandles ULB (Urban Local Body) hierarchy correctly[32m 3[2mms[22m[39m
 [32m✓[39m tests/mindmap/hierarchy-correctness.test.tsx[2m > [22mD3 HierarchyMindMap - Hierarchy Correctness[2m > [22mMulti-District Hierarchy Support[2m > [22mrenders multiple districts in single mindmap[32m 4[2mms[22m[39m
 [32m✓[39m tests/mindmap/hierarchy-correctness.test.tsx[2m > [22mD3 HierarchyMindMap - Hierarchy Correctness[2m > [22mMulti-District Hierarchy Support[2m > [22mmaintains visual separation between districts[32m 5[2mms[22m[39m
 [32m✓[39m tests/mindmap/hierarchy-correctness.test.tsx[2m > [22mD3 HierarchyMindMap - Hierarchy Correctness[2m > [22mData Consistency with Analytics[2m > [22mmatches visit counts with analytics summary[32m 19[2mms[22m[39m
 [32m✓[39m tests/mindmap/hierarchy-correctness.test.tsx[2m > [22mD3 HierarchyMindMap - Hierarchy Correctness[2m > [22mData Consistency with Analytics[2m > [22mupdates dynamically when analytics data changes[32m 15[2mms[22m[39m
[90mstdout[2m | tests/components/AnimatedNavTabs.test.tsx
[22m[39mRunning tests/setup.ts

[90mstdout[2m | tests/animation/60fps-performance.test.tsx
[22m[39mRunning tests/setup.ts

[90mstdout[2m | tests/accessibility/wcag-compliance.test.tsx
[22m[39mRunning tests/setup.ts

[90mstdout[2m | tests/e2e/font-fallback.test.tsx
[22m[39mRunning tests/setup.ts

[90mstdout[2m | tests/mindmap/d3-mindmap-features.test.tsx
[22m[39mRunning tests/setup.ts

[90mstdout[2m | tests/visual-regression/text-overflow-stress.test.tsx
[22m[39mRunning tests/setup.ts

 [32m✓[39m tests/e2e/font-fallback.test.tsx[2m > [22mFont Fallback Coverage[2m > [22mrenders Devanagari without tofu boxes[32m 55[2mms[22m[39m
 [32m✓[39m tests/charts/chart-visualization.test.tsx[2m > [22mChart Visualization Tests[2m > [22mCustomBarChart Rendering[2m > [22mrenders bars with correct heights[32m 30[2mms[22m[39m
 [32m✓[39m tests/charts/chart-visualization.test.tsx[2m > [22mChart Visualization Tests[2m > [22mCustomBarChart Rendering[2m > [22mdisplays axis labels[32m 10[2mms[22m[39m
 [32m✓[39m tests/charts/chart-visualization.test.tsx[2m > [22mChart Visualization Tests[2m > [22mCustomLineChart Rendering[2m > [22mrenders line path and data points[32m 4[2mms[22m[39m
 [32m✓[39m tests/charts/chart-visualization.test.tsx[2m > [22mChart Visualization Tests[2m > [22mCustomLineChart Rendering[2m > [22mshows grid lines and markers[32m 3[2mms[22m[39m
 [32m✓[39m tests/charts/chart-visualization.test.tsx[2m > [22mChart Visualization Tests[2m > [22mCustomPieChart Rendering[2m > [22mrenders pie segments with colors[32m 11[2mms[22m[39m
 [32m✓[39m tests/charts/chart-visualization.test.tsx[2m > [22mChart Visualization Tests[2m > [22mCustomPieChart Rendering[2m > [22mdisplays legend labels[32m 2[2mms[22m[39m
 [32m✓[39m tests/charts/chart-visualization.test.tsx[2m > [22mChart Visualization Tests[2m > [22mChart Responsiveness[2m > [22madapts to different container sizes[32m 7[2mms[22m[39m
 [32m✓[39m tests/components/charts/CustomPieChart.test.tsx[2m > [22mCustomPieChart[2m > [22mrenders the chart container[32m 93[2mms[22m[39m
 [32m✓[39m tests/components/charts/CustomPieChart.test.tsx[2m > [22mCustomPieChart[2m > [22mrenders with empty data gracefully[32m 2[2mms[22m[39m
 [32m✓[39m tests/components/charts/CustomPieChart.test.tsx[2m > [22mCustomPieChart[2m > [22mrenders with sparse data[32m 123[2mms[22m[39m
 [32m✓[39m tests/visual-regression/text-overflow-stress.test.tsx[2m > [22mText Overflow Stress Tests[2m > [22mReview Card Text Overflow[2m > [22mhandles ultra-long Hindi text in review cards without breaking layout[32m 26[2mms[22m[39m
 [32m✓[39m tests/visual-regression/text-overflow-stress.test.tsx[2m > [22mText Overflow Stress Tests[2m > [22mReview Card Text Overflow[2m > [22mmaintains card dimensions with overflowing text[32m 2[2mms[22m[39m
 [32m✓[39m tests/visual-regression/text-overflow-stress.test.tsx[2m > [22mText Overflow Stress Tests[2m > [22mAnalytics Section Title Overflow[2m > [22mhandles long Hindi titles in analytics sections[32m 56[2mms[22m[39m
 [32m✓[39m tests/visual-regression/text-overflow-stress.test.tsx[2m > [22mText Overflow Stress Tests[2m > [22mAnalytics Section Title Overflow[2m > [22mprevents title overflow from breaking grid layout[32m 5[2mms[22m[39m
 [32m✓[39m tests/visual-regression/text-overflow-stress.test.tsx[2m > [22mText Overflow Stress Tests[2m > [22mCommand View Text Handling[2m > [22mmanages long Hindi text in command interfaces[32m 14[2mms[22m[39m
 [32m✓[39m tests/visual-regression/text-overflow-stress.test.tsx[2m > [22mText Overflow Stress Tests[2m > [22mCommand View Text Handling[2m > [22mpreserves action button layout with long text[32m 7[2mms[22m[39m
 [32m✓[39m tests/visual-regression/text-overflow-stress.test.tsx[2m > [22mText Overflow Stress Tests[2m > [22mTable Cell Overflow Handling[2m > [22mhandles long Hindi text in table cells[32m 35[2mms[22m[39m
 [32m✓[39m tests/visual-regression/text-overflow-stress.test.tsx[2m > [22mText Overflow Stress Tests[2m > [22mTable Cell Overflow Handling[2m > [22mmaintains table structure with overflowing content[32m 14[2mms[22m[39m
 [32m✓[39m tests/visual-regression/text-overflow-stress.test.tsx[2m > [22mText Overflow Stress Tests[2m > [22mWrapping Behavior Validation[2m > [22mensures proper text wrapping for Hindi content[32m 14[2mms[22m[39m
 [32m✓[39m tests/visual-regression/text-overflow-stress.test.tsx[2m > [22mText Overflow Stress Tests[2m > [22mWrapping Behavior Validation[2m > [22mprevents layout breaks from text overflow[32m 4[2mms[22m[39m
[90mstderr[2m | tests/components/AnimatedNavTabs.test.tsx[2m > [22m[2mAnimatedNavTabs[2m > [22m[2mrenders visible tabs
[22m[39m⚠️ React Router Future Flag Warning: React Router will begin wrapping state updates in `React.startTransition` in v7. You can use the `v7_startTransition` future flag to opt-in early. For more information, see https://reactrouter.com/v6/upgrading/future#v7_starttransition.
⚠️ React Router Future Flag Warning: Relative route resolution within Splat routes is changing in v7. You can use the `v7_relativeSplatPath` future flag to opt-in early. For more information, see https://reactrouter.com/v6/upgrading/future#v7_relativesplatpath.

 [32m✓[39m tests/components/AnimatedNavTabs.test.tsx[2m > [22mAnimatedNavTabs[2m > [22mrenders visible tabs[32m 183[2mms[22m[39m
 [32m✓[39m tests/components/AnimatedNavTabs.test.tsx[2m > [22mAnimatedNavTabs[2m > [22mhides protected tabs when logged out[32m 10[2mms[22m[39m
[90mstderr[2m | tests/animation/60fps-performance.test.tsx[2m > [22m[2m60 FPS Animation Performance[2m > [22m[2mAnimatedNavTabs Performance[2m > [22m[2msmooth tab transitions at 60 FPS
[22m[39m⚠️ React Router Future Flag Warning: React Router will begin wrapping state updates in `React.startTransition` in v7. You can use the `v7_startTransition` future flag to opt-in early. For more information, see https://reactrouter.com/v6/upgrading/future#v7_starttransition.
⚠️ React Router Future Flag Warning: Relative route resolution within Splat routes is changing in v7. You can use the `v7_relativeSplatPath` future flag to opt-in early. For more information, see https://reactrouter.com/v6/upgrading/future#v7_relativesplatpath.

 [32m✓[39m tests/animation/60fps-performance.test.tsx[2m > [22m60 FPS Animation Performance[2m > [22mAnimatedGlassCard Performance[2m > [22mmaintains 60 FPS during entrance animation[32m 153[2mms[22m[39m
 [32m✓[39m tests/animation/60fps-performance.test.tsx[2m > [22m60 FPS Animation Performance[2m > [22mAnimatedGlassCard Performance[2m > [22mhandles multiple cards without frame drops[32m 29[2mms[22m[39m
 [32m✓[39m tests/animation/60fps-performance.test.tsx[2m > [22m60 FPS Animation Performance[2m > [22mAnimatedNavTabs Performance[2m > [22msmooth tab transitions at 60 FPS[32m 84[2mms[22m[39m
 [32m✓[39m tests/animation/60fps-performance.test.tsx[2m > [22m60 FPS Animation Performance[2m > [22mAnimatedNavTabs Performance[2m > [22mhandles rapid tab switching smoothly[32m 50[2mms[22m[39m
 [32m✓[39m tests/animation/60fps-performance.test.tsx[2m > [22m60 FPS Animation Performance[2m > [22mAnimation Frame Budget[2m > [22mstays within 16ms frame budget[32m 7[2mms[22m[39m
[90mstderr[2m | tests/accessibility/wcag-compliance.test.tsx[2m > [22m[2mWCAG 2.1 AA Compliance[2m > [22m[2mKeyboard Navigation[2m > [22m[2msupports Tab key navigation
[22m[39m⚠️ React Router Future Flag Warning: React Router will begin wrapping state updates in `React.startTransition` in v7. You can use the `v7_startTransition` future flag to opt-in early. For more information, see https://reactrouter.com/v6/upgrading/future#v7_starttransition.
⚠️ React Router Future Flag Warning: Relative route resolution within Splat routes is changing in v7. You can use the `v7_relativeSplatPath` future flag to opt-in early. For more information, see https://reactrouter.com/v6/upgrading/future#v7_relativesplatpath.

[90mstdout[2m | tests/visual-regression/component-snapshots.test.tsx
[22m[39mRunning tests/setup.ts

 [32m✓[39m tests/accessibility/wcag-compliance.test.tsx[2m > [22mWCAG 2.1 AA Compliance[2m > [22mKeyboard Navigation[2m > [22msupports Tab key navigation[32m 148[2mms[22m[39m
 [32m✓[39m tests/accessibility/wcag-compliance.test.tsx[2m > [22mWCAG 2.1 AA Compliance[2m > [22mKeyboard Navigation[2m > [22mprovides visible focus indicators[32m 11[2mms[22m[39m
 [32m✓[39m tests/accessibility/wcag-compliance.test.tsx[2m > [22mWCAG 2.1 AA Compliance[2m > [22mKeyboard Navigation[2m > [22mhandles arrow key navigation in tab components[32m 5[2mms[22m[39m
 [32m✓[39m tests/accessibility/wcag-compliance.test.tsx[2m > [22mWCAG 2.1 AA Compliance[2m > [22mScreen Reader Support[2m > [22mprovides proper ARIA labels[32m 5[2mms[22m[39m
 [32m✓[39m tests/accessibility/wcag-compliance.test.tsx[2m > [22mWCAG 2.1 AA Compliance[2m > [22mScreen Reader Support[2m > [22mmaintains heading hierarchy[32m 6[2mms[22m[39m
 [32m✓[39m tests/accessibility/wcag-compliance.test.tsx[2m > [22mWCAG 2.1 AA Compliance[2m > [22mScreen Reader Support[2m > [22mincludes alt text for images[32m 3[2mms[22m[39m
 [32m✓[39m tests/accessibility/wcag-compliance.test.tsx[2m > [22mWCAG 2.1 AA Compliance[2m > [22mColor Contrast & Visual Accessibility[2m > [22mmaintains sufficient color contrast[32m 3[2mms[22m[39m
 [32m✓[39m tests/accessibility/wcag-compliance.test.tsx[2m > [22mWCAG 2.1 AA Compliance[2m > [22mColor Contrast & Visual Accessibility[2m > [22mprovides focus-visible styles[32m 7[2mms[22m[39m
 [2m[90m↓[39m[22m tests/accessibility/wcag-compliance.test.tsx[2m > [22mWCAG 2.1 AA Compliance[2m > [22mMotion & Animation Preferences[2m > [22mrespects prefers-reduced-motion
 [32m✓[39m tests/mindmap/d3-mindmap-features.test.tsx[2m > [22mD3 HierarchyMindMap - Features[2m > [22mTree Structure Rendering[2m > [22mrenders hierarchical tree structure[32m 125[2mms[22m[39m
 [32m✓[39m tests/mindmap/d3-mindmap-features.test.tsx[2m > [22mD3 HierarchyMindMap - Features[2m > [22mTree Structure Rendering[2m > [22mdisplays node labels correctly[32m 30[2mms[22m[39m
 [32m✓[39m tests/mindmap/d3-mindmap-features.test.tsx[2m > [22mD3 HierarchyMindMap - Features[2m > [22mTree Structure Rendering[2m > [22mmaintains proper node spacing[32m 8[2mms[22m[39m
 [32m✓[39m tests/mindmap/d3-mindmap-features.test.tsx[2m > [22mD3 HierarchyMindMap - Features[2m > [22mInteractive Features[2m > [22msupports node expansion/collapse[32m 18[2mms[22m[39m
 [32m✓[39m tests/mindmap/d3-mindmap-features.test.tsx[2m > [22mD3 HierarchyMindMap - Features[2m > [22mInteractive Features[2m > [22mhandles zoom and pan interactions[32m 5[2mms[22m[39m
 [32m✓[39m tests/mindmap/d3-mindmap-features.test.tsx[2m > [22mD3 HierarchyMindMap - Features[2m > [22mInteractive Features[2m > [22mprovides tooltips on hover[32m 11[2mms[22m[39m
 [32m✓[39m tests/mindmap/d3-mindmap-features.test.tsx[2m > [22mD3 HierarchyMindMap - Features[2m > [22mData Binding & Updates[2m > [22mupdates when data changes[32m 23[2mms[22m[39m
 [32m✓[39m tests/mindmap/d3-mindmap-features.test.tsx[2m > [22mD3 HierarchyMindMap - Features[2m > [22mData Binding & Updates[2m > [22mhandles empty data gracefully[32m 8[2mms[22m[39m
[90mstdout[2m | tests/typography/hindi-text-rendering.test.tsx
[22m[39mRunning tests/setup.ts

[90mstdout[2m | tests/components/MapBoxVisualCluster.test.tsx
[22m[39mRunning tests/setup.ts

[90mstdout[2m | tests/typography/font-fallback-coverage.test.tsx
[22m[39mRunning tests/setup.ts

[90mstderr[2m | tests/visual-regression/component-snapshots.test.tsx[2m > [22m[2mComponent Visual Snapshots[2m > [22m[2mAnimatedNavTabs Component[2m > [22m[2mrenders consistent tab layout
[22m[39m⚠️ React Router Future Flag Warning: React Router will begin wrapping state updates in `React.startTransition` in v7. You can use the `v7_startTransition` future flag to opt-in early. For more information, see https://reactrouter.com/v6/upgrading/future#v7_starttransition.
⚠️ React Router Future Flag Warning: Relative route resolution within Splat routes is changing in v7. You can use the `v7_relativeSplatPath` future flag to opt-in early. For more information, see https://reactrouter.com/v6/upgrading/future#v7_relativesplatpath.

[90mstdout[2m | tests/visual-regression/mindmap-visual.test.tsx
[22m[39mRunning tests/setup.ts

 [32m✓[39m tests/visual-regression/component-snapshots.test.tsx[2m > [22mComponent Visual Snapshots[2m > [22mAnimatedNavTabs Component[2m > [22mrenders consistent tab layout[32m 165[2mms[22m[39m
 [32m✓[39m tests/visual-regression/component-snapshots.test.tsx[2m > [22mComponent Visual Snapshots[2m > [22mAnimatedNavTabs Component[2m > [22mmaintains active tab visual state[32m 6[2mms[22m[39m
 [32m✓[39m tests/visual-regression/component-snapshots.test.tsx[2m > [22mComponent Visual Snapshots[2m > [22mAnimatedNavTabs Component[2m > [22mhandles tab transitions smoothly[32m 13[2mms[22m[39m
 [32m✓[39m tests/visual-regression/component-snapshots.test.tsx[2m > [22mComponent Visual Snapshots[2m > [22mNumberTicker Component[2m > [22mrenders number with consistent formatting[32m 16[2mms[22m[39m
 [32m✓[39m tests/visual-regression/component-snapshots.test.tsx[2m > [22mComponent Visual Snapshots[2m > [22mNumberTicker Component[2m > [22mhandles different number ranges[32m 9[2mms[22m[39m
 [32m✓[39m tests/visual-regression/component-snapshots.test.tsx[2m > [22mComponent Visual Snapshots[2m > [22mNumberTicker Component[2m > [22mmaintains consistent dimensions[32m 34[2mms[22m[39m
[90mstdout[2m | tests/typography/hindi-only-string-audit.test.tsx
[22m[39mRunning tests/setup.ts

[90mstdout[2m | tests/components/HierarchyMindMapEdgeCases.test.tsx
[22m[39mRunning tests/setup.ts

[90mstdout[2m | tests/animation/frame-rate-monitoring.test.tsx
[22m[39mRunning tests/setup.ts

 [32m✓[39m tests/typography/font-fallback-coverage.test.tsx[2m > [22mFont Fallback Coverage[2m > [22mPrimary Font Loading Simulation[2m > [22mrenders content immediately with fallback fonts[32m 32[2mms[22m[39m
 [32m✓[39m tests/typography/font-fallback-coverage.test.tsx[2m > [22mFont Fallback Coverage[2m > [22mPrimary Font Loading Simulation[2m > [22mmaintains readability when primary font fails to load[32m 5[2mms[22m[39m
 [32m✓[39m tests/typography/font-fallback-coverage.test.tsx[2m > [22mFont Fallback Coverage[2m > [22mPrimary Font Loading Simulation[2m > [22mswitches seamlessly to loaded font[32m 6[2mms[22m[39m
 [32m✓[39m tests/typography/font-fallback-coverage.test.tsx[2m > [22mFont Fallback Coverage[2m > [22mSystem Font Fallback Chain[2m > [22mprovides adequate fallback chain for Windows[32m 6[2mms[22m[39m
 [32m✓[39m tests/typography/font-fallback-coverage.test.tsx[2m > [22mFont Fallback Coverage[2m > [22mSystem Font Fallback Chain[2m > [22mprovides adequate fallback chain for macOS[32m 3[2mms[22m[39m
 [32m✓[39m tests/typography/font-fallback-coverage.test.tsx[2m > [22mFont Fallback Coverage[2m > [22mSystem Font Fallback Chain[2m > [22mprovides adequate fallback chain for Linux[32m 2[2mms[22m[39m
 [32m✓[39m tests/typography/font-fallback-coverage.test.tsx[2m > [22mFont Fallback Coverage[2m > [22mSystem Font Fallback Chain[2m > [22mprovides adequate fallback chain for Android[32m 2[2mms[22m[39m
 [32m✓[39m tests/typography/font-fallback-coverage.test.tsx[2m > [22mFont Fallback Coverage[2m > [22mSystem Font Fallback Chain[2m > [22mprovides adequate fallback chain for iOS[32m 2[2mms[22m[39m
 [32m✓[39m tests/typography/font-fallback-coverage.test.tsx[2m > [22mFont Fallback Coverage[2m > [22mComplex Script Rendering Fallbacks[2m > [22mhandles conjunct consonants with fallbacks[32m 10[2mms[22m[39m
 [32m✓[39m tests/typography/font-fallback-coverage.test.tsx[2m > [22mFont Fallback Coverage[2m > [22mComplex Script Rendering Fallbacks[2m > [22mrenders vowel matras correctly with fallbacks[32m 4[2mms[22m[39m
 [32m✓[39m tests/typography/font-fallback-coverage.test.tsx[2m > [22mFont Fallback Coverage[2m > [22mComplex Script Rendering Fallbacks[2m > [22mmaintains nukta variations in fallbacks[32m 3[2mms[22m[39m
 [32m✓[39m tests/typography/font-fallback-coverage.test.tsx[2m > [22mFont Fallback Coverage[2m > [22mFont Loading Performance[2m > [22mloads fonts asynchronously without blocking render[32m 62[2mms[22m[39m
 [32m✓[39m tests/typography/font-fallback-coverage.test.tsx[2m > [22mFont Fallback Coverage[2m > [22mFont Loading Performance[2m > [22mprovides font-display swap for better performance[32m 2[2mms[22m[39m
 [32m✓[39m tests/typography/font-fallback-coverage.test.tsx[2m > [22mFont Fallback Coverage[2m > [22mCross-Platform Font Compatibility[2m > [22mensures consistent rendering across platforms[32m 2[2mms[22m[39m
 [32m✓[39m tests/typography/font-fallback-coverage.test.tsx[2m > [22mFont Fallback Coverage[2m > [22mCross-Platform Font Compatibility[2m > [22mhandles font size and line height consistency[32m 1[2mms[22m[39m
 [32m✓[39m tests/typography/font-fallback-coverage.test.tsx[2m > [22mFont Fallback Coverage[2m > [22mError Handling and Degradation[2m > [22mgracefully handles complete font loading failure[32m 1[2mms[22m[39m
 [32m✓[39m tests/typography/font-fallback-coverage.test.tsx[2m > [22mFont Fallback Coverage[2m > [22mError Handling and Degradation[2m > [22mmaintains functionality when web fonts are disabled[32m 2[2mms[22m[39m
 [32m✓[39m tests/typography/hindi-text-rendering.test.tsx[2m > [22mHindi Text Rendering & Typography Integrity[2m > [22mHindi Text Display[2m > [22mrenders Hindi characters correctly[32m 28[2mms[22m[39m
 [32m✓[39m tests/typography/hindi-text-rendering.test.tsx[2m > [22mHindi Text Rendering & Typography Integrity[2m > [22mHindi Text Display[2m > [22mmaintains Devanagari script integrity[32m 6[2mms[22m[39m
 [32m✓[39m tests/typography/hindi-text-rendering.test.tsx[2m > [22mHindi Text Rendering & Typography Integrity[2m > [22mHindi Text Display[2m > [22mhandles Hindi numerals properly[32m 4[2mms[22m[39m
 [32m✓[39m tests/typography/hindi-text-rendering.test.tsx[2m > [22mHindi Text Rendering & Typography Integrity[2m > [22mTypography Hierarchy[2m > [22mmaintains consistent font sizing[32m 59[2mms[22m[39m
 [32m✓[39m tests/typography/hindi-text-rendering.test.tsx[2m > [22mHindi Text Rendering & Typography Integrity[2m > [22mTypography Hierarchy[2m > [22mapplies correct font weights[32m 47[2mms[22m[39m
 [32m✓[39m tests/typography/hindi-text-rendering.test.tsx[2m > [22mHindi Text Rendering & Typography Integrity[2m > [22mText Direction & Alignment[2m > [22mhandles left-to-right text direction[32m 14[2mms[22m[39m
 [32m✓[39m tests/typography/hindi-text-rendering.test.tsx[2m > [22mHindi Text Rendering & Typography Integrity[2m > [22mText Direction & Alignment[2m > [22msupports center alignment for titles[32m 4[2mms[22m[39m
 [32m✓[39m tests/typography/hindi-text-rendering.test.tsx[2m > [22mHindi Text Rendering & Typography Integrity[2m > [22mFont Loading & Fallbacks[2m > [22mloads Hindi-compatible fonts[32m 2[2mms[22m[39m
 [32m✓[39m tests/typography/hindi-text-rendering.test.tsx[2m > [22mHindi Text Rendering & Typography Integrity[2m > [22mFont Loading & Fallbacks[2m > [22mprovides fallback fonts for Hindi text[32m 1[2mms[22m[39m
[90mstderr[2m | tests/components/MapBoxVisualCluster.test.tsx[2m > [22m[2mMapBoxVisual Cluster & Zoom Behavior[2m > [22m[2mshows cluster labels in Hindi when markers are dense
[22m[39mWarning: Function components cannot be given refs. Attempts to access this ref will fail. Did you mean to use React.forwardRef()?

Check the render method of `MapBoxVisual`.
    at MockMap (/Users/abhijita/Documents/Project-Prahlada/tests/setup.ts:70:22)
    at div
    at MapBoxVisual (/Users/abhijita/Documents/Project-Prahlada/components/analytics/MapBoxVisual.tsx:29:3)
Warning: Received `true` for a non-boolean attribute `cluster`.

If you want to write it to the DOM, pass a string instead: cluster="true" or cluster={value.toString()}.
    at div
    at Source (/Users/abhijita/Documents/Project-Prahlada/tests/setup.ts:107:21)
    at div
    at MockMap (/Users/abhijita/Documents/Project-Prahlada/tests/setup.ts:70:22)
    at div
    at MapBoxVisual (/Users/abhijita/Documents/Project-Prahlada/components/analytics/MapBoxVisual.tsx:29:3)
Warning: React does not recognize the `clusterMaxZoom` prop on a DOM element. If you intentionally want it to appear in the DOM as a custom attribute, spell it as lowercase `clustermaxzoom` instead. If you accidentally passed it from a parent component, remove it from the DOM element.
    at div
    at Source (/Users/abhijita/Documents/Project-Prahlada/tests/setup.ts:107:21)
    at div
    at MockMap (/Users/abhijita/Documents/Project-Prahlada/tests/setup.ts:70:22)
    at div
    at MapBoxVisual (/Users/abhijita/Documents/Project-Prahlada/components/analytics/MapBoxVisual.tsx:29:3)
Warning: React does not recognize the `clusterRadius` prop on a DOM element. If you intentionally want it to appear in the DOM as a custom attribute, spell it as lowercase `clusterradius` instead. If you accidentally passed it from a parent component, remove it from the DOM element.
    at div
    at Source (/Users/abhijita/Documents/Project-Prahlada/tests/setup.ts:107:21)
    at div
    at MockMap (/Users/abhijita/Documents/Project-Prahlada/tests/setup.ts:70:22)
    at div
    at MapBoxVisual (/Users/abhijita/Documents/Project-Prahlada/components/analytics/MapBoxVisual.tsx:29:3)

 [32m✓[39m tests/components/MapBoxVisualCluster.test.tsx[2m > [22mMapBoxVisual Cluster & Zoom Behavior[2m > [22mshows cluster labels in Hindi when markers are dense[32m 62[2mms[22m[39m
 [32m✓[39m tests/components/MapBoxVisualCluster.test.tsx[2m > [22mMapBoxVisual Cluster & Zoom Behavior[2m > [22mcluster click triggers zoom behavior[32m 6[2mms[22m[39m
 [32m✓[39m tests/components/MapBoxVisualCluster.test.tsx[2m > [22mMapBoxVisual Cluster & Zoom Behavior[2m > [22mmaintains smooth panning and zooming performance[32m 7[2mms[22m[39m
 [32m✓[39m tests/components/MapBoxVisualCluster.test.tsx[2m > [22mMapBoxVisual Cluster & Zoom Behavior[2m > [22mthrottles marker re-rendering during interactions[32m 38[2mms[22m[39m
 [32m✓[39m tests/components/MapBoxVisualCluster.test.tsx[2m > [22mMapBoxVisual Cluster & Zoom Behavior[2m > [22mhandles 500+ markers without UI freeze[32m 52[2mms[22m[39m
[90mstderr[2m | tests/typography/hindi-only-string-audit.test.tsx[2m > [22m[2mHindi-Only String Audit[2m > [22m[2mComponent Text Content Audit[2m > [22m[2mvalidates navigation labels contain only Hindi or allowlisted English
[22m[39m⚠️ React Router Future Flag Warning: React Router will begin wrapping state updates in `React.startTransition` in v7. You can use the `v7_startTransition` future flag to opt-in early. For more information, see https://reactrouter.com/v6/upgrading/future#v7_starttransition.
⚠️ React Router Future Flag Warning: Relative route resolution within Splat routes is changing in v7. You can use the `v7_relativeSplatPath` future flag to opt-in early. For more information, see https://reactrouter.com/v6/upgrading/future#v7_relativesplatpath.

 [32m✓[39m tests/typography/hindi-only-string-audit.test.tsx[2m > [22mHindi-Only String Audit[2m > [22mComponent Text Content Audit[2m > [22mensures only Hindi text in card titles and content[32m 32[2mms[22m[39m
 [32m✓[39m tests/typography/hindi-only-string-audit.test.tsx[2m > [22mHindi-Only String Audit[2m > [22mComponent Text Content Audit[2m > [22mvalidates navigation labels contain only Hindi or allowlisted English[32m 59[2mms[22m[39m
 [32m✓[39m tests/typography/hindi-only-string-audit.test.tsx[2m > [22mHindi-Only String Audit[2m > [22mComponent Text Content Audit[2m > [22mscans button labels for Hindi-only compliance[32m 13[2mms[22m[39m
 [32m✓[39m tests/typography/hindi-only-string-audit.test.tsx[2m > [22mHindi-Only String Audit[2m > [22mForm and Input Labels Audit[2m > [22mensures form labels are in Hindi only[32m 9[2mms[22m[39m
 [32m✓[39m tests/typography/hindi-only-string-audit.test.tsx[2m > [22mHindi-Only String Audit[2m > [22mForm and Input Labels Audit[2m > [22mvalidates error messages are Hindi-only[32m 1[2mms[22m[39m
 [32m✓[39m tests/typography/hindi-only-string-audit.test.tsx[2m > [22mHindi-Only String Audit[2m > [22mData Display and Metrics Audit[2m > [22mensures table headers are Hindi-only[32m 4[2mms[22m[39m
 [32m✓[39m tests/typography/hindi-only-string-audit.test.tsx[2m > [22mHindi-Only String Audit[2m > [22mData Display and Metrics Audit[2m > [22mvalidates chart labels and legends are Hindi-only[32m 2[2mms[22m[39m
 [32m✓[39m tests/typography/hindi-only-string-audit.test.tsx[2m > [22mHindi-Only String Audit[2m > [22mData Display and Metrics Audit[2m > [22mchecks status indicators use Hindi text[32m 1[2mms[22m[39m
 [32m✓[39m tests/typography/hindi-only-string-audit.test.tsx[2m > [22mHindi-Only String Audit[2m > [22mNavigation and Menu Audit[2m > [22mensures breadcrumb navigation uses Hindi[32m 1[2mms[22m[39m
 [32m✓[39m tests/typography/hindi-only-string-audit.test.tsx[2m > [22mHindi-Only String Audit[2m > [22mNavigation and Menu Audit[2m > [22mvalidates menu items are Hindi-only[32m 3[2mms[22m[39m
 [32m✓[39m tests/typography/hindi-only-string-audit.test.tsx[2m > [22mHindi-Only String Audit[2m > [22mTechnical Term Allowlist Validation[2m > [22mallows only specified English technical terms[32m 0[2mms[22m[39m
 [32m✓[39m tests/typography/hindi-only-string-audit.test.tsx[2m > [22mHindi-Only String Audit[2m > [22mTechnical Term Allowlist Validation[2m > [22mrejects unallowlisted English words[32m 0[2mms[22m[39m
 [32m✓[39m tests/typography/hindi-only-string-audit.test.tsx[2m > [22mHindi-Only String Audit[2m > [22mTechnical Term Allowlist Validation[2m > [22mpermits numeric values and Hindi numerals[32m 2[2mms[22m[39m
[90mstderr[2m | tests/animation/frame-rate-monitoring.test.tsx[2m > [22m[2mFrame Rate Monitoring (60 FPS)[2m > [22m[2mPerformance Benchmarks[2m > [22m[2mmeets 55-60 FPS target for complex animations
[22m[39m⚠️ React Router Future Flag Warning: React Router will begin wrapping state updates in `React.startTransition` in v7. You can use the `v7_startTransition` future flag to opt-in early. For more information, see https://reactrouter.com/v6/upgrading/future#v7_starttransition.
⚠️ React Router Future Flag Warning: Relative route resolution within Splat routes is changing in v7. You can use the `v7_relativeSplatPath` future flag to opt-in early. For more information, see https://reactrouter.com/v6/upgrading/future#v7_relativesplatpath.

 [32m✓[39m tests/animation/frame-rate-monitoring.test.tsx[2m > [22mFrame Rate Monitoring (60 FPS)[2m > [22mHero Entrance Animation Performance[2m > [22mmaintains 60 FPS during card entrance animations[32m 32[2mms[22m[39m
 [32m✓[39m tests/animation/frame-rate-monitoring.test.tsx[2m > [22mFrame Rate Monitoring (60 FPS)[2m > [22mHero Entrance Animation Performance[2m > [22mhandles multiple simultaneous entrance animations[32m 11[2mms[22m[39m
 [32m✓[39m tests/animation/frame-rate-monitoring.test.tsx[2m > [22mFrame Rate Monitoring (60 FPS)[2m > [22mCard Stagger Animation Performance[2m > [22mmaintains smooth stagger timing across multiple cards[32m 5[2mms[22m[39m
 [32m✓[39m tests/animation/frame-rate-monitoring.test.tsx[2m > [22mFrame Rate Monitoring (60 FPS)[2m > [22mCard Stagger Animation Performance[2m > [22mprevents frame drops during peak stagger load[32m 3[2mms[22m[39m
 [32m✓[39m tests/animation/frame-rate-monitoring.test.tsx[2m > [22mFrame Rate Monitoring (60 FPS)[2m > [22mNumberTicker Animation Performance[2m > [22manimates number changes at consistent frame rate[32m 2[2mms[22m[39m
 [32m✓[39m tests/animation/frame-rate-monitoring.test.tsx[2m > [22mFrame Rate Monitoring (60 FPS)[2m > [22mNumberTicker Animation Performance[2m > [22mhandles rapid consecutive number changes[32m 2[2mms[22m[39m
 [32m✓[39m tests/animation/frame-rate-monitoring.test.tsx[2m > [22mFrame Rate Monitoring (60 FPS)[2m > [22mPerformance Benchmarks[2m > [22mmeets 55-60 FPS target for complex animations[32m 38[2mms[22m[39m
 [32m✓[39m tests/animation/frame-rate-monitoring.test.tsx[2m > [22mFrame Rate Monitoring (60 FPS)[2m > [22mPerformance Benchmarks[2m > [22mmaintains performance under memory pressure[32m 15[2mms[22m[39m
[90mstderr[2m | tests/visual-regression/mindmap-visual.test.tsx[2m > [22m[2mMindmap & Map Visualization Visual Regression[2m > [22m[2mMapBoxVisual Component[2m > [22m[2mrenders map container with markers
[22m[39mWarning: Function components cannot be given refs. Attempts to access this ref will fail. Did you mean to use React.forwardRef()?

Check the render method of `MapBoxVisual`.
    at MockMap (/Users/abhijita/Documents/Project-Prahlada/tests/setup.ts:70:22)
    at div
    at MapBoxVisual (/Users/abhijita/Documents/Project-Prahlada/components/analytics/MapBoxVisual.tsx:29:3)
Warning: Received `true` for a non-boolean attribute `cluster`.

If you want to write it to the DOM, pass a string instead: cluster="true" or cluster={value.toString()}.
    at div
    at Source (/Users/abhijita/Documents/Project-Prahlada/tests/setup.ts:107:21)
    at div
    at MockMap (/Users/abhijita/Documents/Project-Prahlada/tests/setup.ts:70:22)
    at div
    at MapBoxVisual (/Users/abhijita/Documents/Project-Prahlada/components/analytics/MapBoxVisual.tsx:29:3)
Warning: React does not recognize the `clusterMaxZoom` prop on a DOM element. If you intentionally want it to appear in the DOM as a custom attribute, spell it as lowercase `clustermaxzoom` instead. If you accidentally passed it from a parent component, remove it from the DOM element.
    at div
    at Source (/Users/abhijita/Documents/Project-Prahlada/tests/setup.ts:107:21)
    at div
    at MockMap (/Users/abhijita/Documents/Project-Prahlada/tests/setup.ts:70:22)
    at div
    at MapBoxVisual (/Users/abhijita/Documents/Project-Prahlada/components/analytics/MapBoxVisual.tsx:29:3)
Warning: React does not recognize the `clusterRadius` prop on a DOM element. If you intentionally want it to appear in the DOM as a custom attribute, spell it as lowercase `clusterradius` instead. If you accidentally passed it from a parent component, remove it from the DOM element.
    at div
    at Source (/Users/abhijita/Documents/Project-Prahlada/tests/setup.ts:107:21)
    at div
    at MockMap (/Users/abhijita/Documents/Project-Prahlada/tests/setup.ts:70:22)
    at div
    at MapBoxVisual (/Users/abhijita/Documents/Project-Prahlada/components/analytics/MapBoxVisual.tsx:29:3)

[90mstdout[2m | tests/components/MapBoxVisualError.test.tsx
[22m[39mRunning tests/setup.ts

 [32m✓[39m tests/components/HierarchyMindMapEdgeCases.test.tsx[2m > [22mHierarchyMindMap Edge Cases[2m > [22mhandles missing hierarchy levels gracefully[32m 153[2mms[22m[39m
 [32m✓[39m tests/components/HierarchyMindMapEdgeCases.test.tsx[2m > [22mHierarchyMindMap Edge Cases[2m > [22mshows notice for empty data[32m 2[2mms[22m[39m
 [32m✓[39m tests/components/HierarchyMindMapEdgeCases.test.tsx[2m > [22mHierarchyMindMap Edge Cases[2m > [22mmaintains layout integrity with edge case data[32m 9[2mms[22m[39m
 [32m✓[39m tests/components/HierarchyMindMapEdgeCases.test.tsx[2m > [22mHierarchyMindMap Edge Cases[2m > [22mhandles ULB mode hierarchies[32m 54[2mms[22m[39m
 [32m✓[39m tests/visual-regression/mindmap-visual.test.tsx[2m > [22mMindmap & Map Visualization Visual Regression[2m > [22mHierarchyMindMap Component[2m > [22mrenders hierarchical structure visually[32m 162[2mms[22m[39m
 [32m✓[39m tests/visual-regression/mindmap-visual.test.tsx[2m > [22mMindmap & Map Visualization Visual Regression[2m > [22mHierarchyMindMap Component[2m > [22mdisplays nodes and connections[32m 23[2mms[22m[39m
 [32m✓[39m tests/visual-regression/mindmap-visual.test.tsx[2m > [22mMindmap & Map Visualization Visual Regression[2m > [22mHierarchyMindMap Component[2m > [22mhandles different data structures[32m 11[2mms[22m[39m
 [32m✓[39m tests/visual-regression/mindmap-visual.test.tsx[2m > [22mMindmap & Map Visualization Visual Regression[2m > [22mMapBoxVisual Component[2m > [22mrenders map container with markers[32m 24[2mms[22m[39m
 [32m✓[39m tests/visual-regression/mindmap-visual.test.tsx[2m > [22mMindmap & Map Visualization Visual Regression[2m > [22mMapBoxVisual Component[2m > [22mdisplays location markers[32m 8[2mms[22m[39m
 [32m✓[39m tests/visual-regression/mindmap-visual.test.tsx[2m > [22mMindmap & Map Visualization Visual Regression[2m > [22mMapBoxVisual Component[2m > [22mhandles empty data set[32m 5[2mms[22m[39m
 [32m✓[39m tests/visual-regression/mindmap-visual.test.tsx[2m > [22mMindmap & Map Visualization Visual Regression[2m > [22mInteractive Elements[2m > [22mmindmap responds to zoom interactions[32m 102[2mms[22m[39m
 [32m✓[39m tests/visual-regression/mindmap-visual.test.tsx[2m > [22mMindmap & Map Visualization Visual Regression[2m > [22mInteractive Elements[2m > [22mmap maintains bounds during interactions[32m 15[2mms[22m[39m
[90mstdout[2m | tests/visual-regression/layout-stability.test.tsx
[22m[39mRunning tests/setup.ts

[90mstdout[2m | tests/animation/reduced-motion.test.tsx
[22m[39mRunning tests/setup.ts

[90mstdout[2m | tests/visual-regression/chart-visualization.test.tsx
[22m[39mRunning tests/setup.ts

[90mstderr[2m | tests/components/MapBoxVisualError.test.tsx[2m > [22m[2mMapBoxVisual Error & Offline Behavior[2m > [22m[2mshows Hindi error message when map tiles fail to load
[22m[39mWarning: Function components cannot be given refs. Attempts to access this ref will fail. Did you mean to use React.forwardRef()?

Check the render method of `MapBoxVisual`.
    at MockMap (/Users/abhijita/Documents/Project-Prahlada/tests/setup.ts:70:22)
    at div
    at MapBoxVisual (/Users/abhijita/Documents/Project-Prahlada/components/analytics/MapBoxVisual.tsx:29:3)
Warning: Received `true` for a non-boolean attribute `cluster`.

If you want to write it to the DOM, pass a string instead: cluster="true" or cluster={value.toString()}.
    at div
    at Source (/Users/abhijita/Documents/Project-Prahlada/tests/setup.ts:107:21)
    at div
    at MockMap (/Users/abhijita/Documents/Project-Prahlada/tests/setup.ts:70:22)
    at div
    at MapBoxVisual (/Users/abhijita/Documents/Project-Prahlada/components/analytics/MapBoxVisual.tsx:29:3)
Warning: React does not recognize the `clusterMaxZoom` prop on a DOM element. If you intentionally want it to appear in the DOM as a custom attribute, spell it as lowercase `clustermaxzoom` instead. If you accidentally passed it from a parent component, remove it from the DOM element.
    at div
    at Source (/Users/abhijita/Documents/Project-Prahlada/tests/setup.ts:107:21)
    at div
    at MockMap (/Users/abhijita/Documents/Project-Prahlada/tests/setup.ts:70:22)
    at div
    at MapBoxVisual (/Users/abhijita/Documents/Project-Prahlada/components/analytics/MapBoxVisual.tsx:29:3)
Warning: React does not recognize the `clusterRadius` prop on a DOM element. If you intentionally want it to appear in the DOM as a custom attribute, spell it as lowercase `clusterradius` instead. If you accidentally passed it from a parent component, remove it from the DOM element.
    at div
    at Source (/Users/abhijita/Documents/Project-Prahlada/tests/setup.ts:107:21)
    at div
    at MockMap (/Users/abhijita/Documents/Project-Prahlada/tests/setup.ts:70:22)
    at div
    at MapBoxVisual (/Users/abhijita/Documents/Project-Prahlada/components/analytics/MapBoxVisual.tsx:29:3)

[90mstdout[2m | tests/search/semantic-logic.test.tsx
[22m[39mRunning tests/setup.ts

[90mstdout[2m | tests/charts/other-data-visualization.test.tsx
[22m[39mRunning tests/setup.ts

 [32m✓[39m tests/components/MapBoxVisualError.test.tsx[2m > [22mMapBoxVisual Error & Offline Behavior[2m > [22mshows Hindi error message when map tiles fail to load[32m 76[2mms[22m[39m
 [32m✓[39m tests/components/MapBoxVisualError.test.tsx[2m > [22mMapBoxVisual Error & Offline Behavior[2m > [22mgracefully handles network timeouts[32m 9[2mms[22m[39m
 [32m✓[39m tests/components/MapBoxVisualError.test.tsx[2m > [22mMapBoxVisual Error & Offline Behavior[2m > [22mprovides offline fallback without crashing[32m 12[2mms[22m[39m
 [32m✓[39m tests/components/MapBoxVisualError.test.tsx[2m > [22mMapBoxVisual Error & Offline Behavior[2m > [22mmaintains functionality when tile server is unreachable[32m 79[2mms[22m[39m
 [32m✓[39m tests/components/MapBoxVisualError.test.tsx[2m > [22mMapBoxVisual Error & Offline Behavior[2m > [22mshows appropriate loading state during initialization[32m 26[2mms[22m[39m
 [32m✓[39m tests/components/MapBoxVisualError.test.tsx[2m > [22mMapBoxVisual Error & Offline Behavior[2m > [22mhandles corrupted or invalid map data gracefully[32m 13[2mms[22m[39m
 [32m✓[39m tests/visual-regression/layout-stability.test.tsx[2m > [22mLayout Stability & Visual Regression[2m > [22mGlassCard Component[2m > [22mmaintains consistent dimensions across renders[32m 110[2mms[22m[39m
 [32m✓[39m tests/visual-regression/layout-stability.test.tsx[2m > [22mLayout Stability & Visual Regression[2m > [22mGlassCard Component[2m > [22mhandles dynamic content without layout shift[32m 99[2mms[22m[39m
 [32m✓[39m tests/search/semantic-logic.test.tsx[2m > [22mSearch & Semantic Logic[2m > [22mBasic Search Functionality[2m > [22msearches Hindi text content accurately[32m 6[2mms[22m[39m
 [32m✓[39m tests/search/semantic-logic.test.tsx[2m > [22mSearch & Semantic Logic[2m > [22mBasic Search Functionality[2m > [22msupports location-based search queries[32m 6[2mms[22m[39m
 [32m✓[39m tests/search/semantic-logic.test.tsx[2m > [22mSearch & Semantic Logic[2m > [22mBasic Search Functionality[2m > [22mhandles partial and fuzzy matching[32m 2[2mms[22m[39m
 [32m✓[39m tests/search/semantic-logic.test.tsx[2m > [22mSearch & Semantic Logic[2m > [22mAdvanced Search Features[2m > [22msupports boolean operators[32m 5[2mms[22m[39m
 [32m✓[39m tests/search/semantic-logic.test.tsx[2m > [22mSearch & Semantic Logic[2m > [22mAdvanced Search Features[2m > [22mprovides search suggestions and autocomplete[32m 3[2mms[22m[39m
 [32m✓[39m tests/visual-regression/layout-stability.test.tsx[2m > [22mLayout Stability & Visual Regression[2m > [22mAnimatedGlassCard Component[2m > [22mrenders with stable initial state[32m 113[2mms[22m[39m
 [32m✓[39m tests/visual-regression/layout-stability.test.tsx[2m > [22mLayout Stability & Visual Regression[2m > [22mAnimatedGlassCard Component[2m > [22mmaintains animation bounds within container[32m 9[2mms[22m[39m
 [32m✓[39m tests/visual-regression/layout-stability.test.tsx[2m > [22mLayout Stability & Visual Regression[2m > [22mResponsive Layout Stability[2m > [22mmaintains layout on viewport changes[32m 4[2mms[22m[39m
[90mstderr[2m | tests/animation/reduced-motion.test.tsx[2m > [22m[2mReduced Motion Preferences[2m > [22m[2mAnimation Reduction[2m > [22m[2mminimizes motion for tab transitions
[22m[39m⚠️ React Router Future Flag Warning: React Router will begin wrapping state updates in `React.startTransition` in v7. You can use the `v7_startTransition` future flag to opt-in early. For more information, see https://reactrouter.com/v6/upgrading/future#v7_starttransition.
⚠️ React Router Future Flag Warning: Relative route resolution within Splat routes is changing in v7. You can use the `v7_relativeSplatPath` future flag to opt-in early. For more information, see https://reactrouter.com/v6/upgrading/future#v7_relativesplatpath.

 [32m✓[39m tests/animation/reduced-motion.test.tsx[2m > [22mReduced Motion Preferences[2m > [22mPrefers Reduced Motion Detection[2m > [22mdetects prefers-reduced-motion setting[32m 46[2mms[22m[39m
 [32m✓[39m tests/animation/reduced-motion.test.tsx[2m > [22mReduced Motion Preferences[2m > [22mPrefers Reduced Motion Detection[2m > [22mrespects user accessibility preferences[32m 8[2mms[22m[39m
 [32m✓[39m tests/animation/reduced-motion.test.tsx[2m > [22mReduced Motion Preferences[2m > [22mAnimation Reduction[2m > [22mdisables entrance animations when reduced motion is preferred[32m 6[2mms[22m[39m
 [32m✓[39m tests/animation/reduced-motion.test.tsx[2m > [22mReduced Motion Preferences[2m > [22mAnimation Reduction[2m > [22mminimizes motion for tab transitions[32m 11[2mms[22m[39m
 [32m✓[39m tests/animation/reduced-motion.test.tsx[2m > [22mReduced Motion Preferences[2m > [22mAnimation Reduction[2m > [22mprovides static alternatives to animated elements[32m 12[2mms[22m[39m
[90mstdout[2m | tests/components/MapBoxVisualStress.test.tsx
[22m[39mRunning tests/setup.ts

[90mstdout[2m | tests/pages/Ingest.test.tsx
[22m[39mRunning tests/setup.ts

 [32m✓[39m tests/animation/reduced-motion.test.tsx[2m > [22mReduced Motion Preferences[2m > [22mProgressive Enhancement[2m > [22mworks without motion when JavaScript is disabled[32m 85[2mms[22m[39m
 [32m✓[39m tests/animation/reduced-motion.test.tsx[2m > [22mReduced Motion Preferences[2m > [22mProgressive Enhancement[2m > [22mprovides meaningful content without animations[32m 73[2mms[22m[39m
 [32m✓[39m tests/animation/reduced-motion.test.tsx[2m > [22mReduced Motion Preferences[2m > [22mPerformance with Reduced Motion[2m > [22mimproves performance by skipping animations[32m 37[2mms[22m[39m
 [32m✓[39m tests/animation/reduced-motion.test.tsx[2m > [22mReduced Motion Preferences[2m > [22mPerformance with Reduced Motion[2m > [22mreduces CPU usage during interactions[32m 12[2mms[22m[39m
 [32m✓[39m tests/animation/reduced-motion.test.tsx[2m > [22mReduced Motion Preferences[2m > [22mCross-Browser Compatibility[2m > [22mhandles browsers without matchMedia support[32m 4[2mms[22m[39m
 [32m✓[39m tests/animation/reduced-motion.test.tsx[2m > [22mReduced Motion Preferences[2m > [22mCross-Browser Compatibility[2m > [22mprovides fallbacks for different browser capabilities[32m 2[2mms[22m[39m
 [32m✓[39m tests/animation/reduced-motion.test.tsx[2m > [22mReduced Motion Preferences[2m > [22mUser Experience Continuity[2m > [22mmaintains visual hierarchy without motion[32m 3[2mms[22m[39m
 [32m✓[39m tests/animation/reduced-motion.test.tsx[2m > [22mReduced Motion Preferences[2m > [22mUser Experience Continuity[2m > [22mpreserves content readability and usability[32m 3[2mms[22m[39m
 [32m✓[39m tests/charts/other-data-visualization.test.tsx[2m > [22mOther Data Visualization - Enhanced Chart Testing[2m > [22mCustomBarChart Advanced Features[2m > [22mrenders multi-category bar chart with Hindi labels[32m 57[2mms[22m[39m
 [32m✓[39m tests/charts/other-data-visualization.test.tsx[2m > [22mOther Data Visualization - Enhanced Chart Testing[2m > [22mCustomBarChart Advanced Features[2m > [22mdisplays values and categories correctly[32m 2[2mms[22m[39m
 [32m✓[39m tests/charts/other-data-visualization.test.tsx[2m > [22mOther Data Visualization - Enhanced Chart Testing[2m > [22mCustomBarChart Advanced Features[2m > [22mhandles negative values gracefully[32m 1[2mms[22m[39m
 [32m✓[39m tests/charts/other-data-visualization.test.tsx[2m > [22mOther Data Visualization - Enhanced Chart Testing[2m > [22mCustomBarChart Advanced Features[2m > [22msupports custom colors and theming[32m 1[2mms[22m[39m
 [32m✓[39m tests/charts/other-data-visualization.test.tsx[2m > [22mOther Data Visualization - Enhanced Chart Testing[2m > [22mCustomLineChart Multi-Series Support[2m > [22mrenders multiple data series with legends[32m 2[2mms[22m[39m
 [32m✓[39m tests/charts/other-data-visualization.test.tsx[2m > [22mOther Data Visualization - Enhanced Chart Testing[2m > [22mCustomLineChart Multi-Series Support[2m > [22mdisplays Hindi axis labels and legends[32m 2[2mms[22m[39m
 [32m✓[39m tests/charts/other-data-visualization.test.tsx[2m > [22mOther Data Visualization - Enhanced Chart Testing[2m > [22mCustomLineChart Multi-Series Support[2m > [22mhandles missing data points gracefully[32m 2[2mms[22m[39m
 [32m✓[39m tests/charts/other-data-visualization.test.tsx[2m > [22mOther Data Visualization - Enhanced Chart Testing[2m > [22mCustomLineChart Multi-Series Support[2m > [22msupports interactive hover states[32m 1[2mms[22m[39m
 [32m✓[39m tests/visual-regression/chart-visualization.test.tsx[2m > [22mChart Visualization Visual Regression[2m > [22mCustomBarChart Component[2m > [22mrenders bars with consistent dimensions[32m 43[2mms[22m[39m
 [32m✓[39m tests/visual-regression/chart-visualization.test.tsx[2m > [22mChart Visualization Visual Regression[2m > [22mCustomBarChart Component[2m > [22mhandles empty data gracefully[32m 4[2mms[22m[39m
 [32m✓[39m tests/visual-regression/chart-visualization.test.tsx[2m > [22mChart Visualization Visual Regression[2m > [22mCustomBarChart Component[2m > [22mmaintains aspect ratio[32m 6[2mms[22m[39m
 [32m✓[39m tests/visual-regression/chart-visualization.test.tsx[2m > [22mChart Visualization Visual Regression[2m > [22mCustomLineChart Component[2m > [22mrenders line chart with data points[32m 2[2mms[22m[39m
 [32m✓[39m tests/visual-regression/chart-visualization.test.tsx[2m > [22mChart Visualization Visual Regression[2m > [22mCustomLineChart Component[2m > [22mdisplays trend line correctly[32m 2[2mms[22m[39m
 [32m✓[39m tests/visual-regression/chart-visualization.test.tsx[2m > [22mChart Visualization Visual Regression[2m > [22mCustomPieChart Component[2m > [22mrenders pie segments with colors[32m 69[2mms[22m[39m
 [32m✓[39m tests/visual-regression/chart-visualization.test.tsx[2m > [22mChart Visualization Visual Regression[2m > [22mCustomPieChart Component[2m > [22mmaintains circular proportions[32m 4[2mms[22m[39m
 [32m✓[39m tests/visual-regression/chart-visualization.test.tsx[2m > [22mChart Visualization Visual Regression[2m > [22mChart Responsiveness[2m > [22mcharts adapt to container size changes[32m 4[2mms[22m[39m
 [32m✓[39m tests/charts/other-data-visualization.test.tsx[2m > [22mOther Data Visualization - Enhanced Chart Testing[2m > [22mCustomPieChart Enhanced Features[2m > [22mrenders pie segments with percentages and labels[32m 41[2mms[22m[39m
 [32m✓[39m tests/charts/other-data-visualization.test.tsx[2m > [22mOther Data Visualization - Enhanced Chart Testing[2m > [22mCustomPieChart Enhanced Features[2m > [22mdisplays accurate percentage calculations[32m 0[2mms[22m[39m
 [32m✓[39m tests/charts/other-data-visualization.test.tsx[2m > [22mOther Data Visualization - Enhanced Chart Testing[2m > [22mCustomPieChart Enhanced Features[2m > [22mmaintains color consistency with data[32m 3[2mms[22m[39m
 [32m✓[39m tests/charts/other-data-visualization.test.tsx[2m > [22mOther Data Visualization - Enhanced Chart Testing[2m > [22mCustomPieChart Enhanced Features[2m > [22mhandles small segments appropriately[32m 2[2mms[22m[39m
 [32m✓[39m tests/charts/other-data-visualization.test.tsx[2m > [22mOther Data Visualization - Enhanced Chart Testing[2m > [22mChart Responsiveness and Adaptation[2m > [22madapts layout for different container sizes[32m 4[2mms[22m[39m
 [32m✓[39m tests/charts/other-data-visualization.test.tsx[2m > [22mOther Data Visualization - Enhanced Chart Testing[2m > [22mChart Responsiveness and Adaptation[2m > [22mmaintains readability on small screens[32m 1[2mms[22m[39m
 [32m✓[39m tests/charts/other-data-visualization.test.tsx[2m > [22mOther Data Visualization - Enhanced Chart Testing[2m > [22mChart Responsiveness and Adaptation[2m > [22mscales appropriately for high-DPI displays[32m 1[2mms[22m[39m
 [32m✓[39m tests/charts/other-data-visualization.test.tsx[2m > [22mOther Data Visualization - Enhanced Chart Testing[2m > [22mChart Accessibility Features[2m > [22mprovides descriptive text for screen readers[32m 5[2mms[22m[39m
 [32m✓[39m tests/charts/other-data-visualization.test.tsx[2m > [22mOther Data Visualization - Enhanced Chart Testing[2m > [22mChart Accessibility Features[2m > [22msupports keyboard navigation for interactive elements[32m 4[2mms[22m[39m
 [32m✓[39m tests/charts/other-data-visualization.test.tsx[2m > [22mOther Data Visualization - Enhanced Chart Testing[2m > [22mChart Accessibility Features[2m > [22mincludes proper ARIA labels and descriptions[32m 2[2mms[22m[39m
 [32m✓[39m tests/charts/other-data-visualization.test.tsx[2m > [22mOther Data Visualization - Enhanced Chart Testing[2m > [22mChart Data Validation and Error Handling[2m > [22mhandles empty data sets gracefully[32m 2[2mms[22m[39m
 [32m✓[39m tests/charts/other-data-visualization.test.tsx[2m > [22mOther Data Visualization - Enhanced Chart Testing[2m > [22mChart Data Validation and Error Handling[2m > [22mvalidates data structure and types[32m 2[2mms[22m[39m
 [32m✓[39m tests/charts/other-data-visualization.test.tsx[2m > [22mOther Data Visualization - Enhanced Chart Testing[2m > [22mChart Data Validation and Error Handling[2m > [22mprovides fallback for missing required properties[32m 2[2mms[22m[39m
 [32m✓[39m tests/charts/other-data-visualization.test.tsx[2m > [22mOther Data Visualization - Enhanced Chart Testing[2m > [22mChart Animation and Interactivity[2m > [22msupports smooth data transitions[32m 3[2mms[22m[39m
 [32m✓[39m tests/charts/other-data-visualization.test.tsx[2m > [22mOther Data Visualization - Enhanced Chart Testing[2m > [22mChart Animation and Interactivity[2m > [22mprovides hover interactions and tooltips[32m 65[2mms[22m[39m
 [32m✓[39m tests/charts/other-data-visualization.test.tsx[2m > [22mOther Data Visualization - Enhanced Chart Testing[2m > [22mChart Animation and Interactivity[2m > [22mmaintains performance with large datasets[32m 2[2mms[22m[39m
[90mstderr[2m | tests/components/MapBoxVisualStress.test.tsx[2m > [22m[2mMapBoxVisualStress[2m > [22m[2mrenders with static markers without lag
[22m[39mWarning: Function components cannot be given refs. Attempts to access this ref will fail. Did you mean to use React.forwardRef()?

Check the render method of `MapBoxVisual`.
    at MockMap (/Users/abhijita/Documents/Project-Prahlada/tests/setup.ts:70:22)
    at div
    at MapBoxVisual (/Users/abhijita/Documents/Project-Prahlada/components/analytics/MapBoxVisual.tsx:29:3)
Warning: Received `true` for a non-boolean attribute `cluster`.

If you want to write it to the DOM, pass a string instead: cluster="true" or cluster={value.toString()}.
    at div
    at Source (/Users/abhijita/Documents/Project-Prahlada/tests/setup.ts:107:21)
    at div
    at MockMap (/Users/abhijita/Documents/Project-Prahlada/tests/setup.ts:70:22)
    at div
    at MapBoxVisual (/Users/abhijita/Documents/Project-Prahlada/components/analytics/MapBoxVisual.tsx:29:3)
Warning: React does not recognize the `clusterMaxZoom` prop on a DOM element. If you intentionally want it to appear in the DOM as a custom attribute, spell it as lowercase `clustermaxzoom` instead. If you accidentally passed it from a parent component, remove it from the DOM element.
    at div
    at Source (/Users/abhijita/Documents/Project-Prahlada/tests/setup.ts:107:21)
    at div
    at MockMap (/Users/abhijita/Documents/Project-Prahlada/tests/setup.ts:70:22)
    at div
    at MapBoxVisual (/Users/abhijita/Documents/Project-Prahlada/components/analytics/MapBoxVisual.tsx:29:3)
Warning: React does not recognize the `clusterRadius` prop on a DOM element. If you intentionally want it to appear in the DOM as a custom attribute, spell it as lowercase `clusterradius` instead. If you accidentally passed it from a parent component, remove it from the DOM element.
    at div
    at Source (/Users/abhijita/Documents/Project-Prahlada/tests/setup.ts:107:21)
    at div
    at MockMap (/Users/abhijita/Documents/Project-Prahlada/tests/setup.ts:70:22)
    at div
    at MapBoxVisual (/Users/abhijita/Documents/Project-Prahlada/components/analytics/MapBoxVisual.tsx:29:3)

[90mstdout[2m | tests/animation/interaction-performance.test.tsx
[22m[39mRunning tests/setup.ts

 [32m✓[39m tests/components/MapBoxVisualStress.test.tsx[2m > [22mMapBoxVisualStress[2m > [22mrenders with static markers without lag[32m 65[2mms[22m[39m
 [32m✓[39m tests/components/MapBoxVisualStress.test.tsx[2m > [22mMapBoxVisualStress[2m > [22mhandles multiple markers (5 in current impl)[32m 146[2mms[22m[39m
 [32m✓[39m tests/pages/Ingest.test.tsx[2m > [22mIngestion Page[2m > [22mrenders ingestion interface[32m 158[2mms[22m[39m
[90mstdout[2m | tests/pages/Events.test.tsx
[22m[39mRunning tests/setup.ts

[90mstdout[2m | tests/typography/mixed-script-input-safety.test.tsx
[22m[39mRunning tests/setup.ts

[90mstdout[2m | tests/typography/font-loading-performance.test.tsx
[22m[39mRunning tests/setup.ts

[90mstdout[2m | tests/security/auth-security.test.tsx
[22m[39mRunning tests/setup.ts

[90mstdout[2m | tests/components/AnimatedGlassCard.test.tsx
[22m[39mRunning tests/setup.ts

[90mstderr[2m | tests/animation/interaction-performance.test.tsx[2m > [22m[2mInteraction Performance & Responsiveness[2m > [22m[2mTab Navigation Performance[2m > [22m[2mresponds to tab clicks within 100ms
[22m[39m⚠️ React Router Future Flag Warning: React Router will begin wrapping state updates in `React.startTransition` in v7. You can use the `v7_startTransition` future flag to opt-in early. For more information, see https://reactrouter.com/v6/upgrading/future#v7_starttransition.
⚠️ React Router Future Flag Warning: Relative route resolution within Splat routes is changing in v7. You can use the `v7_relativeSplatPath` future flag to opt-in early. For more information, see https://reactrouter.com/v6/upgrading/future#v7_relativesplatpath.

[90mstdout[2m | tests/components/RiveLikeIcons.test.tsx
[22m[39mRunning tests/setup.ts

[90mstdout[2m | tests/components/charts/CustomBarChart.test.tsx
[22m[39mRunning tests/setup.ts

 [32m✓[39m tests/animation/interaction-performance.test.tsx[2m > [22mInteraction Performance & Responsiveness[2m > [22mTab Navigation Performance[2m > [22mresponds to tab clicks within 100ms[32m 43[2mms[22m[39m
 [32m✓[39m tests/animation/interaction-performance.test.tsx[2m > [22mInteraction Performance & Responsiveness[2m > [22mTab Navigation Performance[2m > [22mhandles keyboard navigation smoothly[32m 6[2mms[22m[39m
 [32m✓[39m tests/animation/interaction-performance.test.tsx[2m > [22mInteraction Performance & Responsiveness[2m > [22mNumberTicker Interactions[2m > [22mupdates smoothly on value changes[32m 6[2mms[22m[39m
 [32m✓[39m tests/animation/interaction-performance.test.tsx[2m > [22mInteraction Performance & Responsiveness[2m > [22mNumberTicker Interactions[2m > [22mhandles rapid value updates[32m 6[2mms[22m[39m
 [32m✓[39m tests/animation/interaction-performance.test.tsx[2m > [22mInteraction Performance & Responsiveness[2m > [22mHover and Focus States[2m > [22mapplies hover effects without delay[32m 2[2mms[22m[39m
 [32m✓[39m tests/animation/interaction-performance.test.tsx[2m > [22mInteraction Performance & Responsiveness[2m > [22mHover and Focus States[2m > [22mmaintains focus indicators[32m 1[2mms[22m[39m
 [32m✓[39m tests/animation/interaction-performance.test.tsx[2m > [22mInteraction Performance & Responsiveness[2m > [22mTouch Interactions (Mobile)[2m > [22mresponds to touch events on mobile[32m 1[2mms[22m[39m
 [32m✓[39m tests/animation/interaction-performance.test.tsx[2m > [22mInteraction Performance & Responsiveness[2m > [22mTouch Interactions (Mobile)[2m > [22mprevents double-tap zoom on interactive elements[32m 3[2mms[22m[39m
 [32m✓[39m tests/typography/mixed-script-input-safety.test.tsx[2m > [22mMixed-Script Input Safety[2m > [22mRaigarh-style Input Validation[2m > [22mhandles Raigarh रायगढ़ style mixed input gracefully[32m 22[2mms[22m[39m
 [32m✓[39m tests/typography/mixed-script-input-safety.test.tsx[2m > [22mMixed-Script Input Safety[2m > [22mRaigarh-style Input Validation[2m > [22mmaintains layout with mixed Hindi-English input[32m 8[2mms[22m[39m
 [32m✓[39m tests/typography/mixed-script-input-safety.test.tsx[2m > [22mMixed-Script Input Safety[2m > [22mRaigarh-style Input Validation[2m > [22mprevents layout breaking from mixed script combinations[32m 8[2mms[22m[39m
 [32m✓[39m tests/typography/mixed-script-input-safety.test.tsx[2m > [22mMixed-Script Input Safety[2m > [22mScript Direction Handling[2m > [22mmaintains left-to-right flow for Hindi text[32m 4[2mms[22m[39m
 [32m✓[39m tests/typography/mixed-script-input-safety.test.tsx[2m > [22mMixed-Script Input Safety[2m > [22mScript Direction Handling[2m > [22mhandles mixed script text wrapping correctly[32m 7[2mms[22m[39m
 [32m✓[39m tests/typography/mixed-script-input-safety.test.tsx[2m > [22mMixed-Script Input Safety[2m > [22mInput Field Behavior[2m > [22maccepts both Hindi and English characters[32m 5[2mms[22m[39m
 [32m✓[39m tests/typography/mixed-script-input-safety.test.tsx[2m > [22mMixed-Script Input Safety[2m > [22mInput Field Behavior[2m > [22mmaintains cursor position with mixed scripts[32m 3[2mms[22m[39m
 [32m✓[39m tests/typography/mixed-script-input-safety.test.tsx[2m > [22mMixed-Script Input Safety[2m > [22mInput Field Behavior[2m > [22mhandles paste operations with mixed content[32m 2[2mms[22m[39m
 [32m✓[39m tests/typography/mixed-script-input-safety.test.tsx[2m > [22mMixed-Script Input Safety[2m > [22mDisplay and Rendering Safety[2m > [22mrenders mixed script combinations without corruption[32m 34[2mms[22m[39m
 [32m✓[39m tests/typography/mixed-script-input-safety.test.tsx[2m > [22mMixed-Script Input Safety[2m > [22mDisplay and Rendering Safety[2m > [22mmaintains text selection in mixed script text[32m 2[2mms[22m[39m
 [32m✓[39m tests/typography/mixed-script-input-safety.test.tsx[2m > [22mMixed-Script Input Safety[2m > [22mDisplay and Rendering Safety[2m > [22mhandles search and highlight in mixed content[32m 2[2mms[22m[39m
 [32m✓[39m tests/typography/mixed-script-input-safety.test.tsx[2m > [22mMixed-Script Input Safety[2m > [22mForm Submission Safety[2m > [22mprocesses mixed script form data correctly[32m 4[2mms[22m[39m
 [32m✓[39m tests/typography/mixed-script-input-safety.test.tsx[2m > [22mMixed-Script Input Safety[2m > [22mForm Submission Safety[2m > [22mvalidates mixed script input formats[32m 2[2mms[22m[39m
 [32m✓[39m tests/typography/mixed-script-input-safety.test.tsx[2m > [22mMixed-Script Input Safety[2m > [22mAccessibility with Mixed Scripts[2m > [22mprovides proper labels for mixed script inputs[32m 6[2mms[22m[39m
 [32m✓[39m tests/typography/mixed-script-input-safety.test.tsx[2m > [22mMixed-Script Input Safety[2m > [22mAccessibility with Mixed Scripts[2m > [22mmaintains screen reader compatibility[32m 2[2mms[22m[39m
 [32m✓[39m tests/security/auth-security.test.tsx[2m > [22mSecurity & Authentication[2m > [22mInput Validation[2m > [22msanitizes user inputs[32m 16[2mms[22m[39m
 [32m✓[39m tests/security/auth-security.test.tsx[2m > [22mSecurity & Authentication[2m > [22mInput Validation[2m > [22mvalidates email formats[32m 0[2mms[22m[39m
 [32m✓[39m tests/security/auth-security.test.tsx[2m > [22mSecurity & Authentication[2m > [22mInput Validation[2m > [22mprevents SQL injection patterns[32m 0[2mms[22m[39m
 [32m✓[39m tests/security/auth-security.test.tsx[2m > [22mSecurity & Authentication[2m > [22mAuthentication Flow[2m > [22mrequires authentication for protected routes[32m 0[2mms[22m[39m
 [32m✓[39m tests/security/auth-security.test.tsx[2m > [22mSecurity & Authentication[2m > [22mAuthentication Flow[2m > [22mvalidates JWT tokens[32m 0[2mms[22m[39m
 [32m✓[39m tests/security/auth-security.test.tsx[2m > [22mSecurity & Authentication[2m > [22mAuthentication Flow[2m > [22mhandles session expiration[32m 0[2mms[22m[39m
 [32m✓[39m tests/security/auth-security.test.tsx[2m > [22mSecurity & Authentication[2m > [22mAPI Security[2m > [22mincludes CSRF tokens in requests[32m 0[2mms[22m[39m
 [32m✓[39m tests/security/auth-security.test.tsx[2m > [22mSecurity & Authentication[2m > [22mAPI Security[2m > [22mvalidates request origins[32m 0[2mms[22m[39m
 [32m✓[39m tests/security/auth-security.test.tsx[2m > [22mSecurity & Authentication[2m > [22mAPI Security[2m > [22mrate limits requests[32m 0[2mms[22m[39m
 [32m✓[39m tests/security/auth-security.test.tsx[2m > [22mSecurity & Authentication[2m > [22mData Protection[2m > [22mencrypts sensitive data[32m 0[2mms[22m[39m
 [32m✓[39m tests/security/auth-security.test.tsx[2m > [22mSecurity & Authentication[2m > [22mData Protection[2m > [22mmasks sensitive information in logs[32m 0[2mms[22m[39m
 [32m✓[39m tests/pages/Events.test.tsx[2m > [22mEvents Page[2m > [22mrenders events dashboard[32m 37[2mms[22m[39m
 [32m✓[39m tests/typography/font-loading-performance.test.tsx[2m > [22mFont Loading Performance & Fallbacks[2m > [22mFont Loading Strategy[2m > [22mloads fonts asynchronously without blocking[32m 52[2mms[22m[39m
 [32m✓[39m tests/typography/font-loading-performance.test.tsx[2m > [22mFont Loading Performance & Fallbacks[2m > [22mFont Loading Strategy[2m > [22mprovides immediate fallback fonts[32m 4[2mms[22m[39m
 [32m✓[39m tests/typography/font-loading-performance.test.tsx[2m > [22mFont Loading Performance & Fallbacks[2m > [22mFont Loading Strategy[2m > [22mswitches to loaded font seamlessly[32m 8[2mms[22m[39m
 [32m✓[39m tests/typography/font-loading-performance.test.tsx[2m > [22mFont Loading Performance & Fallbacks[2m > [22mTypography Performance Metrics[2m > [22mmaintains consistent line heights[32m 3[2mms[22m[39m
 [32m✓[39m tests/typography/font-loading-performance.test.tsx[2m > [22mFont Loading Performance & Fallbacks[2m > [22mTypography Performance Metrics[2m > [22mhandles long text blocks efficiently[32m 1[2mms[22m[39m
 [32m✓[39m tests/typography/font-loading-performance.test.tsx[2m > [22mFont Loading Performance & Fallbacks[2m > [22mTypography Performance Metrics[2m > [22moptimizes character spacing[32m 2[2mms[22m[39m
 [32m✓[39m tests/typography/font-loading-performance.test.tsx[2m > [22mFont Loading Performance & Fallbacks[2m > [22mCross-Browser Font Support[2m > [22mrenders correctly in browser 1[32m 3[2mms[22m[39m
 [32m✓[39m tests/typography/font-loading-performance.test.tsx[2m > [22mFont Loading Performance & Fallbacks[2m > [22mCross-Browser Font Support[2m > [22mrenders correctly in browser 2[32m 2[2mms[22m[39m
 [32m✓[39m tests/typography/font-loading-performance.test.tsx[2m > [22mFont Loading Performance & Fallbacks[2m > [22mCross-Browser Font Support[2m > [22mrenders correctly in browser 3[32m 2[2mms[22m[39m
 [32m✓[39m tests/components/AnimatedGlassCard.test.tsx[2m > [22mAnimatedGlassCard[2m > [22mrenders children correctly[32m 20[2mms[22m[39m
 [32m✓[39m tests/components/AnimatedGlassCard.test.tsx[2m > [22mAnimatedGlassCard[2m > [22mrenders title when provided[32m 7[2mms[22m[39m
 [32m✓[39m tests/components/AnimatedGlassCard.test.tsx[2m > [22mAnimatedGlassCard[2m > [22mrenders with default animation classes (framer-motion adds inline styles/classes)[32m 10[2mms[22m[39m
 [32m✓[39m tests/components/charts/CustomBarChart.test.tsx[2m > [22mCustomBarChart[2m > [22mrenders the chart container[32m 27[2mms[22m[39m
 [32m✓[39m tests/components/charts/CustomBarChart.test.tsx[2m > [22mCustomBarChart[2m > [22mrenders with empty data[32m 4[2mms[22m[39m
 [32m✓[39m tests/components/charts/CustomBarChart.test.tsx[2m > [22mCustomBarChart[2m > [22mrenders with extreme outliers[32m 3[2mms[22m[39m
 [32m✓[39m tests/components/RiveLikeIcons.test.tsx[2m > [22mRiveLikeIcons[2m > [22mPulseButton[2m > [22mrenders with default label[32m 38[2mms[22m[39m
 [32m✓[39m tests/components/RiveLikeIcons.test.tsx[2m > [22mRiveLikeIcons[2m > [22mPulseButton[2m > [22mrenders with custom label[32m 8[2mms[22m[39m
 [32m✓[39m tests/components/RiveLikeIcons.test.tsx[2m > [22mRiveLikeIcons[2m > [22mPulseButton[2m > [22mcalls onClick when clicked[32m 16[2mms[22m[39m
 [32m✓[39m tests/components/RiveLikeIcons.test.tsx[2m > [22mRiveLikeIcons[2m > [22mPulseButton[2m > [22mshows loading state[32m 31[2mms[22m[39m
 [32m✓[39m tests/components/RiveLikeIcons.test.tsx[2m > [22mRiveLikeIcons[2m > [22mLiquidLoader[2m > [22mrenders loading text[32m 14[2mms[22m[39m
 [32m✓[39m tests/components/RiveLikeIcons.test.tsx[2m > [22mRiveLikeIcons[2m > [22mLiquidLoader[2m > [22mrenders loader animation[32m 3[2mms[22m[39m
[90mstdout[2m | tests/components/Animation.test.tsx
[22m[39mRunning tests/setup.ts

[90mstdout[2m | tests/e2e/reduced-motion.test.tsx
[22m[39mRunning tests/setup.ts

[90mstdout[2m | tests/offline/caching-offline.test.tsx
[22m[39mRunning tests/setup.ts

 [32m✓[39m tests/components/Animation.test.tsx[2m > [22mAnimation & Interaction[2m > [22mrenders AnimatedGlassCard with initial motion props[32m 34[2mms[22m[39m
[90mstdout[2m | tests/pages/Home.test.tsx
[22m[39mRunning tests/setup.ts

 [32m✓[39m tests/offline/caching-offline.test.tsx[2m > [22mOffline & Caching[2m > [22mService Worker Registration[2m > [22mregisters service worker on app start[32m 2[2mms[22m[39m
 [32m✓[39m tests/offline/caching-offline.test.tsx[2m > [22mOffline & Caching[2m > [22mService Worker Registration[2m > [22mhandles service worker registration errors[32m 2[2mms[22m[39m
 [32m✓[39m tests/offline/caching-offline.test.tsx[2m > [22mOffline & Caching[2m > [22mCache Management[2m > [22mcaches static assets[32m 0[2mms[22m[39m
 [32m✓[39m tests/offline/caching-offline.test.tsx[2m > [22mOffline & Caching[2m > [22mCache Management[2m > [22mimplements cache-first strategy for static assets[32m 1[2mms[22m[39m
 [32m✓[39m tests/offline/caching-offline.test.tsx[2m > [22mOffline & Caching[2m > [22mCache Management[2m > [22mfalls back to network for dynamic content[32m 0[2mms[22m[39m
 [32m✓[39m tests/offline/caching-offline.test.tsx[2m > [22mOffline & Caching[2m > [22mOffline Detection[2m > [22mdetects online/offline status[32m 0[2mms[22m[39m
 [32m✓[39m tests/offline/caching-offline.test.tsx[2m > [22mOffline & Caching[2m > [22mOffline Detection[2m > [22mshows offline indicator[32m 28[2mms[22m[39m
 [32m✓[39m tests/offline/caching-offline.test.tsx[2m > [22mOffline & Caching[2m > [22mOffline Detection[2m > [22mqueues requests when offline[32m 0[2mms[22m[39m
 [32m✓[39m tests/offline/caching-offline.test.tsx[2m > [22mOffline & Caching[2m > [22mBackground Sync[2m > [22msyncs queued requests when back online[32m 0[2mms[22m[39m
 [32m✓[39m tests/offline/caching-offline.test.tsx[2m > [22mOffline & Caching[2m > [22mBackground Sync[2m > [22mhandles sync failures gracefully[32m 0[2mms[22m[39m
 [32m✓[39m tests/e2e/reduced-motion.test.tsx[2m > [22mReduced Motion[2m > [22mfalls back to minimal animations when reduced-motion is enabled[32m 23[2mms[22m[39m
[90mstdout[2m | tests/components/charts/CustomLineChart.test.tsx
[22m[39mRunning tests/setup.ts

[90mstdout[2m | tests/security/RouteGuard.test.tsx
[22m[39mRunning tests/setup.ts

[90mstdout[2m | tests/e2e/build-bundle.test.tsx
[22m[39mRunning tests/setup.ts

[90mstdout[2m | tests/e2e/browser-compatibility.test.tsx
[22m[39mRunning tests/setup.ts

[90mstdout[2m | tests/e2e/input-safety.test.tsx
[22m[39mRunning tests/setup.ts

 [32m✓[39m tests/e2e/build-bundle.test.tsx[2m > [22mBuild & Bundle Optimization[2m > [22mrenders without large bundle issues[32m 63[2mms[22m[39m
 [32m✓[39m tests/e2e/input-safety.test.tsx[2m > [22mMixed-Script Input Safety[2m > [22mhandles mixed Hindi-English input[32m 21[2mms[22m[39m
 [32m✓[39m tests/components/charts/CustomLineChart.test.tsx[2m > [22mCustomLineChart[2m > [22mrenders the chart container[32m 14[2mms[22m[39m
 [32m✓[39m tests/components/charts/CustomLineChart.test.tsx[2m > [22mCustomLineChart[2m > [22mrenders with empty data[32m 2[2mms[22m[39m
 [32m✓[39m tests/e2e/browser-compatibility.test.tsx[2m > [22mBrowser Compatibility[2m > [22mrenders correctly in simulated browser[32m 13[2mms[22m[39m
[90mstdout[2m | tests/components/NumberTicker.test.tsx
[22m[39mRunning tests/setup.ts

[90mstdout[2m | tests/e2e/visual-regression.test.tsx
[22m[39mRunning tests/setup.ts

[90mstderr[2m | tests/security/RouteGuard.test.tsx[2m > [22m[2mRouteGuard Component[2m > [22m[2mrenders PageLoader when authentication status is loading
[22m[39m⚠️ React Router Future Flag Warning: React Router will begin wrapping state updates in `React.startTransition` in v7. You can use the `v7_startTransition` future flag to opt-in early. For more information, see https://reactrouter.com/v6/upgrading/future#v7_starttransition.
⚠️ React Router Future Flag Warning: Relative route resolution within Splat routes is changing in v7. You can use the `v7_relativeSplatPath` future flag to opt-in early. For more information, see https://reactrouter.com/v6/upgrading/future#v7_relativesplatpath.

 [32m✓[39m tests/security/RouteGuard.test.tsx[2m > [22mRouteGuard Component[2m > [22mrenders PageLoader when authentication status is loading[32m 31[2mms[22m[39m
 [32m✓[39m tests/security/RouteGuard.test.tsx[2m > [22mRouteGuard Component[2m > [22mredirects to login when not authenticated[32m 13[2mms[22m[39m
 [32m✓[39m tests/security/RouteGuard.test.tsx[2m > [22mRouteGuard Component[2m > [22mrenders children when authenticated[32m 2[2mms[22m[39m
 [32m✓[39m tests/security/RouteGuard.test.tsx[2m > [22mRouteGuard Component[2m > [22mredirects to a custom login path if redirectTo prop is provided[32m 5[2mms[22m[39m
 [32m✓[39m tests/security/RouteGuard.test.tsx[2m > [22mRouteGuard Component[2m > [22mpreserves current location in state for redirection back after login[32m 8[2mms[22m[39m
 [32m✓[39m tests/e2e/visual-regression.test.tsx[2m > [22mVisual Regression - Hindi & Glassmorphism[2m > [22mrenders Hindi text without clipping[32m 44[2mms[22m[39m
 [32m✓[39m tests/e2e/visual-regression.test.tsx[2m > [22mVisual Regression - Hindi & Glassmorphism[2m > [22mhandles mixed script correctly[32m 3[2mms[22m[39m
[90mstderr[2m | tests/pages/Home.test.tsx[2m > [22m[2mHome Page[2m > [22m[2mrenders the home page with title
[22m[39m⚠️ React Router Future Flag Warning: React Router will begin wrapping state updates in `React.startTransition` in v7. You can use the `v7_startTransition` future flag to opt-in early. For more information, see https://reactrouter.com/v6/upgrading/future#v7_starttransition.
⚠️ React Router Future Flag Warning: Relative route resolution within Splat routes is changing in v7. You can use the `v7_relativeSplatPath` future flag to opt-in early. For more information, see https://reactrouter.com/v6/upgrading/future#v7_relativesplatpath.
Warning: An update to Home inside a test was not wrapped in act(...).

When testing, code that causes React state updates should be wrapped into act(...):

act(() => {
  /* fire events that update state */
});
/* assert on the output */

This ensures that you're testing the behavior the user would see in the browser. Learn more at https://reactjs.org/link/wrap-tests-with-act
    at Home (/Users/abhijita/Documents/Project-Prahlada/pages/Home.tsx:28:65)
    at Router (/Users/abhijita/Documents/Project-Prahlada/node_modules/react-router/dist/umd/react-router.development.js:1207:17)
    at HashRouter (/Users/abhijita/Documents/Project-Prahlada/node_modules/react-router-dom/dist/umd/react-router-dom.development.js:735:7)
    at AuthProvider (/Users/abhijita/Documents/Project-Prahlada/contexts/AuthContext.tsx:11:25)
    at ConfigProvider (/Users/abhijita/Documents/Project-Prahlada/contexts/ConfigContext.tsx:10:27)
    at AllTheProviders (/Users/abhijita/Documents/Project-Prahlada/tests/test-utils.tsx:30:28)
Warning: An update to Home inside a test was not wrapped in act(...).

When testing, code that causes React state updates should be wrapped into act(...):

act(() => {
  /* fire events that update state */
});
/* assert on the output */

This ensures that you're testing the behavior the user would see in the browser. Learn more at https://reactjs.org/link/wrap-tests-with-act
    at Home (/Users/abhijita/Documents/Project-Prahlada/pages/Home.tsx:28:65)
    at Router (/Users/abhijita/Documents/Project-Prahlada/node_modules/react-router/dist/umd/react-router.development.js:1207:17)
    at HashRouter (/Users/abhijita/Documents/Project-Prahlada/node_modules/react-router-dom/dist/umd/react-router-dom.development.js:735:7)
    at AuthProvider (/Users/abhijita/Documents/Project-Prahlada/contexts/AuthContext.tsx:11:25)
    at ConfigProvider (/Users/abhijita/Documents/Project-Prahlada/contexts/ConfigContext.tsx:10:27)
    at AllTheProviders (/Users/abhijita/Documents/Project-Prahlada/tests/test-utils.tsx:30:28)
Warning: An update to ConfigProvider inside a test was not wrapped in act(...).

When testing, code that causes React state updates should be wrapped into act(...):

act(() => {
  /* fire events that update state */
});
/* assert on the output */

This ensures that you're testing the behavior the user would see in the browser. Learn more at https://reactjs.org/link/wrap-tests-with-act
    at ConfigProvider (/Users/abhijita/Documents/Project-Prahlada/contexts/ConfigContext.tsx:10:27)
    at AllTheProviders (/Users/abhijita/Documents/Project-Prahlada/tests/test-utils.tsx:30:28)

[90mstdout[2m | tests/visual-regression/responsive-design.test.tsx
[22m[39mRunning tests/setup.ts

[90mstdout[2m | tests/offline/caching.test.tsx
[22m[39mRunning tests/setup.ts

[90mstdout[2m | tests/components/GlassCard.test.tsx
[22m[39mRunning tests/setup.ts

[90mstdout[2m | tests/components/FieldDisplay.test.tsx
[22m[39mRunning tests/setup.ts

[90mstdout[2m | tests/services/GeocodingService.test.ts
[22m[39mRunning tests/setup.ts

 [32m✓[39m tests/pages/Home.test.tsx[2m > [22mHome Page[2m > [22mrenders the home page with title[32m 102[2mms[22m[39m
 [32m✓[39m tests/pages/Home.test.tsx[2m > [22mHome Page[2m > [22mrenders the Home page with tweets[32m 61[2mms[22m[39m
 [32m✓[39m tests/services/GeocodingService.test.ts[2m > [22mGeocodingService[2m > [22mreturns cached result if available[32m 4[2mms[22m[39m
 [32m✓[39m tests/services/GeocodingService.test.ts[2m > [22mGeocodingService[2m > [22mcalls Mapbox (Primary) first[32m 3[2mms[22m[39m
 [32m✓[39m tests/services/GeocodingService.test.ts[2m > [22mGeocodingService[2m > [22mfalls back to Nominatim if Mapbox fails[32m 1[2mms[22m[39m
 [32m✓[39m tests/services/GeocodingService.test.ts[2m > [22mGeocodingService[2m > [22mhandles real location data from tweets[32m 0[2mms[22m[39m
 [32m✓[39m tests/offline/caching.test.tsx[2m > [22mOffline, Caching & Field Conditions[2m > [22mService Worker Registration[2m > [22mregisters service worker for offline functionality[32m 2[2mms[22m[39m
 [32m✓[39m tests/offline/caching.test.tsx[2m > [22mOffline, Caching & Field Conditions[2m > [22mCache Management[2m > [22mcaches static assets for offline use[32m 1[2mms[22m[39m
 [32m✓[39m tests/offline/caching.test.tsx[2m > [22mOffline, Caching & Field Conditions[2m > [22mCache Management[2m > [22mimplements cache-first strategy[32m 1[2mms[22m[39m
 [32m✓[39m tests/offline/caching.test.tsx[2m > [22mOffline, Caching & Field Conditions[2m > [22mOffline Detection[2m > [22mdetects online/offline status[32m 0[2mms[22m[39m
 [32m✓[39m tests/offline/caching.test.tsx[2m > [22mOffline, Caching & Field Conditions[2m > [22mOffline Detection[2m > [22mshows offline indicator[32m 29[2mms[22m[39m
 [32m✓[39m tests/offline/caching.test.tsx[2m > [22mOffline, Caching & Field Conditions[2m > [22mBackground Sync[2m > [22mqueues requests when offline[32m 0[2mms[22m[39m
 [32m✓[39m tests/offline/caching.test.tsx[2m > [22mOffline, Caching & Field Conditions[2m > [22mBackground Sync[2m > [22msyncs queued requests when back online[32m 0[2mms[22m[39m
 [32m✓[39m tests/components/GlassCard.test.tsx[2m > [22mGlassCard[2m > [22mrenders children correctly[32m 36[2mms[22m[39m
 [32m✓[39m tests/components/GlassCard.test.tsx[2m > [22mGlassCard[2m > [22mhas glassmorphism classes[32m 7[2mms[22m[39m
 [32m✓[39m tests/components/FieldDisplay.test.tsx[2m > [22mFieldDisplay Component[2m > [22mrenders label correctly[32m 22[2mms[22m[39m
 [32m✓[39m tests/components/FieldDisplay.test.tsx[2m > [22mFieldDisplay Component[2m > [22mrenders values from real data (Event Type)[32m 3[2mms[22m[39m
 [32m✓[39m tests/components/FieldDisplay.test.tsx[2m > [22mFieldDisplay Component[2m > [22mrenders array values from real data (Target Groups or Communities)[32m 2[2mms[22m[39m
 [32m✓[39m tests/components/FieldDisplay.test.tsx[2m > [22mFieldDisplay Component[2m > [22mshows empty state when values are missing[32m 2[2mms[22m[39m
 [32m✓[39m tests/components/FieldDisplay.test.tsx[2m > [22mFieldDisplay Component[2m > [22mapplies correct color class (Amber)[32m 1[2mms[22m[39m
[90mstdout[2m | tests/browser/browser-compatibility.test.tsx
[22m[39mRunning tests/setup.ts

 [32m✓[39m tests/browser/browser-compatibility.test.tsx[2m > [22mBrowser Compatibility (Chromium/WebKit/Gecko, including iOS vh quirks)[2m > [22mModern Browser Support[2m > [22msupports ES6+ features[32m 2[2mms[22m[39m
 [32m✓[39m tests/browser/browser-compatibility.test.tsx[2m > [22mBrowser Compatibility (Chromium/WebKit/Gecko, including iOS vh quirks)[2m > [22mModern Browser Support[2m > [22mhandles async/await[32m 1[2mms[22m[39m
 [32m✓[39m tests/browser/browser-compatibility.test.tsx[2m > [22mBrowser Compatibility (Chromium/WebKit/Gecko, including iOS vh quirks)[2m > [22mModern Browser Support[2m > [22msupports modern CSS features[32m 4[2mms[22m[39m
 [32m✓[39m tests/browser/browser-compatibility.test.tsx[2m > [22mBrowser Compatibility (Chromium/WebKit/Gecko, including iOS vh quirks)[2m > [22mProgressive Enhancement[2m > [22mworks without JavaScript[32m 0[2mms[22m[39m
 [32m✓[39m tests/browser/browser-compatibility.test.tsx[2m > [22mBrowser Compatibility (Chromium/WebKit/Gecko, including iOS vh quirks)[2m > [22mProgressive Enhancement[2m > [22mprovides fallback for CSS Grid[32m 0[2mms[22m[39m
 [32m✓[39m tests/browser/browser-compatibility.test.tsx[2m > [22mBrowser Compatibility (Chromium/WebKit/Gecko, including iOS vh quirks)[2m > [22mProgressive Enhancement[2m > [22mhandles missing API gracefully[32m 0[2mms[22m[39m
 [32m✓[39m tests/browser/browser-compatibility.test.tsx[2m > [22mBrowser Compatibility (Chromium/WebKit/Gecko, including iOS vh quirks)[2m > [22mCross-Browser Event Handling[2m > [22mnormalizes event objects[32m 1[2mms[22m[39m
 [32m✓[39m tests/browser/browser-compatibility.test.tsx[2m > [22mBrowser Compatibility (Chromium/WebKit/Gecko, including iOS vh quirks)[2m > [22mCross-Browser Event Handling[2m > [22mhandles touch and mouse events[32m 0[2mms[22m[39m
 [32m✓[39m tests/browser/browser-compatibility.test.tsx[2m > [22mBrowser Compatibility (Chromium/WebKit/Gecko, including iOS vh quirks)[2m > [22mPolyfill Loading[2m > [22mloads required polyfills[32m 0[2mms[22m[39m
 [32m✓[39m tests/browser/browser-compatibility.test.tsx[2m > [22mBrowser Compatibility (Chromium/WebKit/Gecko, including iOS vh quirks)[2m > [22mPolyfill Loading[2m > [22mdetects browser capabilities[32m 0[2mms[22m[39m
 [32m✓[39m tests/visual-regression/responsive-design.test.tsx[2m > [22mResponsive Design Visual Regression[2m > [22mMobile Viewport (< 768px)[2m > [22mcomponents adapt to mobile layout[32m 31[2mms[22m[39m
 [32m✓[39m tests/visual-regression/responsive-design.test.tsx[2m > [22mResponsive Design Visual Regression[2m > [22mMobile Viewport (< 768px)[2m > [22mcharts scale appropriately on mobile[32m 7[2mms[22m[39m
 [32m✓[39m tests/visual-regression/responsive-design.test.tsx[2m > [22mResponsive Design Visual Regression[2m > [22mTablet Viewport (768px - 1024px)[2m > [22mmaintains tablet-optimized layouts[32m 4[2mms[22m[39m
 [32m✓[39m tests/visual-regression/responsive-design.test.tsx[2m > [22mResponsive Design Visual Regression[2m > [22mDesktop Viewport (> 1024px)[2m > [22mutilizes full desktop real estate[32m 3[2mms[22m[39m
 [32m✓[39m tests/visual-regression/responsive-design.test.tsx[2m > [22mResponsive Design Visual Regression[2m > [22mBreakpoint Transitions[2m > [22mhandles viewport changes smoothly[32m 10[2mms[22m[39m
 [32m✓[39m tests/visual-regression/responsive-design.test.tsx[2m > [22mResponsive Design Visual Regression[2m > [22mBreakpoint Transitions[2m > [22mcharts maintain readability across breakpoints[32m 2[2mms[22m[39m
 [32m✓[39m tests/components/NumberTicker.test.tsx[2m > [22mNumberTicker[2m > [22mrenders correctly[32m 46[2mms[22m[39m
[90mstdout[2m | tests/cicd/coverage-gates.test.tsx
[22m[39mRunning tests/setup.ts

[90mstdout[2m | tests/state/CacheInvalidation.test.tsx
[22m[39mRunning tests/setup.ts

[90mstdout[2m | tests/build/bundle-optimization.test.tsx
[22m[39mRunning tests/setup.ts

[90mstdout[2m | tests/security/security-auth.test.tsx
[22m[39mRunning tests/setup.ts

 [32m✓[39m tests/cicd/coverage-gates.test.tsx[2m > [22mCI / Coverage Gates (Vitest coverage: Lines ≥ 90%, Branches ≥ 85%; workflows for test:unit, test:e2e, test:lint, test:accessibility, test:bundle; PR blocked unless all green)[2m > [22mTest Coverage Requirements[2m > [22mmeets line coverage threshold[32m 4[2mms[22m[39m
 [32m✓[39m tests/cicd/coverage-gates.test.tsx[2m > [22mCI / Coverage Gates (Vitest coverage: Lines ≥ 90%, Branches ≥ 85%; workflows for test:unit, test:e2e, test:lint, test:accessibility, test:bundle; PR blocked unless all green)[2m > [22mTest Coverage Requirements[2m > [22mcovers critical user paths[32m 0[2mms[22m[39m
 [32m✓[39m tests/cicd/coverage-gates.test.tsx[2m > [22mCI / Coverage Gates (Vitest coverage: Lines ≥ 90%, Branches ≥ 85%; workflows for test:unit, test:e2e, test:lint, test:accessibility, test:bundle; PR blocked unless all green)[2m > [22mLinting & Code Quality[2m > [22mpasses ESLint rules[32m 0[2mms[22m[39m
 [32m✓[39m tests/cicd/coverage-gates.test.tsx[2m > [22mCI / Coverage Gates (Vitest coverage: Lines ≥ 90%, Branches ≥ 85%; workflows for test:unit, test:e2e, test:lint, test:accessibility, test:bundle; PR blocked unless all green)[2m > [22mLinting & Code Quality[2m > [22mpasses TypeScript checks[32m 0[2mms[22m[39m
 [32m✓[39m tests/cicd/coverage-gates.test.tsx[2m > [22mCI / Coverage Gates (Vitest coverage: Lines ≥ 90%, Branches ≥ 85%; workflows for test:unit, test:e2e, test:lint, test:accessibility, test:bundle; PR blocked unless all green)[2m > [22mLinting & Code Quality[2m > [22mmaintains code complexity limits[32m 0[2mms[22m[39m
 [32m✓[39m tests/cicd/coverage-gates.test.tsx[2m > [22mCI / Coverage Gates (Vitest coverage: Lines ≥ 90%, Branches ≥ 85%; workflows for test:unit, test:e2e, test:lint, test:accessibility, test:bundle; PR blocked unless all green)[2m > [22mSecurity Scanning[2m > [22mpasses SAST security scan[32m 0[2mms[22m[39m
 [32m✓[39m tests/cicd/coverage-gates.test.tsx[2m > [22mCI / Coverage Gates (Vitest coverage: Lines ≥ 90%, Branches ≥ 85%; workflows for test:unit, test:e2e, test:lint, test:accessibility, test:bundle; PR blocked unless all green)[2m > [22mSecurity Scanning[2m > [22mpasses dependency vulnerability scan[32m 0[2mms[22m[39m
 [32m✓[39m tests/cicd/coverage-gates.test.tsx[2m > [22mCI / Coverage Gates (Vitest coverage: Lines ≥ 90%, Branches ≥ 85%; workflows for test:unit, test:e2e, test:lint, test:accessibility, test:bundle; PR blocked unless all green)[2m > [22mSecurity Scanning[2m > [22mvalidates license compliance[32m 0[2mms[22m[39m
 [32m✓[39m tests/cicd/coverage-gates.test.tsx[2m > [22mCI / Coverage Gates (Vitest coverage: Lines ≥ 90%, Branches ≥ 85%; workflows for test:unit, test:e2e, test:lint, test:accessibility, test:bundle; PR blocked unless all green)[2m > [22mPerformance Testing[2m > [22mpasses Lighthouse performance budget[32m 0[2mms[22m[39m
 [32m✓[39m tests/cicd/coverage-gates.test.tsx[2m > [22mCI / Coverage Gates (Vitest coverage: Lines ≥ 90%, Branches ≥ 85%; workflows for test:unit, test:e2e, test:lint, test:accessibility, test:bundle; PR blocked unless all green)[2m > [22mPerformance Testing[2m > [22mmeets Core Web Vitals thresholds[32m 0[2mms[22m[39m
 [32m✓[39m tests/cicd/coverage-gates.test.tsx[2m > [22mCI / Coverage Gates (Vitest coverage: Lines ≥ 90%, Branches ≥ 85%; workflows for test:unit, test:e2e, test:lint, test:accessibility, test:bundle; PR blocked unless all green)[2m > [22mBuild & Deployment Gates[2m > [22mbuilds successfully[32m 0[2mms[22m[39m
 [32m✓[39m tests/cicd/coverage-gates.test.tsx[2m > [22mCI / Coverage Gates (Vitest coverage: Lines ≥ 90%, Branches ≥ 85%; workflows for test:unit, test:e2e, test:lint, test:accessibility, test:bundle; PR blocked unless all green)[2m > [22mBuild & Deployment Gates[2m > [22mgenerates valid artifacts[32m 1[2mms[22m[39m
 [32m✓[39m tests/state/CacheInvalidation.test.tsx[2m > [22mCacheInvalidation[2m > [22minvalidates cache on refresh[32m 1[2mms[22m[39m
 [32m✓[39m tests/build/bundle-optimization.test.tsx[2m > [22mBuild & Bundle Optimization[2m > [22mCode Splitting[2m > [22msplits vendor code from app code[32m 2[2mms[22m[39m
 [32m✓[39m tests/build/bundle-optimization.test.tsx[2m > [22mBuild & Bundle Optimization[2m > [22mCode Splitting[2m > [22mlazy loads route components[32m 0[2mms[22m[39m
 [32m✓[39m tests/build/bundle-optimization.test.tsx[2m > [22mBuild & Bundle Optimization[2m > [22mCode Splitting[2m > [22mcreates optimized chunks for pages[32m 3[2mms[22m[39m
 [32m✓[39m tests/build/bundle-optimization.test.tsx[2m > [22mBuild & Bundle Optimization[2m > [22mAsset Optimization[2m > [22mcompresses text assets[32m 1[2mms[22m[39m
 [32m✓[39m tests/build/bundle-optimization.test.tsx[2m > [22mBuild & Bundle Optimization[2m > [22mAsset Optimization[2m > [22moptimizes images[32m 3[2mms[22m[39m
 [32m✓[39m tests/build/bundle-optimization.test.tsx[2m > [22mBuild & Bundle Optimization[2m > [22mAsset Optimization[2m > [22mminifies CSS and JS[32m 1[2mms[22m[39m
 [32m✓[39m tests/build/bundle-optimization.test.tsx[2m > [22mBuild & Bundle Optimization[2m > [22mTree Shaking[2m > [22mremoves unused code[32m 2[2mms[22m[39m
 [32m✓[39m tests/build/bundle-optimization.test.tsx[2m > [22mBuild & Bundle Optimization[2m > [22mTree Shaking[2m > [22mincludes only used dependencies[32m 0[2mms[22m[39m
 [32m✓[39m tests/build/bundle-optimization.test.tsx[2m > [22mBuild & Bundle Optimization[2m > [22mPerformance Budgets[2m > [22mmeets bundle size limits[32m 2[2mms[22m[39m
 [32m✓[39m tests/build/bundle-optimization.test.tsx[2m > [22mBuild & Bundle Optimization[2m > [22mPerformance Budgets[2m > [22machieves good Lighthouse scores[32m 0[2mms[22m[39m
 [32m✓[39m tests/security/security-auth.test.tsx[2m > [22mSecurity & Authentication (Client)[2m > [22mInput Validation and Sanitization[2m > [22msanitizes user inputs to prevent XSS[32m 4[2mms[22m[39m
 [32m✓[39m tests/security/security-auth.test.tsx[2m > [22mSecurity & Authentication (Client)[2m > [22mInput Validation and Sanitization[2m > [22mvalidates email formats securely[32m 2[2mms[22m[39m
 [32m✓[39m tests/security/security-auth.test.tsx[2m > [22mSecurity & Authentication (Client)[2m > [22mInput Validation and Sanitization[2m > [22mprevents SQL injection in search queries[32m 3[2mms[22m[39m
 [32m✓[39m tests/security/security-auth.test.tsx[2m > [22mSecurity & Authentication (Client)[2m > [22mInput Validation and Sanitization[2m > [22mvalidates file uploads securely[32m 1[2mms[22m[39m
 [32m✓[39m tests/security/security-auth.test.tsx[2m > [22mSecurity & Authentication (Client)[2m > [22mAuthentication Flow Security[2m > [22mrequires authentication for protected routes[32m 4[2mms[22m[39m
 [32m✓[39m tests/security/security-auth.test.tsx[2m > [22mSecurity & Authentication (Client)[2m > [22mAuthentication Flow Security[2m > [22mvalidates JWT tokens client-side[32m 0[2mms[22m[39m
 [32m✓[39m tests/security/security-auth.test.tsx[2m > [22mSecurity & Authentication (Client)[2m > [22mAuthentication Flow Security[2m > [22mhandles session expiration gracefully[32m 0[2mms[22m[39m
 [32m✓[39m tests/security/security-auth.test.tsx[2m > [22mSecurity & Authentication (Client)[2m > [22mAuthentication Flow Security[2m > [22mprevents token exposure in logs[32m 0[2mms[22m[39m
 [32m✓[39m tests/security/security-auth.test.tsx[2m > [22mSecurity & Authentication (Client)[2m > [22mAPI Security Headers and Requests[2m > [22mincludes CSRF tokens in state-changing requests[32m 2[2mms[22m[39m
 [32m✓[39m tests/security/security-auth.test.tsx[2m > [22mSecurity & Authentication (Client)[2m > [22mAPI Security Headers and Requests[2m > [22mvalidates request origins[32m 0[2mms[22m[39m
 [32m✓[39m tests/security/security-auth.test.tsx[2m > [22mSecurity & Authentication (Client)[2m > [22mAPI Security Headers and Requests[2m > [22mimplements rate limiting for API calls[32m 2[2mms[22m[39m
 [32m✓[39m tests/security/security-auth.test.tsx[2m > [22mSecurity & Authentication (Client)[2m > [22mAPI Security Headers and Requests[2m > [22mhandles HTTPS-only communications[32m 2[2mms[22m[39m
 [32m✓[39m tests/security/security-auth.test.tsx[2m > [22mSecurity & Authentication (Client)[2m > [22mData Protection and Privacy[2m > [22mencrypts sensitive data in localStorage[32m 1[2mms[22m[39m
 [32m✓[39m tests/security/security-auth.test.tsx[2m > [22mSecurity & Authentication (Client)[2m > [22mData Protection and Privacy[2m > [22mimplements data retention policies[32m 0[2mms[22m[39m
 [32m✓[39m tests/security/security-auth.test.tsx[2m > [22mSecurity & Authentication (Client)[2m > [22mData Protection and Privacy[2m > [22mprovides data export functionality[32m 1[2mms[22m[39m
 [32m✓[39m tests/security/security-auth.test.tsx[2m > [22mSecurity & Authentication (Client)[2m > [22mData Protection and Privacy[2m > [22msupports data deletion requests[32m 0[2mms[22m[39m
 [32m✓[39m tests/security/security-auth.test.tsx[2m > [22mSecurity & Authentication (Client)[2m > [22mSecure Error Handling[2m > [22mprevents error messages from leaking sensitive information[32m 1[2mms[22m[39m
 [32m✓[39m tests/security/security-auth.test.tsx[2m > [22mSecurity & Authentication (Client)[2m > [22mSecure Error Handling[2m > [22mlogs security events appropriately[32m 6[2mms[22m[39m
 [32m✓[39m tests/security/security-auth.test.tsx[2m > [22mSecurity & Authentication (Client)[2m > [22mSecure Error Handling[2m > [22mprovides generic error messages to users[32m 1[2mms[22m[39m
[90mstdout[2m | tests/build/build-optimization.test.tsx
[22m[39mRunning tests/setup.ts

[90mstdout[2m | tests/integration/StatsApiResilience.test.tsx
[22m[39mRunning tests/setup.ts

 [32m✓[39m tests/integration/StatsApiResilience.test.tsx[2m > [22mStatsApiResilience[2m > [22mhandles network throttling gracefully[32m 1[2mms[22m[39m
 [32m✓[39m tests/integration/StatsApiResilience.test.tsx[2m > [22mStatsApiResilience[2m > [22mshows Hindi error messages on failure[32m 0[2mms[22m[39m
 [32m✓[39m tests/build/build-optimization.test.tsx[2m > [22mBuild & Bundle Optimisation (tree-shaking, Lighthouse gates: Perf ≥ 90, A11y ≥ 95, Best Practices ≥ 95)[2m > [22mCode Splitting[2m > [22msplits vendor code from app code[32m 4[2mms[22m[39m
 [32m✓[39m tests/build/build-optimization.test.tsx[2m > [22mBuild & Bundle Optimisation (tree-shaking, Lighthouse gates: Perf ≥ 90, A11y ≥ 95, Best Practices ≥ 95)[2m > [22mCode Splitting[2m > [22mlazy loads route components[32m 2[2mms[22m[39m
 [32m✓[39m tests/build/build-optimization.test.tsx[2m > [22mBuild & Bundle Optimisation (tree-shaking, Lighthouse gates: Perf ≥ 90, A11y ≥ 95, Best Practices ≥ 95)[2m > [22mCode Splitting[2m > [22mcreates optimized chunks for pages[32m 3[2mms[22m[39m
 [32m✓[39m tests/build/build-optimization.test.tsx[2m > [22mBuild & Bundle Optimisation (tree-shaking, Lighthouse gates: Perf ≥ 90, A11y ≥ 95, Best Practices ≥ 95)[2m > [22mAsset Optimization[2m > [22mcompresses text assets[32m 1[2mms[22m[39m
 [32m✓[39m tests/build/build-optimization.test.tsx[2m > [22mBuild & Bundle Optimisation (tree-shaking, Lighthouse gates: Perf ≥ 90, A11y ≥ 95, Best Practices ≥ 95)[2m > [22mAsset Optimization[2m > [22moptimizes images[32m 0[2mms[22m[39m
 [32m✓[39m tests/build/build-optimization.test.tsx[2m > [22mBuild & Bundle Optimisation (tree-shaking, Lighthouse gates: Perf ≥ 90, A11y ≥ 95, Best Practices ≥ 95)[2m > [22mAsset Optimization[2m > [22mminifies CSS and JS[32m 2[2mms[22m[39m
 [32m✓[39m tests/build/build-optimization.test.tsx[2m > [22mBuild & Bundle Optimisation (tree-shaking, Lighthouse gates: Perf ≥ 90, A11y ≥ 95, Best Practices ≥ 95)[2m > [22mTree Shaking[2m > [22mremoves unused code[32m 2[2mms[22m[39m
 [32m✓[39m tests/build/build-optimization.test.tsx[2m > [22mBuild & Bundle Optimisation (tree-shaking, Lighthouse gates: Perf ≥ 90, A11y ≥ 95, Best Practices ≥ 95)[2m > [22mTree Shaking[2m > [22mincludes only used dependencies[32m 0[2mms[22m[39m
 [32m✓[39m tests/build/build-optimization.test.tsx[2m > [22mBuild & Bundle Optimisation (tree-shaking, Lighthouse gates: Perf ≥ 90, A11y ≥ 95, Best Practices ≥ 95)[2m > [22mPerformance Budgets[2m > [22mmeets bundle size limits[32m 0[2mms[22m[39m
 [32m✓[39m tests/build/build-optimization.test.tsx[2m > [22mBuild & Bundle Optimisation (tree-shaking, Lighthouse gates: Perf ≥ 90, A11y ≥ 95, Best Practices ≥ 95)[2m > [22mPerformance Budgets[2m > [22machieves good Lighthouse scores[32m 0[2mms[22m[39m
[90mstdout[2m | tests/sanity.test.ts
[22m[39mRunning tests/setup.ts

 [32m✓[39m tests/sanity.test.ts[2m > [22mSanity Check[2m > [22mshould pass[32m 1[2mms[22m[39m
[90mstdout[2m | tests/integration/TabSwitchRaceConditions.test.tsx
[22m[39mRunning tests/setup.ts

 [32m✓[39m tests/integration/TabSwitchRaceConditions.test.tsx[2m > [22mTabSwitchRaceConditions[2m > [22mhandles rapid tab switching without data corruption[32m 15[2mms[22m[39m
[90mstdout[2m | tests/components/BasicTest.test.tsx
[22m[39mRunning tests/setup.ts

[90mstdout[2m | tests/telemetry/ReviewActionEvents.test.tsx
[22m[39mRunning tests/setup.ts

 [32m✓[39m tests/telemetry/ReviewActionEvents.test.tsx[2m > [22mReviewActionEvents[2m > [22memits events on actions[32m 1[2mms[22m[39m
 [32m✓[39m tests/components/BasicTest.test.tsx[2m > [22mBasic Test[2m > [22msimple assertion works[32m 1[2mms[22m[39m
[90mstdout[2m | tests/offline/OfflineReadOnlyMode.test.tsx
[22m[39mRunning tests/setup.ts

 [32m✓[39m tests/offline/OfflineReadOnlyMode.test.tsx[2m > [22mOffline & Telemetry[2m > [22mrenders offline indicator when offline[32m 1[2mms[22m[39m
[90mstdout[2m | tests/accessibility/KeyboardFlow.test.tsx
[22m[39mRunning tests/setup.ts

 [32m✓[39m tests/accessibility/KeyboardFlow.test.tsx[2m > [22mKeyboardFlow[2m > [22msupports keyboard navigation[32m 3[2mms[22m[39m
[90mstdout[2m | tests/components/SimpleUnitTest.test.tsx
[22m[39mRunning tests/setup.ts

 [32m✓[39m tests/components/SimpleUnitTest.test.tsx[2m > [22mSimple Unit Test[2m > [22mbasic math works[32m 1[2mms[22m[39m
 [32m✓[39m tests/components/SimpleUnitTest.test.tsx[2m > [22mSimple Unit Test[2m > [22mstring operations work[32m 0[2mms[22m[39m
[90mstdout[2m | tests/telemetry/ErrorBoundaryReporting.test.tsx
[22m[39mRunning tests/setup.ts

 [32m✓[39m tests/telemetry/ErrorBoundaryReporting.test.tsx[2m > [22mErrorBoundaryReporting[2m > [22mreports errors to telemetry[32m 1[2mms[22m[39m
[90mstdout[2m | tests/integration/ApiResilience.test.tsx
[22m[39mRunning tests/setup.ts

 [32m✓[39m tests/integration/ApiResilience.test.tsx[2m > [22mAPI Resilience & Integration[2m > [22mshows loading state when data is fetching[32m 0[2mms[22m[39m
 [32m✓[39m tests/integration/ApiResilience.test.tsx[2m > [22mAPI Resilience & Integration[2m > [22mshows error message in Hindi on API failure[32m 0[2mms[22m[39m
